

================================================================
== Vivado HLS Report for 'calculateLayer3'
================================================================
* Date:           Thu Dec 16 18:07:25 2021

* Version:        2019.1 (Build 2552052 on Fri May 24 15:28:33 MDT 2019)
* Project:        hlsed_neurons
* Solution:       solution1
* Product family: zynq
* Target device:  xc7z020-clg484-1


================================================================
== Performance Estimates
================================================================
+ Timing (ns): 
    * Summary: 
    +--------+-------+----------+------------+
    |  Clock | Target| Estimated| Uncertainty|
    +--------+-------+----------+------------+
    |ap_clk  |  10.00|     9.514|        1.25|
    +--------+-------+----------+------------+

+ Latency (clock cycles): 
    * Summary: 
    +---------+---------+---------+---------+---------+
    |      Latency      |      Interval     | Pipeline|
    |   min   |   max   |   min   |   max   |   Type  |
    +---------+---------+---------+---------+---------+
    |  1194401|  1286901|  1194401|  1286901|   none  |
    +---------+---------+---------+---------+---------+

    + Detail: 
        * Instance: 
        +----------------------------------+-----------------------+-----+-----+-----+-----+---------+
        |                                  |                       |  Latency  |  Interval | Pipeline|
        |             Instance             |         Module        | min | max | min | max |   Type  |
        +----------------------------------+-----------------------+-----+-----+-----+-----+---------+
        |grp_generic_tanh_double_s_fu_318  |generic_tanh_double_s  |    1|   75|    1|   75|   none  |
        +----------------------------------+-----------------------+-----+-----+-----+-----+---------+

        * Loop: 
        +-------------------------+---------+---------+---------------+-----------+-----------+------+----------+
        |                         |      Latency      |   Iteration   |  Initiation Interval  | Trip |          |
        |        Loop Name        |   min   |   max   |    Latency    |  achieved |   target  | Count| Pipelined|
        +-------------------------+---------+---------+---------------+-----------+-----------+------+----------+
        |- Loop 1                 |  1194400|  1286900| 23888 ~ 25738 |          -|          -|    50|    no    |
        | + Loop 1.1              |    23885|    25735|  4777 ~ 5147  |          -|          -|     5|    no    |
        |  ++ Loop 1.1.1          |     4775|     5145|   955 ~ 1029  |          -|          -|     5|    no    |
        |   +++ Loop 1.1.1.1      |      935|      935|            187|          -|          -|     5|    no    |
        |    ++++ Loop 1.1.1.1.1  |      185|      185|             37|          -|          -|     5|    no    |
        +-------------------------+---------+---------+---------------+-----------+-----------+------+----------+



================================================================
== Utilization Estimates
================================================================
* Summary: 
+-----------------+---------+-------+--------+-------+-----+
|       Name      | BRAM_18K| DSP48E|   FF   |  LUT  | URAM|
+-----------------+---------+-------+--------+-------+-----+
|DSP              |        -|      -|       -|      -|    -|
|Expression       |        -|      0|       0|    713|    -|
|FIFO             |        -|      -|       -|      -|    -|
|Instance         |       15|     38|    9007|  12348|    -|
|Memory           |       16|      -|       0|      0|    -|
|Multiplexer      |        -|      -|       -|    491|    -|
|Register         |        -|      -|     831|      -|    -|
+-----------------+---------+-------+--------+-------+-----+
|Total            |       31|     38|    9838|  13552|    0|
+-----------------+---------+-------+--------+-------+-----+
|Available        |      280|    220|  106400|  53200|    0|
+-----------------+---------+-------+--------+-------+-----+
|Utilization (%)  |       11|     17|       9|     25|    0|
+-----------------+---------+-------+--------+-------+-----+

+ Detail: 
    * Instance: 
    +-------------------------------------------+---------------------------------------+---------+-------+------+-------+-----+
    |                  Instance                 |                 Module                | BRAM_18K| DSP48E|  FF  |  LUT  | URAM|
    +-------------------------------------------+---------------------------------------+---------+-------+------+-------+-----+
    |grp_generic_tanh_double_s_fu_318           |generic_tanh_double_s                  |       15|     19|  7971|  10323|    0|
    |nerons_dmul_64ns_64ns_64_6_max_dsp_1_U29   |nerons_dmul_64ns_64ns_64_6_max_dsp_1   |        0|     11|   317|    578|    0|
    |nerons_fadd_32ns_32ns_32_5_full_dsp_1_U24  |nerons_fadd_32ns_32ns_32_5_full_dsp_1  |        0|      2|   205|    390|    0|
    |nerons_fmul_32ns_32ns_32_4_max_dsp_1_U25   |nerons_fmul_32ns_32ns_32_4_max_dsp_1   |        0|      3|   143|    321|    0|
    |nerons_fmul_32ns_32ns_32_4_max_dsp_1_U26   |nerons_fmul_32ns_32ns_32_4_max_dsp_1   |        0|      3|   143|    321|    0|
    |nerons_fpext_32ns_64_2_1_U28               |nerons_fpext_32ns_64_2_1               |        0|      0|   100|    138|    0|
    |nerons_fptrunc_64ns_32_2_1_U27             |nerons_fptrunc_64ns_32_2_1             |        0|      0|   128|    277|    0|
    +-------------------------------------------+---------------------------------------+---------+-------+------+-------+-----+
    |Total                                      |                                       |       15|     38|  9007|  12348|    0|
    +-------------------------------------------+---------------------------------------+---------+-------+------+-------+-----+

    * DSP48E: 
    N/A

    * Memory: 
    +----------------------+------------------------------------+---------+---+----+-----+------+-----+------+-------------+
    |        Memory        |               Module               | BRAM_18K| FF| LUT| URAM| Words| Bits| Banks| W*Bits*Banks|
    +----------------------+------------------------------------+---------+---+----+-----+------+-----+------+-------------+
    |Layer2_Weights_CPU_U  |calculateLayer3_Layer2_Weights_CPU  |       16|  0|   0|    0|  7800|   32|     1|       249600|
    +----------------------+------------------------------------+---------+---+----+-----+------+-----+------+-------------+
    |Total                 |                                    |       16|  0|   0|    0|  7800|   32|     1|       249600|
    +----------------------+------------------------------------+---------+---+----+-----+------+-----+------+-------------+

    * FIFO: 
    N/A

    * Expression: 
    +----------------------+----------+-------+---+----+------------+------------+
    |     Variable Name    | Operation| DSP48E| FF| LUT| Bitwidth P0| Bitwidth P1|
    +----------------------+----------+-------+---+----+------------+------------+
    |mul_ln28_fu_539_p2    |     *    |      0|  0|  13|           4|           4|
    |add_ln28_1_fu_605_p2  |     +    |      0|  0|  15|           5|           5|
    |add_ln28_2_fu_686_p2  |     +    |      0|  0|  21|          15|          15|
    |add_ln28_3_fu_596_p2  |     +    |      0|  0|  13|           4|           4|
    |add_ln28_4_fu_615_p2  |     +    |      0|  0|  17|           8|           8|
    |add_ln28_5_fu_610_p2  |     +    |      0|  0|  17|           8|           8|
    |add_ln28_fu_530_p2    |     +    |      0|  0|  13|           4|           4|
    |add_ln29_1_fu_545_p2  |     +    |      0|  0|  15|           8|           8|
    |add_ln29_2_fu_720_p2  |     +    |      0|  0|  15|           8|           8|
    |add_ln29_3_fu_729_p2  |     +    |      0|  0|  15|           9|           9|
    |add_ln29_fu_710_p2    |     +    |      0|  0|  39|          32|          32|
    |add_ln30_1_fu_752_p2  |     +    |      0|  0|  17|           9|           9|
    |add_ln30_2_fu_757_p2  |     +    |      0|  0|  17|           9|           9|
    |add_ln30_fu_739_p2    |     +    |      0|  0|  21|          15|          15|
    |add_ln31_1_fu_786_p2  |     +    |      0|  0|  21|          15|          15|
    |add_ln31_2_fu_620_p2  |     +    |      0|  0|  13|           4|           4|
    |add_ln31_3_fu_634_p2  |     +    |      0|  0|  14|          10|          10|
    |add_ln31_fu_777_p2    |     +    |      0|  0|  15|           9|           2|
    |add_ln32_1_fu_813_p2  |     +    |      0|  0|  21|          15|          15|
    |add_ln32_2_fu_639_p2  |     +    |      0|  0|  17|          10|          10|
    |add_ln32_3_fu_645_p2  |     +    |      0|  0|  17|          10|          10|
    |add_ln32_fu_804_p2    |     +    |      0|  0|  15|           9|           3|
    |add_ln33_1_fu_840_p2  |     +    |      0|  0|  21|          15|          15|
    |add_ln33_2_fu_767_p2  |     +    |      0|  0|  17|           9|           9|
    |add_ln33_3_fu_772_p2  |     +    |      0|  0|  17|           9|           9|
    |add_ln33_fu_831_p2    |     +    |      0|  0|  15|           9|           3|
    |add_ln35_1_fu_563_p2  |     +    |      0|  0|  17|          11|          11|
    |add_ln35_2_fu_558_p2  |     +    |      0|  0|  17|          11|          11|
    |add_ln35_3_fu_383_p2  |     +    |      0|  0|  13|          11|           5|
    |add_ln35_4_fu_389_p2  |     +    |      0|  0|  17|          13|           8|
    |add_ln35_fu_468_p2    |     +    |      0|  0|  15|           5|           5|
    |i_fu_401_p2           |     +    |      0|  0|  15|           6|           1|
    |j_fu_446_p2           |     +    |      0|  0|  12|           3|           1|
    |k_fu_488_p2           |     +    |      0|  0|  12|           3|           1|
    |m_fu_516_p2           |     +    |      0|  0|  12|           3|           1|
    |n_fu_590_p2           |     +    |      0|  0|  12|           3|           1|
    |sub_ln28_fu_672_p2    |     -    |      0|  0|  15|           9|           9|
    |icmp_ln20_fu_395_p2   |   icmp   |      0|  0|  11|           6|           5|
    |icmp_ln21_fu_440_p2   |   icmp   |      0|  0|   9|           3|           3|
    |icmp_ln22_fu_482_p2   |   icmp   |      0|  0|   9|           3|           3|
    |icmp_ln25_fu_510_p2   |   icmp   |      0|  0|   9|           3|           3|
    |icmp_ln26_fu_584_p2   |   icmp   |      0|  0|   9|           3|           3|
    |or_ln28_fu_412_p2     |    or    |      0|  0|  13|          13|           1|
    |or_ln29_fu_704_p2     |    or    |      0|  0|  32|          32|           1|
    |or_ln30_fu_426_p2     |    or    |      0|  0|  13|          13|           2|
    +----------------------+----------+-------+---+----+------------+------------+
    |Total                 |          |      0|  0| 713|         416|         318|
    +----------------------+----------+-------+---+----+------------+------------+

    * Multiplexer: 
    +-----------------------------+-----+-----------+-----+-----------+
    |             Name            | LUT | Input Size| Bits| Total Bits|
    +-----------------------------+-----+-----------+-----+-----------+
    |Layer2_Neurons_CPU_address0  |   21|          4|   10|         40|
    |Layer2_Neurons_CPU_address1  |   21|          4|   10|         40|
    |Layer2_Weights_CPU_address0  |   38|          7|   13|         91|
    |ap_NS_fsm                    |  261|         61|    1|         61|
    |grp_fu_329_p0                |   15|          3|   32|         96|
    |grp_fu_329_p1                |   15|          3|   32|         96|
    |grp_fu_350_p0                |   15|          3|   64|        192|
    |grp_fu_350_p1                |   15|          3|   64|        192|
    |i_0_reg_217                  |    9|          2|    6|         12|
    |j_0_reg_252                  |    9|          2|    3|          6|
    |k_0_reg_263                  |    9|          2|    3|          6|
    |m_0_reg_284                  |    9|          2|    3|          6|
    |n_0_reg_307                  |    9|          2|    3|          6|
    |phi_mul1_reg_240             |    9|          2|   11|         22|
    |phi_mul_reg_228              |    9|          2|   13|         26|
    |reg_361                      |    9|          2|   32|         64|
    |somme_0_reg_274              |    9|          2|   32|         64|
    |somme_1_reg_295              |    9|          2|   32|         64|
    +-----------------------------+-----+-----------+-----+-----------+
    |Total                        |  491|        108|  364|       1084|
    +-----------------------------+-----+-----------+-----+-----------+

    * Register: 
    +-----------------------------------------------+----+----+-----+-----------+
    |                      Name                     | FF | LUT| Bits| Const Bits|
    +-----------------------------------------------+----+----+-----+-----------+
    |Layer2_Neurons_CPU_l_1_reg_1066                |  32|   0|   32|          0|
    |Layer2_Weights_CPU_l_1_reg_1061                |  32|   0|   32|          0|
    |add_ln28_1_reg_1008                            |   5|   0|    5|          0|
    |add_ln28_4_reg_1014                            |   8|   0|    8|          0|
    |add_ln30_reg_1056                              |  14|   0|   15|          1|
    |add_ln31_3_reg_1019                            |  10|   0|   10|          0|
    |add_ln32_3_reg_1024                            |  10|   0|   10|          0|
    |add_ln33_1_reg_1111                            |  14|   0|   15|          1|
    |add_ln33_3_reg_1086                            |   9|   0|    9|          0|
    |add_ln35_1_reg_984                             |  11|   0|   11|          0|
    |add_ln35_3_reg_865                             |  11|   0|   11|          0|
    |add_ln35_4_reg_870                             |  13|   0|   13|          0|
    |ap_CS_fsm                                      |  60|   0|   60|          0|
    |grp_generic_tanh_double_s_fu_318_ap_start_reg  |   1|   0|    1|          0|
    |i_0_reg_217                                    |   6|   0|    6|          0|
    |i_reg_878                                      |   6|   0|    6|          0|
    |j_0_reg_252                                    |   3|   0|    3|          0|
    |j_reg_914                                      |   3|   0|    3|          0|
    |k_0_reg_263                                    |   3|   0|    3|          0|
    |k_reg_937                                      |   3|   0|    3|          0|
    |m_0_reg_284                                    |   3|   0|    3|          0|
    |m_reg_956                                      |   3|   0|    3|          0|
    |mul_ln28_reg_966                               |   8|   0|    8|          0|
    |n_0_reg_307                                    |   3|   0|    3|          0|
    |n_reg_1003                                     |   3|   0|    3|          0|
    |phi_mul1_reg_240                               |  11|   0|   11|          0|
    |phi_mul_reg_228                                |  13|   0|   13|          0|
    |reg_356                                        |  32|   0|   32|          0|
    |reg_361                                        |  32|   0|   32|          0|
    |reg_367                                        |  32|   0|   32|          0|
    |reg_372                                        |  32|   0|   32|          0|
    |reg_377                                        |  64|   0|   64|          0|
    |shl_ln28_1_reg_919                             |   3|   0|    4|          1|
    |shl_ln28_2_reg_961                             |   3|   0|    5|          2|
    |somme_0_reg_274                                |  32|   0|   32|          0|
    |somme_1_reg_295                                |  32|   0|   32|          0|
    |somme_reg_906                                  |  32|   0|   32|          0|
    |sub_ln28_reg_1029                              |   8|   0|    9|          1|
    |tmp_2_reg_1071                                 |  32|   0|   32|          0|
    |tmp_i_reg_1136                                 |  64|   0|   64|          0|
    |tmp_reg_1131                                   |  64|   0|   64|          0|
    |zext_ln22_reg_929                              |   3|   0|   11|          8|
    |zext_ln25_reg_948                              |   3|   0|    4|          1|
    |zext_ln26_1_reg_989                            |   3|   0|    9|          6|
    |zext_ln26_3_reg_995                            |   3|   0|    8|          5|
    |zext_ln28_2_reg_888                            |  12|   0|   32|         20|
    |zext_ln28_3_reg_893                            |  12|   0|   15|          3|
    |zext_ln28_4_reg_942                            |   3|   0|    8|          5|
    |zext_ln29_2_reg_971                            |   8|   0|    9|          1|
    |zext_ln30_2_reg_901                            |  11|   0|   15|          4|
    |zext_ln31_2_reg_978                            |   8|   0|   10|          2|
    |zext_ln35_1_reg_924                            |   5|   0|   11|          6|
    +-----------------------------------------------+----+----+-----+-----------+
    |Total                                          | 831|   0|  898|         67|
    +-----------------------------------------------+----+----+-----+-----------+



================================================================
== Interface
================================================================
* Summary: 
+-----------------------------+-----+-----+------------+--------------------+--------------+
|          RTL Ports          | Dir | Bits|  Protocol  |    Source Object   |    C Type    |
+-----------------------------+-----+-----+------------+--------------------+--------------+
|ap_clk                       |  in |    1| ap_ctrl_hs |   calculateLayer3  | return value |
|ap_rst                       |  in |    1| ap_ctrl_hs |   calculateLayer3  | return value |
|ap_start                     |  in |    1| ap_ctrl_hs |   calculateLayer3  | return value |
|ap_done                      | out |    1| ap_ctrl_hs |   calculateLayer3  | return value |
|ap_idle                      | out |    1| ap_ctrl_hs |   calculateLayer3  | return value |
|ap_ready                     | out |    1| ap_ctrl_hs |   calculateLayer3  | return value |
|Layer2_Neurons_CPU_address0  | out |   10|  ap_memory | Layer2_Neurons_CPU |     array    |
|Layer2_Neurons_CPU_ce0       | out |    1|  ap_memory | Layer2_Neurons_CPU |     array    |
|Layer2_Neurons_CPU_q0        |  in |   32|  ap_memory | Layer2_Neurons_CPU |     array    |
|Layer2_Neurons_CPU_address1  | out |   10|  ap_memory | Layer2_Neurons_CPU |     array    |
|Layer2_Neurons_CPU_ce1       | out |    1|  ap_memory | Layer2_Neurons_CPU |     array    |
|Layer2_Neurons_CPU_q1        |  in |   32|  ap_memory | Layer2_Neurons_CPU |     array    |
|Layer3_Neurons_CPU_address0  | out |   11|  ap_memory | Layer3_Neurons_CPU |     array    |
|Layer3_Neurons_CPU_ce0       | out |    1|  ap_memory | Layer3_Neurons_CPU |     array    |
|Layer3_Neurons_CPU_we0       | out |    1|  ap_memory | Layer3_Neurons_CPU |     array    |
|Layer3_Neurons_CPU_d0        | out |   32|  ap_memory | Layer3_Neurons_CPU |     array    |
+-----------------------------+-----+-----+------------+--------------------+--------------+

