15:30:12 **** Incremental Build of configuration Debug for project cpu_prof ****
make pre-build main-build 
a9-linaro-pre-build-step
 
make: Nothing to be done for 'main-build'.
15:30:21 **** Incremental Build of configuration Debug for project cpu_prof ****
make pre-build main-build 
a9-linaro-pre-build-step
 
make: Nothing to be done for 'main-build'.
15:31:40 **** Auto Build of configuration Debug for project cpu_prof ****
make pre-build main-build 
a9-linaro-pre-build-step
 
Building file: ../src/main.c
Invoking: ARM v7 gcc compiler
arm-none-eabi-gcc -Wall -O0 -g3 -c -fmessage-length=0 -MT"src/main.o" -mcpu=cortex-a9 -mfpu=vfpv3 -mfloat-abi=hard -I../../cpu_prof_bsp/ps7_cortexa9_0/include -MMD -MP -MF"src/main.d" -MT"src/main.o" -o "src/main.o" "../src/main.c"
In file included from ../src/main.c:8:
../../cpu_prof_bsp/ps7_cortexa9_0/include/xtime_l.h:87:9: note: #pragma message: For the sleep routines, Global timer is being used
 #pragma message ("For the sleep routines, Global timer is being used")
         ^~~~~~~
Finished building: ../src/main.c
 
Building target: cpu_prof.elf
Invoking: ARM v7 gcc linker
arm-none-eabi-gcc -mcpu=cortex-a9 -mfpu=vfpv3 -mfloat-abi=hard -Wl,-build-id=none -specs=Xilinx.spec -Wl,-T -Wl,../src/lscript.ld -L../../cpu_prof_bsp/ps7_cortexa9_0/lib -o "cpu_prof.elf" ./src/fonctions_ES.o ./src/main.o ./src/platform.o ./src/timers_b.o ./src/wei.o   -lm -Wl,--start-group,-lxil,-lgcc,-lc,--end-group
Finished building target: cpu_prof.elf
 
Invoking: ARM v7 Print Size
arm-none-eabi-size cpu_prof.elf  |tee "cpu_prof.elf.size"
   text	   data	    bss	    dec	    hex	filename
  69612	 538848	  23328	 631788	  9a3ec	cpu_prof.elf
Finished building: cpu_prof.elf.size
 
15:31:54 **** Incremental Build of configuration Debug for project cpu_prof ****
make pre-build main-build 
a9-linaro-pre-build-step
 
make: Nothing to be done for 'main-build'.
15:32:47 **** Auto Build of configuration Debug for project cpu_prof ****
make pre-build main-build 
a9-linaro-pre-build-step
 
Building file: ../src/main.c
Invoking: ARM v7 gcc compiler
arm-none-eabi-gcc -Wall -O0 -g3 -c -fmessage-length=0 -MT"src/main.o" -mcpu=cortex-a9 -mfpu=vfpv3 -mfloat-abi=hard -I../../cpu_prof_bsp/ps7_cortexa9_0/include -MMD -MP -MF"src/main.d" -MT"src/main.o" -o "src/main.o" "../src/main.c"
In file included from ../src/main.c:8:
../../cpu_prof_bsp/ps7_cortexa9_0/include/xtime_l.h:87:9: note: #pragma message: For the sleep routines, Global timer is being used
 #pragma message ("For the sleep routines, Global timer is being used")
         ^~~~~~~
Finished building: ../src/main.c
 
Building target: cpu_prof.elf
Invoking: ARM v7 gcc linker
arm-none-eabi-gcc -mcpu=cortex-a9 -mfpu=vfpv3 -mfloat-abi=hard -Wl,-build-id=none -specs=Xilinx.spec -Wl,-T -Wl,../src/lscript.ld -L../../cpu_prof_bsp/ps7_cortexa9_0/lib -o "cpu_prof.elf" ./src/fonctions_ES.o ./src/main.o ./src/platform.o ./src/timers_b.o ./src/wei.o   -lm -Wl,--start-group,-lxil,-lgcc,-lc,--end-group
Finished building target: cpu_prof.elf
 
Invoking: ARM v7 Print Size
arm-none-eabi-size cpu_prof.elf  |tee "cpu_prof.elf.size"
   text	   data	    bss	    dec	    hex	filename
  69744	 538848	  23328	 631920	  9a470	cpu_prof.elf
Finished building: cpu_prof.elf.size
 
15:33:02 **** Incremental Build of configuration Debug for project cpu_prof ****
make pre-build main-build 
a9-linaro-pre-build-step
 
make: Nothing to be done for 'main-build'.
15:42:25 **** Auto Build of configuration Debug for project cpu_prof ****
make pre-build main-build 
a9-linaro-pre-build-step
 
Building file: ../src/main.c
Invoking: ARM v7 gcc compiler
arm-none-eabi-gcc -Wall -O0 -g3 -c -fmessage-length=0 -MT"src/main.o" -mcpu=cortex-a9 -mfpu=vfpv3 -mfloat-abi=hard -I../../cpu_prof_bsp/ps7_cortexa9_0/include -MMD -MP -MF"src/main.d" -MT"src/main.o" -o "src/main.o" "../src/main.c"
In file included from ../src/main.c:8:
../../cpu_prof_bsp/ps7_cortexa9_0/include/xtime_l.h:87:9: note: #pragma message: For the sleep routines, Global timer is being used
 #pragma message ("For the sleep routines, Global timer is being used")
         ^~~~~~~
../src/main.c: In function 'main':
../src/main.c:27:2: warning: implicit declaration of function 'sleep' [-Wimplicit-function-declaration]
  sleep(15);
  ^~~~~
Finished building: ../src/main.c
 
Building target: cpu_prof.elf
Invoking: ARM v7 gcc linker
arm-none-eabi-gcc -mcpu=cortex-a9 -mfpu=vfpv3 -mfloat-abi=hard -Wl,-build-id=none -specs=Xilinx.spec -Wl,-T -Wl,../src/lscript.ld -L../../cpu_prof_bsp/ps7_cortexa9_0/lib -o "cpu_prof.elf" ./src/fonctions_ES.o ./src/main.o ./src/platform.o ./src/timers_b.o ./src/wei.o   -lm -Wl,--start-group,-lxil,-lgcc,-lc,--end-group
Finished building target: cpu_prof.elf
 
Invoking: ARM v7 Print Size
arm-none-eabi-size cpu_prof.elf  |tee "cpu_prof.elf.size"
   text	   data	    bss	    dec	    hex	filename
  69872	 538848	  23328	 632048	  9a4f0	cpu_prof.elf
Finished building: cpu_prof.elf.size
 
15:43:09 **** Auto Build of configuration Debug for project cpu_prof ****
make pre-build main-build 
a9-linaro-pre-build-step
 
Building file: ../src/main.c
Invoking: ARM v7 gcc compiler
arm-none-eabi-gcc -Wall -O0 -g3 -c -fmessage-length=0 -MT"src/main.o" -mcpu=cortex-a9 -mfpu=vfpv3 -mfloat-abi=hard -I../../cpu_prof_bsp/ps7_cortexa9_0/include -MMD -MP -MF"src/main.d" -MT"src/main.o" -o "src/main.o" "../src/main.c"
In file included from ../src/main.c:8:
../../cpu_prof_bsp/ps7_cortexa9_0/include/xtime_l.h:87:9: note: #pragma message: For the sleep routines, Global timer is being used
 #pragma message ("For the sleep routines, Global timer is being used")
         ^~~~~~~
Finished building: ../src/main.c
 
Building target: cpu_prof.elf
Invoking: ARM v7 gcc linker
arm-none-eabi-gcc -mcpu=cortex-a9 -mfpu=vfpv3 -mfloat-abi=hard -Wl,-build-id=none -specs=Xilinx.spec -Wl,-T -Wl,../src/lscript.ld -L../../cpu_prof_bsp/ps7_cortexa9_0/lib -o "cpu_prof.elf" ./src/fonctions_ES.o ./src/main.o ./src/platform.o ./src/timers_b.o ./src/wei.o   -lm -Wl,--start-group,-lxil,-lgcc,-lc,--end-group
Finished building target: cpu_prof.elf
 
Invoking: ARM v7 Print Size
arm-none-eabi-size cpu_prof.elf  |tee "cpu_prof.elf.size"
   text	   data	    bss	    dec	    hex	filename
  69744	 538848	  23328	 631920	  9a470	cpu_prof.elf
Finished building: cpu_prof.elf.size
 
15:43:18 **** Incremental Build of configuration Debug for project cpu_prof ****
make pre-build main-build 
a9-linaro-pre-build-step
 
make: Nothing to be done for 'main-build'.
15:46:21 **** Auto Build of configuration Debug for project cpu_prof ****
make pre-build main-build 
a9-linaro-pre-build-step
 
make: Nothing to be done for 'main-build'.
15:46:36 **** Auto Build of configuration Debug for project cpu_prof ****
make pre-build main-build 
a9-linaro-pre-build-step
 
Building file: ../src/main.c
Invoking: ARM v7 gcc compiler
arm-none-eabi-gcc -Wall -O0 -g3 -c -fmessage-length=0 -MT"src/main.o" -mcpu=cortex-a9 -mfpu=vfpv3 -mfloat-abi=hard -I../../cpu_prof_bsp/ps7_cortexa9_0/include -MMD -MP -MF"src/main.d" -MT"src/main.o" -o "src/main.o" "../src/main.c"
In file included from ../src/main.c:8:
../../cpu_prof_bsp/ps7_cortexa9_0/include/xtime_l.h:87:9: note: #pragma message: For the sleep routines, Global timer is being used
 #pragma message ("For the sleep routines, Global timer is being used")
         ^~~~~~~
Finished building: ../src/main.c
 
Building target: cpu_prof.elf
Invoking: ARM v7 gcc linker
arm-none-eabi-gcc -mcpu=cortex-a9 -mfpu=vfpv3 -mfloat-abi=hard -Wl,-build-id=none -specs=Xilinx.spec -Wl,-T -Wl,../src/lscript.ld -L../../cpu_prof_bsp/ps7_cortexa9_0/lib -o "cpu_prof.elf" ./src/fonctions_ES.o ./src/main.o ./src/platform.o ./src/timers_b.o ./src/wei.o   -lm -Wl,--start-group,-lxil,-lgcc,-lc,--end-group
Finished building target: cpu_prof.elf
 
Invoking: ARM v7 Print Size
arm-none-eabi-size cpu_prof.elf  |tee "cpu_prof.elf.size"
   text	   data	    bss	    dec	    hex	filename
  69744	 538848	  23328	 631920	  9a470	cpu_prof.elf
Finished building: cpu_prof.elf.size
 
15:46:47 **** Incremental Build of configuration Debug for project cpu_prof ****
make pre-build main-build 
a9-linaro-pre-build-step
 
make: Nothing to be done for 'main-build'.
15:48:44 **** Auto Build of configuration Debug for project cpu_prof ****
make pre-build main-build 
a9-linaro-pre-build-step
 
make: Nothing to be done for 'main-build'.
15:50:02 **** Incremental Build of configuration Debug for project cpu_prof ****
make pre-build main-build 
a9-linaro-pre-build-step
 
make: Nothing to be done for 'main-build'.
15:50:34 **** Incremental Build of configuration Debug for project cpu_prof ****
make pre-build main-build 
a9-linaro-pre-build-step
 
make: Nothing to be done for 'main-build'.
15:52:24 **** Incremental Build of configuration Debug for project cpu_prof ****
make pre-build main-build 
a9-linaro-pre-build-step
 
make: Nothing to be done for 'main-build'.
15:59:51 **** Incremental Build of configuration Debug for project cpu_prof ****
make pre-build main-build 
a9-linaro-pre-build-step
 
make: Nothing to be done for 'main-build'.
16:03:30 **** Incremental Build of configuration Debug for project cpu_prof ****
make pre-build main-build 
a9-linaro-pre-build-step
 
make: Nothing to be done for 'main-build'.
16:04:09 **** Incremental Build of configuration Debug for project cpu_prof ****
make pre-build main-build 
a9-linaro-pre-build-step
 
make: Nothing to be done for 'main-build'.
16:04:37 **** Auto Build of configuration Debug for project cpu_prof ****
make pre-build main-build 
a9-linaro-pre-build-step
 
Building file: ../src/main.c
Invoking: ARM v7 gcc compiler
arm-none-eabi-gcc -Wall -O0 -g3 -c -fmessage-length=0 -MT"src/main.o" -mcpu=cortex-a9 -mfpu=vfpv3 -mfloat-abi=hard -I../../cpu_prof_bsp/ps7_cortexa9_0/include -MMD -MP -MF"src/main.d" -MT"src/main.o" -o "src/main.o" "../src/main.c"
In file included from ../src/main.c:8:
../../cpu_prof_bsp/ps7_cortexa9_0/include/xtime_l.h:87:9: note: #pragma message: For the sleep routines, Global timer is being used
 #pragma message ("For the sleep routines, Global timer is being used")
         ^~~~~~~
Finished building: ../src/main.c
 
Building target: cpu_prof.elf
Invoking: ARM v7 gcc linker
arm-none-eabi-gcc -mcpu=cortex-a9 -mfpu=vfpv3 -mfloat-abi=hard -Wl,-build-id=none -specs=Xilinx.spec -Wl,-T -Wl,../src/lscript.ld -L../../cpu_prof_bsp/ps7_cortexa9_0/lib -o "cpu_prof.elf" ./src/fonctions_ES.o ./src/main.o ./src/platform.o ./src/timers_b.o ./src/wei.o   -lm -Wl,--start-group,-lxil,-lgcc,-lc,--end-group
Finished building target: cpu_prof.elf
 
Invoking: ARM v7 Print Size
arm-none-eabi-size cpu_prof.elf  |tee "cpu_prof.elf.size"
   text	   data	    bss	    dec	    hex	filename
  69612	 538848	  23328	 631788	  9a3ec	cpu_prof.elf
Finished building: cpu_prof.elf.size
 
16:04:41 **** Incremental Build of configuration Debug for project cpu_prof ****
make pre-build main-build 
a9-linaro-pre-build-step
 
make: Nothing to be done for 'main-build'.
16:11:27 **** Incremental Build of configuration Debug for project cpu_prof ****
make pre-build main-build 
a9-linaro-pre-build-step
 
make: Nothing to be done for 'main-build'.
16:13:16 **** Auto Build of configuration Debug for project cpu_prof ****
make pre-build main-build 
a9-linaro-pre-build-step
 
Building file: ../src/main.c
Invoking: ARM v7 gcc compiler
arm-none-eabi-gcc -Wall -O0 -g3 -c -fmessage-length=0 -MT"src/main.o" -mcpu=cortex-a9 -mfpu=vfpv3 -mfloat-abi=hard -I../../cpu_prof_bsp/ps7_cortexa9_0/include -MMD -MP -MF"src/main.d" -MT"src/main.o" -o "src/main.o" "../src/main.c"
In file included from ../src/main.c:8:
../../cpu_prof_bsp/ps7_cortexa9_0/include/xtime_l.h:87:9: note: #pragma message: For the sleep routines, Global timer is being used
 #pragma message ("For the sleep routines, Global timer is being used")
         ^~~~~~~
Finished building: ../src/main.c
 
Building target: cpu_prof.elf
Invoking: ARM v7 gcc linker
arm-none-eabi-gcc -mcpu=cortex-a9 -mfpu=vfpv3 -mfloat-abi=hard -Wl,-build-id=none -specs=Xilinx.spec -Wl,-T -Wl,../src/lscript.ld -L../../cpu_prof_bsp/ps7_cortexa9_0/lib -o "cpu_prof.elf" ./src/fonctions_ES.o ./src/main.o ./src/platform.o ./src/timers_b.o ./src/wei.o   -lm -Wl,--start-group,-lxil,-lgcc,-lc,--end-group
Finished building target: cpu_prof.elf
 
Invoking: ARM v7 Print Size
arm-none-eabi-size cpu_prof.elf  |tee "cpu_prof.elf.size"
   text	   data	    bss	    dec	    hex	filename
  66972	 538848	  23328	 629148	  9999c	cpu_prof.elf
Finished building: cpu_prof.elf.size
 
16:13:22 **** Incremental Build of configuration Debug for project cpu_prof ****
make pre-build main-build 
a9-linaro-pre-build-step
 
make: Nothing to be done for 'main-build'.
16:15:29 **** Auto Build of configuration Debug for project cpu_prof ****
make pre-build main-build 
a9-linaro-pre-build-step
 
Building file: ../src/main.c
Invoking: ARM v7 gcc compiler
arm-none-eabi-gcc -Wall -O0 -g3 -c -fmessage-length=0 -MT"src/main.o" -mcpu=cortex-a9 -mfpu=vfpv3 -mfloat-abi=hard -I../../cpu_prof_bsp/ps7_cortexa9_0/include -MMD -MP -MF"src/main.d" -MT"src/main.o" -o "src/main.o" "../src/main.c"
In file included from ../src/main.c:8:
../../cpu_prof_bsp/ps7_cortexa9_0/include/xtime_l.h:87:9: note: #pragma message: For the sleep routines, Global timer is being used
 #pragma message ("For the sleep routines, Global timer is being used")
         ^~~~~~~
Finished building: ../src/main.c
 
Building target: cpu_prof.elf
Invoking: ARM v7 gcc linker
arm-none-eabi-gcc -mcpu=cortex-a9 -mfpu=vfpv3 -mfloat-abi=hard -Wl,-build-id=none -specs=Xilinx.spec -Wl,-T -Wl,../src/lscript.ld -L../../cpu_prof_bsp/ps7_cortexa9_0/lib -o "cpu_prof.elf" ./src/fonctions_ES.o ./src/main.o ./src/platform.o ./src/timers_b.o ./src/wei.o   -lm -Wl,--start-group,-lxil,-lgcc,-lc,--end-group
Finished building target: cpu_prof.elf
 
Invoking: ARM v7 Print Size
arm-none-eabi-size cpu_prof.elf  |tee "cpu_prof.elf.size"
   text	   data	    bss	    dec	    hex	filename
  66972	 538848	  23328	 629148	  9999c	cpu_prof.elf
Finished building: cpu_prof.elf.size
 
16:15:32 **** Incremental Build of configuration Debug for project cpu_prof ****
make pre-build main-build 
a9-linaro-pre-build-step
 
make: Nothing to be done for 'main-build'.
16:16:23 **** Incremental Build of configuration Debug for project cpu_prof ****
make pre-build main-build 
a9-linaro-pre-build-step
 
make: Nothing to be done for 'main-build'.
16:16:54 **** Incremental Build of configuration Debug for project cpu_prof ****
make pre-build main-build 
a9-linaro-pre-build-step
 
make: Nothing to be done for 'main-build'.
16:19:29 **** Incremental Build of configuration Debug for project cpu_prof ****
make pre-build main-build 
a9-linaro-pre-build-step
 
make: Nothing to be done for 'main-build'.
16:20:43 **** Auto Build of configuration Debug for project cpu_prof ****
make pre-build main-build 
a9-linaro-pre-build-step
 
Building file: ../src/main.c
Invoking: ARM v7 gcc compiler
arm-none-eabi-gcc -Wall -O0 -g3 -c -fmessage-length=0 -MT"src/main.o" -mcpu=cortex-a9 -mfpu=vfpv3 -mfloat-abi=hard -I../../cpu_prof_bsp/ps7_cortexa9_0/include -MMD -MP -MF"src/main.d" -MT"src/main.o" -o "src/main.o" "../src/main.c"
In file included from ../src/main.c:8:
../../cpu_prof_bsp/ps7_cortexa9_0/include/xtime_l.h:87:9: note: #pragma message: For the sleep routines, Global timer is being used
 #pragma message ("For the sleep routines, Global timer is being used")
         ^~~~~~~
Finished building: ../src/main.c
 
Building target: cpu_prof.elf
Invoking: ARM v7 gcc linker
arm-none-eabi-gcc -mcpu=cortex-a9 -mfpu=vfpv3 -mfloat-abi=hard -Wl,-build-id=none -specs=Xilinx.spec -Wl,-T -Wl,../src/lscript.ld -L../../cpu_prof_bsp/ps7_cortexa9_0/lib -o "cpu_prof.elf" ./src/fonctions_ES.o ./src/main.o ./src/platform.o ./src/timers_b.o ./src/wei.o   -lm -Wl,--start-group,-lxil,-lgcc,-lc,--end-group
Finished building target: cpu_prof.elf
 
Invoking: ARM v7 Print Size
arm-none-eabi-size cpu_prof.elf  |tee "cpu_prof.elf.size"
   text	   data	    bss	    dec	    hex	filename
  67104	 538848	  23328	 629280	  99a20	cpu_prof.elf
Finished building: cpu_prof.elf.size
 
16:21:43 **** Incremental Build of configuration Debug for project cpu_prof ****
make pre-build main-build 
a9-linaro-pre-build-step
 
make: Nothing to be done for 'main-build'.
16:22:42 **** Auto Build of configuration Debug for project cpu_prof ****
make pre-build main-build 
a9-linaro-pre-build-step
 
Building file: ../src/main.c
Invoking: ARM v7 gcc compiler
arm-none-eabi-gcc -Wall -O0 -g3 -c -fmessage-length=0 -MT"src/main.o" -mcpu=cortex-a9 -mfpu=vfpv3 -mfloat-abi=hard -I../../cpu_prof_bsp/ps7_cortexa9_0/include -MMD -MP -MF"src/main.d" -MT"src/main.o" -o "src/main.o" "../src/main.c"
In file included from ../src/main.c:8:
../../cpu_prof_bsp/ps7_cortexa9_0/include/xtime_l.h:87:9: note: #pragma message: For the sleep routines, Global timer is being used
 #pragma message ("For the sleep routines, Global timer is being used")
         ^~~~~~~
Finished building: ../src/main.c
 
Building target: cpu_prof.elf
Invoking: ARM v7 gcc linker
arm-none-eabi-gcc -mcpu=cortex-a9 -mfpu=vfpv3 -mfloat-abi=hard -Wl,-build-id=none -specs=Xilinx.spec -Wl,-T -Wl,../src/lscript.ld -L../../cpu_prof_bsp/ps7_cortexa9_0/lib -o "cpu_prof.elf" ./src/fonctions_ES.o ./src/main.o ./src/platform.o ./src/timers_b.o ./src/wei.o   -lm -Wl,--start-group,-lxil,-lgcc,-lc,--end-group
Finished building target: cpu_prof.elf
 
Invoking: ARM v7 Print Size
arm-none-eabi-size cpu_prof.elf  |tee "cpu_prof.elf.size"
   text	   data	    bss	    dec	    hex	filename
  66972	 538848	  23328	 629148	  9999c	cpu_prof.elf
Finished building: cpu_prof.elf.size
 
16:23:11 **** Auto Build of configuration Debug for project cpu_prof ****
make pre-build main-build 
a9-linaro-pre-build-step
 
Building file: ../src/main.c
Invoking: ARM v7 gcc compiler
arm-none-eabi-gcc -Wall -O0 -g3 -c -fmessage-length=0 -MT"src/main.o" -mcpu=cortex-a9 -mfpu=vfpv3 -mfloat-abi=hard -I../../cpu_prof_bsp/ps7_cortexa9_0/include -MMD -MP -MF"src/main.d" -MT"src/main.o" -o "src/main.o" "../src/main.c"
In file included from ../src/main.c:8:
../../cpu_prof_bsp/ps7_cortexa9_0/include/xtime_l.h:87:9: note: #pragma message: For the sleep routines, Global timer is being used
 #pragma message ("For the sleep routines, Global timer is being used")
         ^~~~~~~
Finished building: ../src/main.c
 
Building target: cpu_prof.elf
Invoking: ARM v7 gcc linker
arm-none-eabi-gcc -mcpu=cortex-a9 -mfpu=vfpv3 -mfloat-abi=hard -Wl,-build-id=none -specs=Xilinx.spec -Wl,-T -Wl,../src/lscript.ld -L../../cpu_prof_bsp/ps7_cortexa9_0/lib -o "cpu_prof.elf" ./src/fonctions_ES.o ./src/main.o ./src/platform.o ./src/timers_b.o ./src/wei.o   -lm -Wl,--start-group,-lxil,-lgcc,-lc,--end-group
Finished building target: cpu_prof.elf
 
Invoking: ARM v7 Print Size
arm-none-eabi-size cpu_prof.elf  |tee "cpu_prof.elf.size"
   text	   data	    bss	    dec	    hex	filename
  69562	 538848	  23328	 631738	  9a3ba	cpu_prof.elf
Finished building: cpu_prof.elf.size
 
16:23:20 **** Incremental Build of configuration Debug for project cpu_prof ****
make pre-build main-build 
a9-linaro-pre-build-step
 
make: Nothing to be done for 'main-build'.
16:35:46 **** Auto Build of configuration Debug for project cpu_prof ****
make pre-build main-build 
a9-linaro-pre-build-step
 
Building file: ../src/main.c
Invoking: ARM v7 gcc compiler
arm-none-eabi-gcc -Wall -O0 -g3 -c -fmessage-length=0 -MT"src/main.o" -mcpu=cortex-a9 -mfpu=vfpv3 -mfloat-abi=hard -I../../cpu_prof_bsp/ps7_cortexa9_0/include -MMD -MP -MF"src/main.d" -MT"src/main.o" -o "src/main.o" "../src/main.c"
In file included from ../src/main.c:8:
../../cpu_prof_bsp/ps7_cortexa9_0/include/xtime_l.h:87:9: note: #pragma message: For the sleep routines, Global timer is being used
 #pragma message ("For the sleep routines, Global timer is being used")
         ^~~~~~~
Finished building: ../src/main.c
 
Building target: cpu_prof.elf
Invoking: ARM v7 gcc linker
arm-none-eabi-gcc -mcpu=cortex-a9 -mfpu=vfpv3 -mfloat-abi=hard -Wl,-build-id=none -specs=Xilinx.spec -Wl,-T -Wl,../src/lscript.ld -L../../cpu_prof_bsp/ps7_cortexa9_0/lib -o "cpu_prof.elf" ./src/fonctions_ES.o ./src/main.o ./src/platform.o ./src/timers_b.o ./src/wei.o   -lm -Wl,--start-group,-lxil,-lgcc,-lc,--end-group
Finished building target: cpu_prof.elf
 
Invoking: ARM v7 Print Size
arm-none-eabi-size cpu_prof.elf  |tee "cpu_prof.elf.size"
   text	   data	    bss	    dec	    hex	filename
  69562	 538848	  23328	 631738	  9a3ba	cpu_prof.elf
Finished building: cpu_prof.elf.size
 
16:35:46 **** Incremental Build of configuration Debug for project cpu_prof ****
make pre-build main-build 
a9-linaro-pre-build-step
 
make: Nothing to be done for 'main-build'.
16:36:17 **** Incremental Build of configuration Debug for project cpu_prof ****
make pre-build main-build 
a9-linaro-pre-build-step
 
make: Nothing to be done for 'main-build'.
16:37:25 **** Incremental Build of configuration Debug for project cpu_prof ****
make pre-build main-build 
a9-linaro-pre-build-step
 
make: Nothing to be done for 'main-build'.
16:38:32 **** Auto Build of configuration Debug for project cpu_prof ****
make pre-build main-build 
a9-linaro-pre-build-step
 
Building file: ../src/main.c
Invoking: ARM v7 gcc compiler
arm-none-eabi-gcc -Wall -O0 -g3 -c -fmessage-length=0 -MT"src/main.o" -mcpu=cortex-a9 -mfpu=vfpv3 -mfloat-abi=hard -I../../cpu_prof_bsp/ps7_cortexa9_0/include -MMD -MP -MF"src/main.d" -MT"src/main.o" -o "src/main.o" "../src/main.c"
In file included from ../src/main.c:8:
../../cpu_prof_bsp/ps7_cortexa9_0/include/xtime_l.h:87:9: note: #pragma message: For the sleep routines, Global timer is being used
 #pragma message ("For the sleep routines, Global timer is being used")
         ^~~~~~~
Finished building: ../src/main.c
 
Building target: cpu_prof.elf
Invoking: ARM v7 gcc linker
arm-none-eabi-gcc -mcpu=cortex-a9 -mfpu=vfpv3 -mfloat-abi=hard -Wl,-build-id=none -specs=Xilinx.spec -Wl,-T -Wl,../src/lscript.ld -L../../cpu_prof_bsp/ps7_cortexa9_0/lib -o "cpu_prof.elf" ./src/fonctions_ES.o ./src/main.o ./src/platform.o ./src/timers_b.o ./src/wei.o   -lm -Wl,--start-group,-lxil,-lgcc,-lc,--end-group
Finished building target: cpu_prof.elf
 
Invoking: ARM v7 Print Size
arm-none-eabi-size cpu_prof.elf  |tee "cpu_prof.elf.size"
   text	   data	    bss	    dec	    hex	filename
  69680	 538848	  23328	 631856	  9a430	cpu_prof.elf
Finished building: cpu_prof.elf.size
 
16:38:41 **** Incremental Build of configuration Debug for project cpu_prof ****
make pre-build main-build 
a9-linaro-pre-build-step
 
make: Nothing to be done for 'main-build'.
16:44:38 **** Auto Build of configuration Debug for project cpu_prof ****
make pre-build main-build 
a9-linaro-pre-build-step
 
make: Nothing to be done for 'main-build'.
16:45:18 **** Incremental Build of configuration Debug for project cpu_prof ****
make pre-build main-build 
a9-linaro-pre-build-step
 
make: Nothing to be done for 'main-build'.
16:46:08 **** Incremental Build of configuration Debug for project cpu_prof ****
make pre-build main-build 
a9-linaro-pre-build-step
 
make: Nothing to be done for 'main-build'.
16:46:55 **** Incremental Build of configuration Debug for project cpu_prof ****
make pre-build main-build 
a9-linaro-pre-build-step
 
make: Nothing to be done for 'main-build'.
16:47:39 **** Auto Build of configuration Debug for project cpu_prof ****
make pre-build main-build 
a9-linaro-pre-build-step
 
Building file: ../src/main.c
Invoking: ARM v7 gcc compiler
arm-none-eabi-gcc -Wall -O0 -g3 -c -fmessage-length=0 -MT"src/main.o" -mcpu=cortex-a9 -mfpu=vfpv3 -mfloat-abi=hard -I../../cpu_prof_bsp/ps7_cortexa9_0/include -MMD -MP -MF"src/main.d" -MT"src/main.o" -o "src/main.o" "../src/main.c"
In file included from ../src/main.c:8:
../../cpu_prof_bsp/ps7_cortexa9_0/include/xtime_l.h:87:9: note: #pragma message: For the sleep routines, Global timer is being used
 #pragma message ("For the sleep routines, Global timer is being used")
         ^~~~~~~
Finished building: ../src/main.c
 
Building target: cpu_prof.elf
Invoking: ARM v7 gcc linker
arm-none-eabi-gcc -mcpu=cortex-a9 -mfpu=vfpv3 -mfloat-abi=hard -Wl,-build-id=none -specs=Xilinx.spec -Wl,-T -Wl,../src/lscript.ld -L../../cpu_prof_bsp/ps7_cortexa9_0/lib -o "cpu_prof.elf" ./src/fonctions_ES.o ./src/main.o ./src/platform.o ./src/timers_b.o ./src/wei.o   -lm -Wl,--start-group,-lxil,-lgcc,-lc,--end-group
Finished building target: cpu_prof.elf
 
Invoking: ARM v7 Print Size
arm-none-eabi-size cpu_prof.elf  |tee "cpu_prof.elf.size"
   text	   data	    bss	    dec	    hex	filename
  69562	 538848	  23328	 631738	  9a3ba	cpu_prof.elf
Finished building: cpu_prof.elf.size
 
16:47:58 **** Incremental Build of configuration Debug for project cpu_prof ****
make pre-build main-build 
a9-linaro-pre-build-step
 
make: Nothing to be done for 'main-build'.
16:50:17 **** Incremental Build of configuration Debug for project cpu_prof ****
make pre-build main-build 
a9-linaro-pre-build-step
 
make: Nothing to be done for 'main-build'.
16:52:20 **** Auto Build of configuration Debug for project cpu_prof ****
make pre-build main-build 
a9-linaro-pre-build-step
 
Building file: ../src/main.c
Invoking: ARM v7 gcc compiler
arm-none-eabi-gcc -Wall -O0 -g3 -c -fmessage-length=0 -MT"src/main.o" -mcpu=cortex-a9 -mfpu=vfpv3 -mfloat-abi=hard -I../../cpu_prof_bsp/ps7_cortexa9_0/include -MMD -MP -MF"src/main.d" -MT"src/main.o" -o "src/main.o" "../src/main.c"
In file included from ../src/main.c:8:
../../cpu_prof_bsp/ps7_cortexa9_0/include/xtime_l.h:87:9: note: #pragma message: For the sleep routines, Global timer is being used
 #pragma message ("For the sleep routines, Global timer is being used")
         ^~~~~~~
Finished building: ../src/main.c
 
Building target: cpu_prof.elf
Invoking: ARM v7 gcc linker
arm-none-eabi-gcc -mcpu=cortex-a9 -mfpu=vfpv3 -mfloat-abi=hard -Wl,-build-id=none -specs=Xilinx.spec -Wl,-T -Wl,../src/lscript.ld -L../../cpu_prof_bsp/ps7_cortexa9_0/lib -o "cpu_prof.elf" ./src/fonctions_ES.o ./src/main.o ./src/platform.o ./src/timers_b.o ./src/wei.o   -lm -Wl,--start-group,-lxil,-lgcc,-lc,--end-group
Finished building target: cpu_prof.elf
 
Invoking: ARM v7 Print Size
arm-none-eabi-size cpu_prof.elf  |tee "cpu_prof.elf.size"
   text	   data	    bss	    dec	    hex	filename
  69680	 538848	  23328	 631856	  9a430	cpu_prof.elf
Finished building: cpu_prof.elf.size
 
16:52:33 **** Incremental Build of configuration Debug for project cpu_prof ****
make pre-build main-build 
a9-linaro-pre-build-step
 
make: Nothing to be done for 'main-build'.
16:53:02 **** Auto Build of configuration Debug for project cpu_prof ****
make pre-build main-build 
a9-linaro-pre-build-step
 
Building file: ../src/main.c
Invoking: ARM v7 gcc compiler
arm-none-eabi-gcc -Wall -O0 -g3 -c -fmessage-length=0 -MT"src/main.o" -mcpu=cortex-a9 -mfpu=vfpv3 -mfloat-abi=hard -I../../cpu_prof_bsp/ps7_cortexa9_0/include -MMD -MP -MF"src/main.d" -MT"src/main.o" -o "src/main.o" "../src/main.c"
In file included from ../src/main.c:8:
../../cpu_prof_bsp/ps7_cortexa9_0/include/xtime_l.h:87:9: note: #pragma message: For the sleep routines, Global timer is being used
 #pragma message ("For the sleep routines, Global timer is being used")
         ^~~~~~~
Finished building: ../src/main.c
 
Building target: cpu_prof.elf
Invoking: ARM v7 gcc linker
arm-none-eabi-gcc -mcpu=cortex-a9 -mfpu=vfpv3 -mfloat-abi=hard -Wl,-build-id=none -specs=Xilinx.spec -Wl,-T -Wl,../src/lscript.ld -L../../cpu_prof_bsp/ps7_cortexa9_0/lib -o "cpu_prof.elf" ./src/fonctions_ES.o ./src/main.o ./src/platform.o ./src/timers_b.o ./src/wei.o   -lm -Wl,--start-group,-lxil,-lgcc,-lc,--end-group
Finished building target: cpu_prof.elf
 
Invoking: ARM v7 Print Size
arm-none-eabi-size cpu_prof.elf  |tee "cpu_prof.elf.size"
   text	   data	    bss	    dec	    hex	filename
  69570	 538848	  23328	 631746	  9a3c2	cpu_prof.elf
Finished building: cpu_prof.elf.size
 
16:53:14 **** Incremental Build of configuration Debug for project cpu_prof ****
make pre-build main-build 
a9-linaro-pre-build-step
 
make: Nothing to be done for 'main-build'.
16:56:25 **** Incremental Build of configuration Debug for project cpu_prof ****
make pre-build main-build 
a9-linaro-pre-build-step
 
make: Nothing to be done for 'main-build'.
16:59:52 **** Incremental Build of configuration Debug for project cpu_prof ****
make pre-build main-build 
a9-linaro-pre-build-step
 
make: Nothing to be done for 'main-build'.
17:02:32 **** Auto Build of configuration Debug for project cpu_prof ****
make pre-build main-build 
a9-linaro-pre-build-step
 
Building file: ../src/main.c
Invoking: ARM v7 gcc compiler
arm-none-eabi-gcc -Wall -O0 -g3 -c -fmessage-length=0 -MT"src/main.o" -mcpu=cortex-a9 -mfpu=vfpv3 -mfloat-abi=hard -I../../cpu_prof_bsp/ps7_cortexa9_0/include -MMD -MP -MF"src/main.d" -MT"src/main.o" -o "src/main.o" "../src/main.c"
In file included from ../src/main.c:8:
../../cpu_prof_bsp/ps7_cortexa9_0/include/xtime_l.h:87:9: note: #pragma message: For the sleep routines, Global timer is being used
 #pragma message ("For the sleep routines, Global timer is being used")
         ^~~~~~~
Finished building: ../src/main.c
 
Building target: cpu_prof.elf
Invoking: ARM v7 gcc linker
arm-none-eabi-gcc -mcpu=cortex-a9 -mfpu=vfpv3 -mfloat-abi=hard -Wl,-build-id=none -specs=Xilinx.spec -Wl,-T -Wl,../src/lscript.ld -L../../cpu_prof_bsp/ps7_cortexa9_0/lib -o "cpu_prof.elf" ./src/fonctions_ES.o ./src/main.o ./src/platform.o ./src/timers_b.o ./src/wei.o   -lm -Wl,--start-group,-lxil,-lgcc,-lc,--end-group
Finished building target: cpu_prof.elf
 
Invoking: ARM v7 Print Size
arm-none-eabi-size cpu_prof.elf  |tee "cpu_prof.elf.size"
   text	   data	    bss	    dec	    hex	filename
  69570	 538848	  23328	 631746	  9a3c2	cpu_prof.elf
Finished building: cpu_prof.elf.size
 
17:04:49 **** Auto Build of configuration Debug for project cpu_prof ****
make pre-build main-build 
a9-linaro-pre-build-step
 
Building file: ../src/main.c
Invoking: ARM v7 gcc compiler
arm-none-eabi-gcc -Wall -O0 -g3 -c -fmessage-length=0 -MT"src/main.o" -mcpu=cortex-a9 -mfpu=vfpv3 -mfloat-abi=hard -I../../cpu_prof_bsp/ps7_cortexa9_0/include -MMD -MP -MF"src/main.d" -MT"src/main.o" -o "src/main.o" "../src/main.c"
In file included from ../src/main.c:8:
../../cpu_prof_bsp/ps7_cortexa9_0/include/xtime_l.h:87:9: note: #pragma message: For the sleep routines, Global timer is being used
 #pragma message ("For the sleep routines, Global timer is being used")
         ^~~~~~~
../src/main.c: In function 'main':
../src/main.c:185:13: warning: format '%d' expects argument of type 'int', but argument 2 has type 'double' [-Wformat=]
    printf("%d ", Layer4_Neurons_CPU[i]);
            ~^    ~~~~~~~~~~~~~~~~~~~~~
            %f
Finished building: ../src/main.c
 
Building target: cpu_prof.elf
Invoking: ARM v7 gcc linker
arm-none-eabi-gcc -mcpu=cortex-a9 -mfpu=vfpv3 -mfloat-abi=hard -Wl,-build-id=none -specs=Xilinx.spec -Wl,-T -Wl,../src/lscript.ld -L../../cpu_prof_bsp/ps7_cortexa9_0/lib -o "cpu_prof.elf" ./src/fonctions_ES.o ./src/main.o ./src/platform.o ./src/timers_b.o ./src/wei.o   -lm -Wl,--start-group,-lxil,-lgcc,-lc,--end-group
Finished building target: cpu_prof.elf
 
Invoking: ARM v7 Print Size
arm-none-eabi-size cpu_prof.elf  |tee "cpu_prof.elf.size"
   text	   data	    bss	    dec	    hex	filename
  69684	 538848	  23328	 631860	  9a434	cpu_prof.elf
Finished building: cpu_prof.elf.size
 
17:05:10 **** Auto Build of configuration Debug for project cpu_prof ****
make pre-build main-build 
a9-linaro-pre-build-step
 
Building file: ../src/main.c
Invoking: ARM v7 gcc compiler
arm-none-eabi-gcc -Wall -O0 -g3 -c -fmessage-length=0 -MT"src/main.o" -mcpu=cortex-a9 -mfpu=vfpv3 -mfloat-abi=hard -I../../cpu_prof_bsp/ps7_cortexa9_0/include -MMD -MP -MF"src/main.d" -MT"src/main.o" -o "src/main.o" "../src/main.c"
In file included from ../src/main.c:8:
../../cpu_prof_bsp/ps7_cortexa9_0/include/xtime_l.h:87:9: note: #pragma message: For the sleep routines, Global timer is being used
 #pragma message ("For the sleep routines, Global timer is being used")
         ^~~~~~~
../src/main.c: In function 'main':
../src/main.c:185:14: warning: format '%ld' expects argument of type 'long int', but argument 2 has type 'double' [-Wformat=]
    printf("%ld ", Layer4_Neurons_CPU[i]);
            ~~^    ~~~~~~~~~~~~~~~~~~~~~
            %f
Finished building: ../src/main.c
 
Building target: cpu_prof.elf
Invoking: ARM v7 gcc linker
arm-none-eabi-gcc -mcpu=cortex-a9 -mfpu=vfpv3 -mfloat-abi=hard -Wl,-build-id=none -specs=Xilinx.spec -Wl,-T -Wl,../src/lscript.ld -L../../cpu_prof_bsp/ps7_cortexa9_0/lib -o "cpu_prof.elf" ./src/fonctions_ES.o ./src/main.o ./src/platform.o ./src/timers_b.o ./src/wei.o   -lm -Wl,--start-group,-lxil,-lgcc,-lc,--end-group
Finished building target: cpu_prof.elf
 
Invoking: ARM v7 Print Size
arm-none-eabi-size cpu_prof.elf  |tee "cpu_prof.elf.size"
   text	   data	    bss	    dec	    hex	filename
  69692	 538848	  23328	 631868	  9a43c	cpu_prof.elf
Finished building: cpu_prof.elf.size
 
17:05:18 **** Auto Build of configuration Debug for project cpu_prof ****
make pre-build main-build 
a9-linaro-pre-build-step
 
Building file: ../src/main.c
Invoking: ARM v7 gcc compiler
arm-none-eabi-gcc -Wall -O0 -g3 -c -fmessage-length=0 -MT"src/main.o" -mcpu=cortex-a9 -mfpu=vfpv3 -mfloat-abi=hard -I../../cpu_prof_bsp/ps7_cortexa9_0/include -MMD -MP -MF"src/main.d" -MT"src/main.o" -o "src/main.o" "../src/main.c"
In file included from ../src/main.c:8:
../../cpu_prof_bsp/ps7_cortexa9_0/include/xtime_l.h:87:9: note: #pragma message: For the sleep routines, Global timer is being used
 #pragma message ("For the sleep routines, Global timer is being used")
         ^~~~~~~
Finished building: ../src/main.c
 
Building target: cpu_prof.elf
Invoking: ARM v7 gcc linker
arm-none-eabi-gcc -mcpu=cortex-a9 -mfpu=vfpv3 -mfloat-abi=hard -Wl,-build-id=none -specs=Xilinx.spec -Wl,-T -Wl,../src/lscript.ld -L../../cpu_prof_bsp/ps7_cortexa9_0/lib -o "cpu_prof.elf" ./src/fonctions_ES.o ./src/main.o ./src/platform.o ./src/timers_b.o ./src/wei.o   -lm -Wl,--start-group,-lxil,-lgcc,-lc,--end-group
Finished building target: cpu_prof.elf
 
Invoking: ARM v7 Print Size
arm-none-eabi-size cpu_prof.elf  |tee "cpu_prof.elf.size"
   text	   data	    bss	    dec	    hex	filename
  69684	 538848	  23328	 631860	  9a434	cpu_prof.elf
Finished building: cpu_prof.elf.size
 
17:05:29 **** Incremental Build of configuration Debug for project cpu_prof ****
make pre-build main-build 
a9-linaro-pre-build-step
 
make: Nothing to be done for 'main-build'.
17:06:26 **** Auto Build of configuration Debug for project cpu_prof ****
make pre-build main-build 
a9-linaro-pre-build-step
 
Building file: ../src/main.c
Invoking: ARM v7 gcc compiler
arm-none-eabi-gcc -Wall -O0 -g3 -c -fmessage-length=0 -MT"src/main.o" -mcpu=cortex-a9 -mfpu=vfpv3 -mfloat-abi=hard -I../../cpu_prof_bsp/ps7_cortexa9_0/include -MMD -MP -MF"src/main.d" -MT"src/main.o" -o "src/main.o" "../src/main.c"
In file included from ../src/main.c:8:
../../cpu_prof_bsp/ps7_cortexa9_0/include/xtime_l.h:87:9: note: #pragma message: For the sleep routines, Global timer is being used
 #pragma message ("For the sleep routines, Global timer is being used")
         ^~~~~~~
Finished building: ../src/main.c
 
Building target: cpu_prof.elf
Invoking: ARM v7 gcc linker
arm-none-eabi-gcc -mcpu=cortex-a9 -mfpu=vfpv3 -mfloat-abi=hard -Wl,-build-id=none -specs=Xilinx.spec -Wl,-T -Wl,../src/lscript.ld -L../../cpu_prof_bsp/ps7_cortexa9_0/lib -o "cpu_prof.elf" ./src/fonctions_ES.o ./src/main.o ./src/platform.o ./src/timers_b.o ./src/wei.o   -lm -Wl,--start-group,-lxil,-lgcc,-lc,--end-group
Finished building target: cpu_prof.elf
 
Invoking: ARM v7 Print Size
arm-none-eabi-size cpu_prof.elf  |tee "cpu_prof.elf.size"
   text	   data	    bss	    dec	    hex	filename
  69684	 538848	  23328	 631860	  9a434	cpu_prof.elf
Finished building: cpu_prof.elf.size
 
17:06:30 **** Incremental Build of configuration Debug for project cpu_prof ****
make pre-build main-build 
a9-linaro-pre-build-step
 
make: Nothing to be done for 'main-build'.
17:07:39 **** Auto Build of configuration Debug for project cpu_prof ****
make pre-build main-build 
a9-linaro-pre-build-step
 
Building file: ../src/main.c
Invoking: ARM v7 gcc compiler
arm-none-eabi-gcc -Wall -O0 -g3 -c -fmessage-length=0 -MT"src/main.o" -mcpu=cortex-a9 -mfpu=vfpv3 -mfloat-abi=hard -I../../cpu_prof_bsp/ps7_cortexa9_0/include -MMD -MP -MF"src/main.d" -MT"src/main.o" -o "src/main.o" "../src/main.c"
In file included from ../src/main.c:8:
../../cpu_prof_bsp/ps7_cortexa9_0/include/xtime_l.h:87:9: note: #pragma message: For the sleep routines, Global timer is being used
 #pragma message ("For the sleep routines, Global timer is being used")
         ^~~~~~~
Finished building: ../src/main.c
 
Building target: cpu_prof.elf
Invoking: ARM v7 gcc linker
arm-none-eabi-gcc -mcpu=cortex-a9 -mfpu=vfpv3 -mfloat-abi=hard -Wl,-build-id=none -specs=Xilinx.spec -Wl,-T -Wl,../src/lscript.ld -L../../cpu_prof_bsp/ps7_cortexa9_0/lib -o "cpu_prof.elf" ./src/fonctions_ES.o ./src/main.o ./src/platform.o ./src/timers_b.o ./src/wei.o   -lm -Wl,--start-group,-lxil,-lgcc,-lc,--end-group
Finished building target: cpu_prof.elf
 
Invoking: ARM v7 Print Size
arm-none-eabi-size cpu_prof.elf  |tee "cpu_prof.elf.size"
   text	   data	    bss	    dec	    hex	filename
  69684	 538848	  23328	 631860	  9a434	cpu_prof.elf
Finished building: cpu_prof.elf.size
 
17:07:45 **** Incremental Build of configuration Debug for project cpu_prof ****
make pre-build main-build 
a9-linaro-pre-build-step
 
make: Nothing to be done for 'main-build'.
17:08:20 **** Auto Build of configuration Debug for project cpu_prof ****
make pre-build main-build 
a9-linaro-pre-build-step
 
Building file: ../src/main.c
Invoking: ARM v7 gcc compiler
arm-none-eabi-gcc -Wall -O0 -g3 -c -fmessage-length=0 -MT"src/main.o" -mcpu=cortex-a9 -mfpu=vfpv3 -mfloat-abi=hard -I../../cpu_prof_bsp/ps7_cortexa9_0/include -MMD -MP -MF"src/main.d" -MT"src/main.o" -o "src/main.o" "../src/main.c"
In file included from ../src/main.c:8:
../../cpu_prof_bsp/ps7_cortexa9_0/include/xtime_l.h:87:9: note: #pragma message: For the sleep routines, Global timer is being used
 #pragma message ("For the sleep routines, Global timer is being used")
         ^~~~~~~
Finished building: ../src/main.c
 
Building target: cpu_prof.elf
Invoking: ARM v7 gcc linker
arm-none-eabi-gcc -mcpu=cortex-a9 -mfpu=vfpv3 -mfloat-abi=hard -Wl,-build-id=none -specs=Xilinx.spec -Wl,-T -Wl,../src/lscript.ld -L../../cpu_prof_bsp/ps7_cortexa9_0/lib -o "cpu_prof.elf" ./src/fonctions_ES.o ./src/main.o ./src/platform.o ./src/timers_b.o ./src/wei.o   -lm -Wl,--start-group,-lxil,-lgcc,-lc,--end-group
Finished building target: cpu_prof.elf
 
Invoking: ARM v7 Print Size
arm-none-eabi-size cpu_prof.elf  |tee "cpu_prof.elf.size"
   text	   data	    bss	    dec	    hex	filename
  69684	 538848	  23328	 631860	  9a434	cpu_prof.elf
Finished building: cpu_prof.elf.size
 
17:08:20 **** Incremental Build of configuration Debug for project cpu_prof ****
make pre-build main-build 
a9-linaro-pre-build-step
 
make: Nothing to be done for 'main-build'.
17:09:14 **** Auto Build of configuration Debug for project cpu_prof ****
make pre-build main-build 
a9-linaro-pre-build-step
 
Building file: ../src/main.c
Invoking: ARM v7 gcc compiler
arm-none-eabi-gcc -Wall -O0 -g3 -c -fmessage-length=0 -MT"src/main.o" -mcpu=cortex-a9 -mfpu=vfpv3 -mfloat-abi=hard -I../../cpu_prof_bsp/ps7_cortexa9_0/include -MMD -MP -MF"src/main.d" -MT"src/main.o" -o "src/main.o" "../src/main.c"
In file included from ../src/main.c:8:
../../cpu_prof_bsp/ps7_cortexa9_0/include/xtime_l.h:87:9: note: #pragma message: For the sleep routines, Global timer is being used
 #pragma message ("For the sleep routines, Global timer is being used")
         ^~~~~~~
Finished building: ../src/main.c
 
Building target: cpu_prof.elf
Invoking: ARM v7 gcc linker
arm-none-eabi-gcc -mcpu=cortex-a9 -mfpu=vfpv3 -mfloat-abi=hard -Wl,-build-id=none -specs=Xilinx.spec -Wl,-T -Wl,../src/lscript.ld -L../../cpu_prof_bsp/ps7_cortexa9_0/lib -o "cpu_prof.elf" ./src/fonctions_ES.o ./src/main.o ./src/platform.o ./src/timers_b.o ./src/wei.o   -lm -Wl,--start-group,-lxil,-lgcc,-lc,--end-group
Finished building target: cpu_prof.elf
 
Invoking: ARM v7 Print Size
arm-none-eabi-size cpu_prof.elf  |tee "cpu_prof.elf.size"
   text	   data	    bss	    dec	    hex	filename
  69684	 538848	  23328	 631860	  9a434	cpu_prof.elf
Finished building: cpu_prof.elf.size
 
17:09:17 **** Auto Build of configuration Debug for project cpu_prof ****
make pre-build main-build 
a9-linaro-pre-build-step
 
Building file: ../src/main.c
Invoking: ARM v7 gcc compiler
arm-none-eabi-gcc -Wall -O0 -g3 -c -fmessage-length=0 -MT"src/main.o" -mcpu=cortex-a9 -mfpu=vfpv3 -mfloat-abi=hard -I../../cpu_prof_bsp/ps7_cortexa9_0/include -MMD -MP -MF"src/main.d" -MT"src/main.o" -o "src/main.o" "../src/main.c"
In file included from ../src/main.c:8:
../../cpu_prof_bsp/ps7_cortexa9_0/include/xtime_l.h:87:9: note: #pragma message: For the sleep routines, Global timer is being used
 #pragma message ("For the sleep routines, Global timer is being used")
         ^~~~~~~
Finished building: ../src/main.c
 
Building target: cpu_prof.elf
Invoking: ARM v7 gcc linker
arm-none-eabi-gcc -mcpu=cortex-a9 -mfpu=vfpv3 -mfloat-abi=hard -Wl,-build-id=none -specs=Xilinx.spec -Wl,-T -Wl,../src/lscript.ld -L../../cpu_prof_bsp/ps7_cortexa9_0/lib -o "cpu_prof.elf" ./src/fonctions_ES.o ./src/main.o ./src/platform.o ./src/timers_b.o ./src/wei.o   -lm -Wl,--start-group,-lxil,-lgcc,-lc,--end-group
Finished building target: cpu_prof.elf
 
Invoking: ARM v7 Print Size
arm-none-eabi-size cpu_prof.elf  |tee "cpu_prof.elf.size"
   text	   data	    bss	    dec	    hex	filename
  69684	 538848	  23328	 631860	  9a434	cpu_prof.elf
Finished building: cpu_prof.elf.size
 
17:09:20 **** Incremental Build of configuration Debug for project cpu_prof ****
make pre-build main-build 
a9-linaro-pre-build-step
 
make: Nothing to be done for 'main-build'.
17:09:25 **** Auto Build of configuration Debug for project cpu_prof ****
make pre-build main-build 
a9-linaro-pre-build-step
 
Building file: ../src/main.c
Invoking: ARM v7 gcc compiler
arm-none-eabi-gcc -Wall -O0 -g3 -c -fmessage-length=0 -MT"src/main.o" -mcpu=cortex-a9 -mfpu=vfpv3 -mfloat-abi=hard -I../../cpu_prof_bsp/ps7_cortexa9_0/include -MMD -MP -MF"src/main.d" -MT"src/main.o" -o "src/main.o" "../src/main.c"
In file included from ../src/main.c:8:
../../cpu_prof_bsp/ps7_cortexa9_0/include/xtime_l.h:87:9: note: #pragma message: For the sleep routines, Global timer is being used
 #pragma message ("For the sleep routines, Global timer is being used")
         ^~~~~~~
Finished building: ../src/main.c
 
Building target: cpu_prof.elf
Invoking: ARM v7 gcc linker
arm-none-eabi-gcc -mcpu=cortex-a9 -mfpu=vfpv3 -mfloat-abi=hard -Wl,-build-id=none -specs=Xilinx.spec -Wl,-T -Wl,../src/lscript.ld -L../../cpu_prof_bsp/ps7_cortexa9_0/lib -o "cpu_prof.elf" ./src/fonctions_ES.o ./src/main.o ./src/platform.o ./src/timers_b.o ./src/wei.o   -lm -Wl,--start-group,-lxil,-lgcc,-lc,--end-group
Finished building target: cpu_prof.elf
 
Invoking: ARM v7 Print Size
arm-none-eabi-size cpu_prof.elf  |tee "cpu_prof.elf.size"
   text	   data	    bss	    dec	    hex	filename
  69684	 538848	  23328	 631860	  9a434	cpu_prof.elf
Finished building: cpu_prof.elf.size
 
17:09:40 **** Auto Build of configuration Debug for project cpu_prof ****
make pre-build main-build 
a9-linaro-pre-build-step
 
Building file: ../src/main.c
Invoking: ARM v7 gcc compiler
arm-none-eabi-gcc -Wall -O0 -g3 -c -fmessage-length=0 -MT"src/main.o" -mcpu=cortex-a9 -mfpu=vfpv3 -mfloat-abi=hard -I../../cpu_prof_bsp/ps7_cortexa9_0/include -MMD -MP -MF"src/main.d" -MT"src/main.o" -o "src/main.o" "../src/main.c"
In file included from ../src/main.c:8:
../../cpu_prof_bsp/ps7_cortexa9_0/include/xtime_l.h:87:9: note: #pragma message: For the sleep routines, Global timer is being used
 #pragma message ("For the sleep routines, Global timer is being used")
         ^~~~~~~
Finished building: ../src/main.c
 
Building target: cpu_prof.elf
Invoking: ARM v7 gcc linker
arm-none-eabi-gcc -mcpu=cortex-a9 -mfpu=vfpv3 -mfloat-abi=hard -Wl,-build-id=none -specs=Xilinx.spec -Wl,-T -Wl,../src/lscript.ld -L../../cpu_prof_bsp/ps7_cortexa9_0/lib -o "cpu_prof.elf" ./src/fonctions_ES.o ./src/main.o ./src/platform.o ./src/timers_b.o ./src/wei.o   -lm -Wl,--start-group,-lxil,-lgcc,-lc,--end-group
Finished building target: cpu_prof.elf
 
Invoking: ARM v7 Print Size
arm-none-eabi-size cpu_prof.elf  |tee "cpu_prof.elf.size"
   text	   data	    bss	    dec	    hex	filename
  69684	 538848	  23328	 631860	  9a434	cpu_prof.elf
Finished building: cpu_prof.elf.size
 
17:09:43 **** Incremental Build of configuration Debug for project cpu_prof ****
make pre-build main-build 
a9-linaro-pre-build-step
 
make: Nothing to be done for 'main-build'.
17:10:00 **** Auto Build of configuration Debug for project cpu_prof ****
make pre-build main-build 
a9-linaro-pre-build-step
 
Building file: ../src/main.c
Invoking: ARM v7 gcc compiler
arm-none-eabi-gcc -Wall -O0 -g3 -c -fmessage-length=0 -MT"src/main.o" -mcpu=cortex-a9 -mfpu=vfpv3 -mfloat-abi=hard -I../../cpu_prof_bsp/ps7_cortexa9_0/include -MMD -MP -MF"src/main.d" -MT"src/main.o" -o "src/main.o" "../src/main.c"
In file included from ../src/main.c:8:
../../cpu_prof_bsp/ps7_cortexa9_0/include/xtime_l.h:87:9: note: #pragma message: For the sleep routines, Global timer is being used
 #pragma message ("For the sleep routines, Global timer is being used")
         ^~~~~~~
Finished building: ../src/main.c
 
Building target: cpu_prof.elf
Invoking: ARM v7 gcc linker
arm-none-eabi-gcc -mcpu=cortex-a9 -mfpu=vfpv3 -mfloat-abi=hard -Wl,-build-id=none -specs=Xilinx.spec -Wl,-T -Wl,../src/lscript.ld -L../../cpu_prof_bsp/ps7_cortexa9_0/lib -o "cpu_prof.elf" ./src/fonctions_ES.o ./src/main.o ./src/platform.o ./src/timers_b.o ./src/wei.o   -lm -Wl,--start-group,-lxil,-lgcc,-lc,--end-group
Finished building target: cpu_prof.elf
 
Invoking: ARM v7 Print Size
arm-none-eabi-size cpu_prof.elf  |tee "cpu_prof.elf.size"
   text	   data	    bss	    dec	    hex	filename
  69684	 538848	  23328	 631860	  9a434	cpu_prof.elf
Finished building: cpu_prof.elf.size
 
17:10:04 **** Incremental Build of configuration Debug for project cpu_prof ****
make pre-build main-build 
a9-linaro-pre-build-step
 
make: Nothing to be done for 'main-build'.
17:15:03 **** Incremental Build of configuration Debug for project cpu_prof ****
make pre-build main-build 
a9-linaro-pre-build-step
 
Building file: ../src/main.c
Invoking: ARM v7 gcc compiler
arm-none-eabi-gcc -Wall -O0 -g3 -c -fmessage-length=0 -MT"src/main.o" -mcpu=cortex-a9 -mfpu=vfpv3 -mfloat-abi=hard -I../../cpu_prof_bsp/ps7_cortexa9_0/include -MMD -MP -MF"src/main.d" -MT"src/main.o" -o "src/main.o" "../src/main.c"
In file included from ../src/main.c:8:
../../cpu_prof_bsp/ps7_cortexa9_0/include/xtime_l.h:87:9: note: #pragma message: For the sleep routines, Global timer is being used
 #pragma message ("For the sleep routines, Global timer is being used")
         ^~~~~~~
Finished building: ../src/main.c
 
Building file: ../src/wei.c
Invoking: ARM v7 gcc compiler
arm-none-eabi-gcc -Wall -O0 -g3 -c -fmessage-length=0 -MT"src/wei.o" -mcpu=cortex-a9 -mfpu=vfpv3 -mfloat-abi=hard -I../../cpu_prof_bsp/ps7_cortexa9_0/include -MMD -MP -MF"src/wei.d" -MT"src/wei.o" -o "src/wei.o" "../src/wei.c"
Finished building: ../src/wei.c
 
Building target: cpu_prof.elf
Invoking: ARM v7 gcc linker
arm-none-eabi-gcc -mcpu=cortex-a9 -mfpu=vfpv3 -mfloat-abi=hard -Wl,-build-id=none -specs=Xilinx.spec -Wl,-T -Wl,../src/lscript.ld -L../../cpu_prof_bsp/ps7_cortexa9_0/lib -o "cpu_prof.elf" ./src/fonctions_ES.o ./src/main.o ./src/platform.o ./src/timers_b.o ./src/wei.o   -lm -Wl,--start-group,-lxil,-lgcc,-lc,--end-group
Finished building target: cpu_prof.elf
 
Invoking: ARM v7 Print Size
arm-none-eabi-size cpu_prof.elf  |tee "cpu_prof.elf.size"
   text	   data	    bss	    dec	    hex	filename
  69684	 538848	  23328	 631860	  9a434	cpu_prof.elf
Finished building: cpu_prof.elf.size
 
17:15:50 **** Auto Build of configuration Debug for project cpu_prof ****
make pre-build main-build 
a9-linaro-pre-build-step
 
Building file: ../src/main.c
Invoking: ARM v7 gcc compiler
arm-none-eabi-gcc -Wall -O0 -g3 -c -fmessage-length=0 -MT"src/main.o" -mcpu=cortex-a9 -mfpu=vfpv3 -mfloat-abi=hard -I../../cpu_prof_bsp/ps7_cortexa9_0/include -MMD -MP -MF"src/main.d" -MT"src/main.o" -o "src/main.o" "../src/main.c"
In file included from ../src/main.c:8:
../../cpu_prof_bsp/ps7_cortexa9_0/include/xtime_l.h:87:9: note: #pragma message: For the sleep routines, Global timer is being used
 #pragma message ("For the sleep routines, Global timer is being used")
         ^~~~~~~
Finished building: ../src/main.c
 
Building target: cpu_prof.elf
Invoking: ARM v7 gcc linker
arm-none-eabi-gcc -mcpu=cortex-a9 -mfpu=vfpv3 -mfloat-abi=hard -Wl,-build-id=none -specs=Xilinx.spec -Wl,-T -Wl,../src/lscript.ld -L../../cpu_prof_bsp/ps7_cortexa9_0/lib -o "cpu_prof.elf" ./src/fonctions_ES.o ./src/main.o ./src/platform.o ./src/timers_b.o ./src/wei.o   -lm -Wl,--start-group,-lxil,-lgcc,-lc,--end-group
Finished building target: cpu_prof.elf
 
Invoking: ARM v7 Print Size
arm-none-eabi-size cpu_prof.elf  |tee "cpu_prof.elf.size"
   text	   data	    bss	    dec	    hex	filename
  69684	 538848	  23328	 631860	  9a434	cpu_prof.elf
Finished building: cpu_prof.elf.size
 
17:15:53 **** Incremental Build of configuration Debug for project cpu_prof ****
make pre-build main-build 
a9-linaro-pre-build-step
 
make: Nothing to be done for 'main-build'.
17:16:41 **** Auto Build of configuration Debug for project cpu_prof ****
make pre-build main-build 
a9-linaro-pre-build-step
 
Building file: ../src/main.c
Invoking: ARM v7 gcc compiler
arm-none-eabi-gcc -Wall -O0 -g3 -c -fmessage-length=0 -MT"src/main.o" -mcpu=cortex-a9 -mfpu=vfpv3 -mfloat-abi=hard -I../../cpu_prof_bsp/ps7_cortexa9_0/include -MMD -MP -MF"src/main.d" -MT"src/main.o" -o "src/main.o" "../src/main.c"
In file included from ../src/main.c:8:
../../cpu_prof_bsp/ps7_cortexa9_0/include/xtime_l.h:87:9: note: #pragma message: For the sleep routines, Global timer is being used
 #pragma message ("For the sleep routines, Global timer is being used")
         ^~~~~~~
Finished building: ../src/main.c
 
Building target: cpu_prof.elf
Invoking: ARM v7 gcc linker
arm-none-eabi-gcc -mcpu=cortex-a9 -mfpu=vfpv3 -mfloat-abi=hard -Wl,-build-id=none -specs=Xilinx.spec -Wl,-T -Wl,../src/lscript.ld -L../../cpu_prof_bsp/ps7_cortexa9_0/lib -o "cpu_prof.elf" ./src/fonctions_ES.o ./src/main.o ./src/platform.o ./src/timers_b.o ./src/wei.o   -lm -Wl,--start-group,-lxil,-lgcc,-lc,--end-group
Finished building target: cpu_prof.elf
 
Invoking: ARM v7 Print Size
arm-none-eabi-size cpu_prof.elf  |tee "cpu_prof.elf.size"
   text	   data	    bss	    dec	    hex	filename
  69570	 538848	  23328	 631746	  9a3c2	cpu_prof.elf
Finished building: cpu_prof.elf.size
 
17:18:32 **** Auto Build of configuration Debug for project cpu_prof ****
make pre-build main-build 
a9-linaro-pre-build-step
 
Building file: ../src/main.c
Invoking: ARM v7 gcc compiler
arm-none-eabi-gcc -Wall -O0 -g3 -c -fmessage-length=0 -MT"src/main.o" -mcpu=cortex-a9 -mfpu=vfpv3 -mfloat-abi=hard -I../../cpu_prof_bsp/ps7_cortexa9_0/include -MMD -MP -MF"src/main.d" -MT"src/main.o" -o "src/main.o" "../src/main.c"
In file included from ../src/main.c:8:
../../cpu_prof_bsp/ps7_cortexa9_0/include/xtime_l.h:87:9: note: #pragma message: For the sleep routines, Global timer is being used
 #pragma message ("For the sleep routines, Global timer is being used")
         ^~~~~~~
Finished building: ../src/main.c
 
Building target: cpu_prof.elf
Invoking: ARM v7 gcc linker
arm-none-eabi-gcc -mcpu=cortex-a9 -mfpu=vfpv3 -mfloat-abi=hard -Wl,-build-id=none -specs=Xilinx.spec -Wl,-T -Wl,../src/lscript.ld -L../../cpu_prof_bsp/ps7_cortexa9_0/lib -o "cpu_prof.elf" ./src/fonctions_ES.o ./src/main.o ./src/platform.o ./src/timers_b.o ./src/wei.o   -lm -Wl,--start-group,-lxil,-lgcc,-lc,--end-group
Finished building target: cpu_prof.elf
 
Invoking: ARM v7 Print Size
arm-none-eabi-size cpu_prof.elf  |tee "cpu_prof.elf.size"
   text	   data	    bss	    dec	    hex	filename
  69684	 538848	  23328	 631860	  9a434	cpu_prof.elf
Finished building: cpu_prof.elf.size
 
17:18:35 **** Incremental Build of configuration Debug for project cpu_prof ****
make pre-build main-build 
a9-linaro-pre-build-step
 
make: Nothing to be done for 'main-build'.
17:22:02 **** Auto Build of configuration Debug for project cpu_prof ****
make pre-build main-build 
a9-linaro-pre-build-step
 
Building file: ../src/main.c
Invoking: ARM v7 gcc compiler
arm-none-eabi-gcc -Wall -O0 -g3 -c -fmessage-length=0 -MT"src/main.o" -mcpu=cortex-a9 -mfpu=vfpv3 -mfloat-abi=hard -I../../cpu_prof_bsp/ps7_cortexa9_0/include -MMD -MP -MF"src/main.d" -MT"src/main.o" -o "src/main.o" "../src/main.c"
In file included from ../src/main.c:8:
../../cpu_prof_bsp/ps7_cortexa9_0/include/xtime_l.h:87:9: note: #pragma message: For the sleep routines, Global timer is being used
 #pragma message ("For the sleep routines, Global timer is being used")
         ^~~~~~~
Finished building: ../src/main.c
 
Building target: cpu_prof.elf
Invoking: ARM v7 gcc linker
arm-none-eabi-gcc -mcpu=cortex-a9 -mfpu=vfpv3 -mfloat-abi=hard -Wl,-build-id=none -specs=Xilinx.spec -Wl,-T -Wl,../src/lscript.ld -L../../cpu_prof_bsp/ps7_cortexa9_0/lib -o "cpu_prof.elf" ./src/fonctions_ES.o ./src/main.o ./src/platform.o ./src/timers_b.o ./src/wei.o   -lm -Wl,--start-group,-lxil,-lgcc,-lc,--end-group
Finished building target: cpu_prof.elf
 
Invoking: ARM v7 Print Size
arm-none-eabi-size cpu_prof.elf  |tee "cpu_prof.elf.size"
   text	   data	    bss	    dec	    hex	filename
  69684	 538848	  23328	 631860	  9a434	cpu_prof.elf
Finished building: cpu_prof.elf.size
 
17:22:05 **** Incremental Build of configuration Debug for project cpu_prof ****
make pre-build main-build 
a9-linaro-pre-build-step
 
make: Nothing to be done for 'main-build'.
17:24:11 **** Incremental Build of configuration Debug for project cpu_prof ****
make pre-build main-build 
a9-linaro-pre-build-step
 
make: Nothing to be done for 'main-build'.
17:25:13 **** Auto Build of configuration Debug for project cpu_prof ****
make pre-build main-build 
a9-linaro-pre-build-step
 
Building file: ../src/main.c
Invoking: ARM v7 gcc compiler
arm-none-eabi-gcc -Wall -O0 -g3 -c -fmessage-length=0 -MT"src/main.o" -mcpu=cortex-a9 -mfpu=vfpv3 -mfloat-abi=hard -I../../cpu_prof_bsp/ps7_cortexa9_0/include -MMD -MP -MF"src/main.d" -MT"src/main.o" -o "src/main.o" "../src/main.c"
In file included from ../src/main.c:8:
../../cpu_prof_bsp/ps7_cortexa9_0/include/xtime_l.h:87:9: note: #pragma message: For the sleep routines, Global timer is being used
 #pragma message ("For the sleep routines, Global timer is being used")
         ^~~~~~~
Finished building: ../src/main.c
 
Building target: cpu_prof.elf
Invoking: ARM v7 gcc linker
arm-none-eabi-gcc -mcpu=cortex-a9 -mfpu=vfpv3 -mfloat-abi=hard -Wl,-build-id=none -specs=Xilinx.spec -Wl,-T -Wl,../src/lscript.ld -L../../cpu_prof_bsp/ps7_cortexa9_0/lib -o "cpu_prof.elf" ./src/fonctions_ES.o ./src/main.o ./src/platform.o ./src/timers_b.o ./src/wei.o   -lm -Wl,--start-group,-lxil,-lgcc,-lc,--end-group
Finished building target: cpu_prof.elf
 
Invoking: ARM v7 Print Size
arm-none-eabi-size cpu_prof.elf  |tee "cpu_prof.elf.size"
   text	   data	    bss	    dec	    hex	filename
  69612	 538848	  23328	 631788	  9a3ec	cpu_prof.elf
Finished building: cpu_prof.elf.size
 
17:25:16 **** Incremental Build of configuration Debug for project cpu_prof ****
make pre-build main-build 
a9-linaro-pre-build-step
 
make: Nothing to be done for 'main-build'.
17:25:41 **** Auto Build of configuration Debug for project cpu_prof ****
make pre-build main-build 
a9-linaro-pre-build-step
 
Building file: ../src/main.c
Invoking: ARM v7 gcc compiler
arm-none-eabi-gcc -Wall -O0 -g3 -c -fmessage-length=0 -MT"src/main.o" -mcpu=cortex-a9 -mfpu=vfpv3 -mfloat-abi=hard -I../../cpu_prof_bsp/ps7_cortexa9_0/include -MMD -MP -MF"src/main.d" -MT"src/main.o" -o "src/main.o" "../src/main.c"
In file included from ../src/main.c:8:
../../cpu_prof_bsp/ps7_cortexa9_0/include/xtime_l.h:87:9: note: #pragma message: For the sleep routines, Global timer is being used
 #pragma message ("For the sleep routines, Global timer is being used")
         ^~~~~~~
Finished building: ../src/main.c
 
Building target: cpu_prof.elf
Invoking: ARM v7 gcc linker
arm-none-eabi-gcc -mcpu=cortex-a9 -mfpu=vfpv3 -mfloat-abi=hard -Wl,-build-id=none -specs=Xilinx.spec -Wl,-T -Wl,../src/lscript.ld -L../../cpu_prof_bsp/ps7_cortexa9_0/lib -o "cpu_prof.elf" ./src/fonctions_ES.o ./src/main.o ./src/platform.o ./src/timers_b.o ./src/wei.o   -lm -Wl,--start-group,-lxil,-lgcc,-lc,--end-group
Finished building target: cpu_prof.elf
 
Invoking: ARM v7 Print Size
arm-none-eabi-size cpu_prof.elf  |tee "cpu_prof.elf.size"
   text	   data	    bss	    dec	    hex	filename
  69612	 538848	  23328	 631788	  9a3ec	cpu_prof.elf
Finished building: cpu_prof.elf.size
 
17:25:44 **** Incremental Build of configuration Debug for project cpu_prof ****
make pre-build main-build 
a9-linaro-pre-build-step
 
make: Nothing to be done for 'main-build'.
17:27:52 **** Auto Build of configuration Debug for project cpu_prof ****
make pre-build main-build 
a9-linaro-pre-build-step
 
Building file: ../src/main.c
Invoking: ARM v7 gcc compiler
arm-none-eabi-gcc -Wall -O0 -g3 -c -fmessage-length=0 -MT"src/main.o" -mcpu=cortex-a9 -mfpu=vfpv3 -mfloat-abi=hard -I../../cpu_prof_bsp/ps7_cortexa9_0/include -MMD -MP -MF"src/main.d" -MT"src/main.o" -o "src/main.o" "../src/main.c"
In file included from ../src/main.c:8:
../../cpu_prof_bsp/ps7_cortexa9_0/include/xtime_l.h:87:9: note: #pragma message: For the sleep routines, Global timer is being used
 #pragma message ("For the sleep routines, Global timer is being used")
         ^~~~~~~
Finished building: ../src/main.c
 
Building target: cpu_prof.elf
Invoking: ARM v7 gcc linker
arm-none-eabi-gcc -mcpu=cortex-a9 -mfpu=vfpv3 -mfloat-abi=hard -Wl,-build-id=none -specs=Xilinx.spec -Wl,-T -Wl,../src/lscript.ld -L../../cpu_prof_bsp/ps7_cortexa9_0/lib -o "cpu_prof.elf" ./src/fonctions_ES.o ./src/main.o ./src/platform.o ./src/timers_b.o ./src/wei.o   -lm -Wl,--start-group,-lxil,-lgcc,-lc,--end-group
Finished building target: cpu_prof.elf
 
Invoking: ARM v7 Print Size
arm-none-eabi-size cpu_prof.elf  |tee "cpu_prof.elf.size"
   text	   data	    bss	    dec	    hex	filename
  69676	 538848	  23328	 631852	  9a42c	cpu_prof.elf
Finished building: cpu_prof.elf.size
 
17:27:54 **** Incremental Build of configuration Debug for project cpu_prof ****
make pre-build main-build 
a9-linaro-pre-build-step
 
make: Nothing to be done for 'main-build'.
17:28:22 **** Auto Build of configuration Debug for project cpu_prof ****
make pre-build main-build 
a9-linaro-pre-build-step
 
Building file: ../src/main.c
Invoking: ARM v7 gcc compiler
arm-none-eabi-gcc -Wall -O0 -g3 -c -fmessage-length=0 -MT"src/main.o" -mcpu=cortex-a9 -mfpu=vfpv3 -mfloat-abi=hard -I../../cpu_prof_bsp/ps7_cortexa9_0/include -MMD -MP -MF"src/main.d" -MT"src/main.o" -o "src/main.o" "../src/main.c"
In file included from ../src/main.c:8:
../../cpu_prof_bsp/ps7_cortexa9_0/include/xtime_l.h:87:9: note: #pragma message: For the sleep routines, Global timer is being used
 #pragma message ("For the sleep routines, Global timer is being used")
         ^~~~~~~
Finished building: ../src/main.c
 
Building target: cpu_prof.elf
Invoking: ARM v7 gcc linker
arm-none-eabi-gcc -mcpu=cortex-a9 -mfpu=vfpv3 -mfloat-abi=hard -Wl,-build-id=none -specs=Xilinx.spec -Wl,-T -Wl,../src/lscript.ld -L../../cpu_prof_bsp/ps7_cortexa9_0/lib -o "cpu_prof.elf" ./src/fonctions_ES.o ./src/main.o ./src/platform.o ./src/timers_b.o ./src/wei.o   -lm -Wl,--start-group,-lxil,-lgcc,-lc,--end-group
Finished building target: cpu_prof.elf
 
Invoking: ARM v7 Print Size
arm-none-eabi-size cpu_prof.elf  |tee "cpu_prof.elf.size"
   text	   data	    bss	    dec	    hex	filename
  69676	 538848	  23328	 631852	  9a42c	cpu_prof.elf
Finished building: cpu_prof.elf.size
 
17:28:25 **** Incremental Build of configuration Debug for project cpu_prof ****
make pre-build main-build 
a9-linaro-pre-build-step
 
make: Nothing to be done for 'main-build'.
17:28:49 **** Auto Build of configuration Debug for project cpu_prof ****
make pre-build main-build 
a9-linaro-pre-build-step
 
Building file: ../src/main.c
Invoking: ARM v7 gcc compiler
arm-none-eabi-gcc -Wall -O0 -g3 -c -fmessage-length=0 -MT"src/main.o" -mcpu=cortex-a9 -mfpu=vfpv3 -mfloat-abi=hard -I../../cpu_prof_bsp/ps7_cortexa9_0/include -MMD -MP -MF"src/main.d" -MT"src/main.o" -o "src/main.o" "../src/main.c"
In file included from ../src/main.c:8:
../../cpu_prof_bsp/ps7_cortexa9_0/include/xtime_l.h:87:9: note: #pragma message: For the sleep routines, Global timer is being used
 #pragma message ("For the sleep routines, Global timer is being used")
         ^~~~~~~
Finished building: ../src/main.c
 
Building target: cpu_prof.elf
Invoking: ARM v7 gcc linker
arm-none-eabi-gcc -mcpu=cortex-a9 -mfpu=vfpv3 -mfloat-abi=hard -Wl,-build-id=none -specs=Xilinx.spec -Wl,-T -Wl,../src/lscript.ld -L../../cpu_prof_bsp/ps7_cortexa9_0/lib -o "cpu_prof.elf" ./src/fonctions_ES.o ./src/main.o ./src/platform.o ./src/timers_b.o ./src/wei.o   -lm -Wl,--start-group,-lxil,-lgcc,-lc,--end-group
Finished building target: cpu_prof.elf
 
Invoking: ARM v7 Print Size
arm-none-eabi-size cpu_prof.elf  |tee "cpu_prof.elf.size"
   text	   data	    bss	    dec	    hex	filename
  69420	 538848	  23328	 631596	  9a32c	cpu_prof.elf
Finished building: cpu_prof.elf.size
 
17:28:52 **** Incremental Build of configuration Debug for project cpu_prof ****
make pre-build main-build 
a9-linaro-pre-build-step
 
make: Nothing to be done for 'main-build'.
17:29:36 **** Auto Build of configuration Debug for project cpu_prof ****
make pre-build main-build 
a9-linaro-pre-build-step
 
Building file: ../src/main.c
Invoking: ARM v7 gcc compiler
arm-none-eabi-gcc -Wall -O0 -g3 -c -fmessage-length=0 -MT"src/main.o" -mcpu=cortex-a9 -mfpu=vfpv3 -mfloat-abi=hard -I../../cpu_prof_bsp/ps7_cortexa9_0/include -MMD -MP -MF"src/main.d" -MT"src/main.o" -o "src/main.o" "../src/main.c"
In file included from ../src/main.c:8:
../../cpu_prof_bsp/ps7_cortexa9_0/include/xtime_l.h:87:9: note: #pragma message: For the sleep routines, Global timer is being used
 #pragma message ("For the sleep routines, Global timer is being used")
         ^~~~~~~
Finished building: ../src/main.c
 
Building target: cpu_prof.elf
Invoking: ARM v7 gcc linker
arm-none-eabi-gcc -mcpu=cortex-a9 -mfpu=vfpv3 -mfloat-abi=hard -Wl,-build-id=none -specs=Xilinx.spec -Wl,-T -Wl,../src/lscript.ld -L../../cpu_prof_bsp/ps7_cortexa9_0/lib -o "cpu_prof.elf" ./src/fonctions_ES.o ./src/main.o ./src/platform.o ./src/timers_b.o ./src/wei.o   -lm -Wl,--start-group,-lxil,-lgcc,-lc,--end-group
Finished building target: cpu_prof.elf
 
Invoking: ARM v7 Print Size
arm-none-eabi-size cpu_prof.elf  |tee "cpu_prof.elf.size"
   text	   data	    bss	    dec	    hex	filename
  69356	 538848	  23328	 631532	  9a2ec	cpu_prof.elf
Finished building: cpu_prof.elf.size
 
17:29:38 **** Incremental Build of configuration Debug for project cpu_prof ****
make pre-build main-build 
a9-linaro-pre-build-step
 
make: Nothing to be done for 'main-build'.
