15:30:12 **** Incremental Build of configuration Debug for project cpu_prof ****
make pre-build main-build 
a9-linaro-pre-build-step
 
make: Nothing to be done for 'main-build'.
15:30:21 **** Incremental Build of configuration Debug for project cpu_prof ****
make pre-build main-build 
a9-linaro-pre-build-step
 
make: Nothing to be done for 'main-build'.
15:31:40 **** Auto Build of configuration Debug for project cpu_prof ****
make pre-build main-build 
a9-linaro-pre-build-step
 
Building file: ../src/main.c
Invoking: ARM v7 gcc compiler
arm-none-eabi-gcc -Wall -O0 -g3 -c -fmessage-length=0 -MT"src/main.o" -mcpu=cortex-a9 -mfpu=vfpv3 -mfloat-abi=hard -I../../cpu_prof_bsp/ps7_cortexa9_0/include -MMD -MP -MF"src/main.d" -MT"src/main.o" -o "src/main.o" "../src/main.c"
In file included from ../src/main.c:8:
../../cpu_prof_bsp/ps7_cortexa9_0/include/xtime_l.h:87:9: note: #pragma message: For the sleep routines, Global timer is being used
 #pragma message ("For the sleep routines, Global timer is being used")
         ^~~~~~~
Finished building: ../src/main.c
 
Building target: cpu_prof.elf
Invoking: ARM v7 gcc linker
arm-none-eabi-gcc -mcpu=cortex-a9 -mfpu=vfpv3 -mfloat-abi=hard -Wl,-build-id=none -specs=Xilinx.spec -Wl,-T -Wl,../src/lscript.ld -L../../cpu_prof_bsp/ps7_cortexa9_0/lib -o "cpu_prof.elf" ./src/fonctions_ES.o ./src/main.o ./src/platform.o ./src/timers_b.o ./src/wei.o   -lm -Wl,--start-group,-lxil,-lgcc,-lc,--end-group
Finished building target: cpu_prof.elf
 
Invoking: ARM v7 Print Size
arm-none-eabi-size cpu_prof.elf  |tee "cpu_prof.elf.size"
   text	   data	    bss	    dec	    hex	filename
  69612	 538848	  23328	 631788	  9a3ec	cpu_prof.elf
Finished building: cpu_prof.elf.size
 
15:31:54 **** Incremental Build of configuration Debug for project cpu_prof ****
make pre-build main-build 
a9-linaro-pre-build-step
 
make: Nothing to be done for 'main-build'.
15:32:47 **** Auto Build of configuration Debug for project cpu_prof ****
make pre-build main-build 
a9-linaro-pre-build-step
 
Building file: ../src/main.c
Invoking: ARM v7 gcc compiler
arm-none-eabi-gcc -Wall -O0 -g3 -c -fmessage-length=0 -MT"src/main.o" -mcpu=cortex-a9 -mfpu=vfpv3 -mfloat-abi=hard -I../../cpu_prof_bsp/ps7_cortexa9_0/include -MMD -MP -MF"src/main.d" -MT"src/main.o" -o "src/main.o" "../src/main.c"
In file included from ../src/main.c:8:
../../cpu_prof_bsp/ps7_cortexa9_0/include/xtime_l.h:87:9: note: #pragma message: For the sleep routines, Global timer is being used
 #pragma message ("For the sleep routines, Global timer is being used")
         ^~~~~~~
Finished building: ../src/main.c
 
Building target: cpu_prof.elf
Invoking: ARM v7 gcc linker
arm-none-eabi-gcc -mcpu=cortex-a9 -mfpu=vfpv3 -mfloat-abi=hard -Wl,-build-id=none -specs=Xilinx.spec -Wl,-T -Wl,../src/lscript.ld -L../../cpu_prof_bsp/ps7_cortexa9_0/lib -o "cpu_prof.elf" ./src/fonctions_ES.o ./src/main.o ./src/platform.o ./src/timers_b.o ./src/wei.o   -lm -Wl,--start-group,-lxil,-lgcc,-lc,--end-group
Finished building target: cpu_prof.elf
 
Invoking: ARM v7 Print Size
arm-none-eabi-size cpu_prof.elf  |tee "cpu_prof.elf.size"
   text	   data	    bss	    dec	    hex	filename
  69744	 538848	  23328	 631920	  9a470	cpu_prof.elf
Finished building: cpu_prof.elf.size
 
15:33:02 **** Incremental Build of configuration Debug for project cpu_prof ****
make pre-build main-build 
a9-linaro-pre-build-step
 
make: Nothing to be done for 'main-build'.
15:42:25 **** Auto Build of configuration Debug for project cpu_prof ****
make pre-build main-build 
a9-linaro-pre-build-step
 
Building file: ../src/main.c
Invoking: ARM v7 gcc compiler
arm-none-eabi-gcc -Wall -O0 -g3 -c -fmessage-length=0 -MT"src/main.o" -mcpu=cortex-a9 -mfpu=vfpv3 -mfloat-abi=hard -I../../cpu_prof_bsp/ps7_cortexa9_0/include -MMD -MP -MF"src/main.d" -MT"src/main.o" -o "src/main.o" "../src/main.c"
In file included from ../src/main.c:8:
../../cpu_prof_bsp/ps7_cortexa9_0/include/xtime_l.h:87:9: note: #pragma message: For the sleep routines, Global timer is being used
 #pragma message ("For the sleep routines, Global timer is being used")
         ^~~~~~~
../src/main.c: In function 'main':
../src/main.c:27:2: warning: implicit declaration of function 'sleep' [-Wimplicit-function-declaration]
  sleep(15);
  ^~~~~
Finished building: ../src/main.c
 
Building target: cpu_prof.elf
Invoking: ARM v7 gcc linker
arm-none-eabi-gcc -mcpu=cortex-a9 -mfpu=vfpv3 -mfloat-abi=hard -Wl,-build-id=none -specs=Xilinx.spec -Wl,-T -Wl,../src/lscript.ld -L../../cpu_prof_bsp/ps7_cortexa9_0/lib -o "cpu_prof.elf" ./src/fonctions_ES.o ./src/main.o ./src/platform.o ./src/timers_b.o ./src/wei.o   -lm -Wl,--start-group,-lxil,-lgcc,-lc,--end-group
Finished building target: cpu_prof.elf
 
Invoking: ARM v7 Print Size
arm-none-eabi-size cpu_prof.elf  |tee "cpu_prof.elf.size"
   text	   data	    bss	    dec	    hex	filename
  69872	 538848	  23328	 632048	  9a4f0	cpu_prof.elf
Finished building: cpu_prof.elf.size
 
15:43:09 **** Auto Build of configuration Debug for project cpu_prof ****
make pre-build main-build 
a9-linaro-pre-build-step
 
Building file: ../src/main.c
Invoking: ARM v7 gcc compiler
arm-none-eabi-gcc -Wall -O0 -g3 -c -fmessage-length=0 -MT"src/main.o" -mcpu=cortex-a9 -mfpu=vfpv3 -mfloat-abi=hard -I../../cpu_prof_bsp/ps7_cortexa9_0/include -MMD -MP -MF"src/main.d" -MT"src/main.o" -o "src/main.o" "../src/main.c"
In file included from ../src/main.c:8:
../../cpu_prof_bsp/ps7_cortexa9_0/include/xtime_l.h:87:9: note: #pragma message: For the sleep routines, Global timer is being used
 #pragma message ("For the sleep routines, Global timer is being used")
         ^~~~~~~
Finished building: ../src/main.c
 
Building target: cpu_prof.elf
Invoking: ARM v7 gcc linker
arm-none-eabi-gcc -mcpu=cortex-a9 -mfpu=vfpv3 -mfloat-abi=hard -Wl,-build-id=none -specs=Xilinx.spec -Wl,-T -Wl,../src/lscript.ld -L../../cpu_prof_bsp/ps7_cortexa9_0/lib -o "cpu_prof.elf" ./src/fonctions_ES.o ./src/main.o ./src/platform.o ./src/timers_b.o ./src/wei.o   -lm -Wl,--start-group,-lxil,-lgcc,-lc,--end-group
Finished building target: cpu_prof.elf
 
Invoking: ARM v7 Print Size
arm-none-eabi-size cpu_prof.elf  |tee "cpu_prof.elf.size"
   text	   data	    bss	    dec	    hex	filename
  69744	 538848	  23328	 631920	  9a470	cpu_prof.elf
Finished building: cpu_prof.elf.size
 
15:43:18 **** Incremental Build of configuration Debug for project cpu_prof ****
make pre-build main-build 
a9-linaro-pre-build-step
 
make: Nothing to be done for 'main-build'.
15:46:21 **** Auto Build of configuration Debug for project cpu_prof ****
make pre-build main-build 
a9-linaro-pre-build-step
 
make: Nothing to be done for 'main-build'.
15:46:36 **** Auto Build of configuration Debug for project cpu_prof ****
make pre-build main-build 
a9-linaro-pre-build-step
 
Building file: ../src/main.c
Invoking: ARM v7 gcc compiler
arm-none-eabi-gcc -Wall -O0 -g3 -c -fmessage-length=0 -MT"src/main.o" -mcpu=cortex-a9 -mfpu=vfpv3 -mfloat-abi=hard -I../../cpu_prof_bsp/ps7_cortexa9_0/include -MMD -MP -MF"src/main.d" -MT"src/main.o" -o "src/main.o" "../src/main.c"
In file included from ../src/main.c:8:
../../cpu_prof_bsp/ps7_cortexa9_0/include/xtime_l.h:87:9: note: #pragma message: For the sleep routines, Global timer is being used
 #pragma message ("For the sleep routines, Global timer is being used")
         ^~~~~~~
Finished building: ../src/main.c
 
Building target: cpu_prof.elf
Invoking: ARM v7 gcc linker
arm-none-eabi-gcc -mcpu=cortex-a9 -mfpu=vfpv3 -mfloat-abi=hard -Wl,-build-id=none -specs=Xilinx.spec -Wl,-T -Wl,../src/lscript.ld -L../../cpu_prof_bsp/ps7_cortexa9_0/lib -o "cpu_prof.elf" ./src/fonctions_ES.o ./src/main.o ./src/platform.o ./src/timers_b.o ./src/wei.o   -lm -Wl,--start-group,-lxil,-lgcc,-lc,--end-group
Finished building target: cpu_prof.elf
 
Invoking: ARM v7 Print Size
arm-none-eabi-size cpu_prof.elf  |tee "cpu_prof.elf.size"
   text	   data	    bss	    dec	    hex	filename
  69744	 538848	  23328	 631920	  9a470	cpu_prof.elf
Finished building: cpu_prof.elf.size
 
15:46:47 **** Incremental Build of configuration Debug for project cpu_prof ****
make pre-build main-build 
a9-linaro-pre-build-step
 
make: Nothing to be done for 'main-build'.
15:48:44 **** Auto Build of configuration Debug for project cpu_prof ****
make pre-build main-build 
a9-linaro-pre-build-step
 
make: Nothing to be done for 'main-build'.
15:50:02 **** Incremental Build of configuration Debug for project cpu_prof ****
make pre-build main-build 
a9-linaro-pre-build-step
 
make: Nothing to be done for 'main-build'.
15:50:34 **** Incremental Build of configuration Debug for project cpu_prof ****
make pre-build main-build 
a9-linaro-pre-build-step
 
make: Nothing to be done for 'main-build'.
15:52:24 **** Incremental Build of configuration Debug for project cpu_prof ****
make pre-build main-build 
a9-linaro-pre-build-step
 
make: Nothing to be done for 'main-build'.
15:59:51 **** Incremental Build of configuration Debug for project cpu_prof ****
make pre-build main-build 
a9-linaro-pre-build-step
 
make: Nothing to be done for 'main-build'.
16:03:30 **** Incremental Build of configuration Debug for project cpu_prof ****
make pre-build main-build 
a9-linaro-pre-build-step
 
make: Nothing to be done for 'main-build'.
16:04:09 **** Incremental Build of configuration Debug for project cpu_prof ****
make pre-build main-build 
a9-linaro-pre-build-step
 
make: Nothing to be done for 'main-build'.
16:04:37 **** Auto Build of configuration Debug for project cpu_prof ****
make pre-build main-build 
a9-linaro-pre-build-step
 
Building file: ../src/main.c
Invoking: ARM v7 gcc compiler
arm-none-eabi-gcc -Wall -O0 -g3 -c -fmessage-length=0 -MT"src/main.o" -mcpu=cortex-a9 -mfpu=vfpv3 -mfloat-abi=hard -I../../cpu_prof_bsp/ps7_cortexa9_0/include -MMD -MP -MF"src/main.d" -MT"src/main.o" -o "src/main.o" "../src/main.c"
In file included from ../src/main.c:8:
../../cpu_prof_bsp/ps7_cortexa9_0/include/xtime_l.h:87:9: note: #pragma message: For the sleep routines, Global timer is being used
 #pragma message ("For the sleep routines, Global timer is being used")
         ^~~~~~~
Finished building: ../src/main.c
 
Building target: cpu_prof.elf
Invoking: ARM v7 gcc linker
arm-none-eabi-gcc -mcpu=cortex-a9 -mfpu=vfpv3 -mfloat-abi=hard -Wl,-build-id=none -specs=Xilinx.spec -Wl,-T -Wl,../src/lscript.ld -L../../cpu_prof_bsp/ps7_cortexa9_0/lib -o "cpu_prof.elf" ./src/fonctions_ES.o ./src/main.o ./src/platform.o ./src/timers_b.o ./src/wei.o   -lm -Wl,--start-group,-lxil,-lgcc,-lc,--end-group
Finished building target: cpu_prof.elf
 
Invoking: ARM v7 Print Size
arm-none-eabi-size cpu_prof.elf  |tee "cpu_prof.elf.size"
   text	   data	    bss	    dec	    hex	filename
  69612	 538848	  23328	 631788	  9a3ec	cpu_prof.elf
Finished building: cpu_prof.elf.size
 
16:04:41 **** Incremental Build of configuration Debug for project cpu_prof ****
make pre-build main-build 
a9-linaro-pre-build-step
 
make: Nothing to be done for 'main-build'.
16:11:27 **** Incremental Build of configuration Debug for project cpu_prof ****
make pre-build main-build 
a9-linaro-pre-build-step
 
make: Nothing to be done for 'main-build'.
16:13:16 **** Auto Build of configuration Debug for project cpu_prof ****
make pre-build main-build 
a9-linaro-pre-build-step
 
Building file: ../src/main.c
Invoking: ARM v7 gcc compiler
arm-none-eabi-gcc -Wall -O0 -g3 -c -fmessage-length=0 -MT"src/main.o" -mcpu=cortex-a9 -mfpu=vfpv3 -mfloat-abi=hard -I../../cpu_prof_bsp/ps7_cortexa9_0/include -MMD -MP -MF"src/main.d" -MT"src/main.o" -o "src/main.o" "../src/main.c"
In file included from ../src/main.c:8:
../../cpu_prof_bsp/ps7_cortexa9_0/include/xtime_l.h:87:9: note: #pragma message: For the sleep routines, Global timer is being used
 #pragma message ("For the sleep routines, Global timer is being used")
         ^~~~~~~
Finished building: ../src/main.c
 
Building target: cpu_prof.elf
Invoking: ARM v7 gcc linker
arm-none-eabi-gcc -mcpu=cortex-a9 -mfpu=vfpv3 -mfloat-abi=hard -Wl,-build-id=none -specs=Xilinx.spec -Wl,-T -Wl,../src/lscript.ld -L../../cpu_prof_bsp/ps7_cortexa9_0/lib -o "cpu_prof.elf" ./src/fonctions_ES.o ./src/main.o ./src/platform.o ./src/timers_b.o ./src/wei.o   -lm -Wl,--start-group,-lxil,-lgcc,-lc,--end-group
Finished building target: cpu_prof.elf
 
Invoking: ARM v7 Print Size
arm-none-eabi-size cpu_prof.elf  |tee "cpu_prof.elf.size"
   text	   data	    bss	    dec	    hex	filename
  66972	 538848	  23328	 629148	  9999c	cpu_prof.elf
Finished building: cpu_prof.elf.size
 
16:13:22 **** Incremental Build of configuration Debug for project cpu_prof ****
make pre-build main-build 
a9-linaro-pre-build-step
 
make: Nothing to be done for 'main-build'.
16:15:29 **** Auto Build of configuration Debug for project cpu_prof ****
make pre-build main-build 
a9-linaro-pre-build-step
 
Building file: ../src/main.c
Invoking: ARM v7 gcc compiler
arm-none-eabi-gcc -Wall -O0 -g3 -c -fmessage-length=0 -MT"src/main.o" -mcpu=cortex-a9 -mfpu=vfpv3 -mfloat-abi=hard -I../../cpu_prof_bsp/ps7_cortexa9_0/include -MMD -MP -MF"src/main.d" -MT"src/main.o" -o "src/main.o" "../src/main.c"
In file included from ../src/main.c:8:
../../cpu_prof_bsp/ps7_cortexa9_0/include/xtime_l.h:87:9: note: #pragma message: For the sleep routines, Global timer is being used
 #pragma message ("For the sleep routines, Global timer is being used")
         ^~~~~~~
Finished building: ../src/main.c
 
Building target: cpu_prof.elf
Invoking: ARM v7 gcc linker
arm-none-eabi-gcc -mcpu=cortex-a9 -mfpu=vfpv3 -mfloat-abi=hard -Wl,-build-id=none -specs=Xilinx.spec -Wl,-T -Wl,../src/lscript.ld -L../../cpu_prof_bsp/ps7_cortexa9_0/lib -o "cpu_prof.elf" ./src/fonctions_ES.o ./src/main.o ./src/platform.o ./src/timers_b.o ./src/wei.o   -lm -Wl,--start-group,-lxil,-lgcc,-lc,--end-group
Finished building target: cpu_prof.elf
 
Invoking: ARM v7 Print Size
arm-none-eabi-size cpu_prof.elf  |tee "cpu_prof.elf.size"
   text	   data	    bss	    dec	    hex	filename
  66972	 538848	  23328	 629148	  9999c	cpu_prof.elf
Finished building: cpu_prof.elf.size
 
16:15:32 **** Incremental Build of configuration Debug for project cpu_prof ****
make pre-build main-build 
a9-linaro-pre-build-step
 
make: Nothing to be done for 'main-build'.
16:16:23 **** Incremental Build of configuration Debug for project cpu_prof ****
make pre-build main-build 
a9-linaro-pre-build-step
 
make: Nothing to be done for 'main-build'.
16:16:54 **** Incremental Build of configuration Debug for project cpu_prof ****
make pre-build main-build 
a9-linaro-pre-build-step
 
make: Nothing to be done for 'main-build'.
16:19:29 **** Incremental Build of configuration Debug for project cpu_prof ****
make pre-build main-build 
a9-linaro-pre-build-step
 
make: Nothing to be done for 'main-build'.
16:20:43 **** Auto Build of configuration Debug for project cpu_prof ****
make pre-build main-build 
a9-linaro-pre-build-step
 
Building file: ../src/main.c
Invoking: ARM v7 gcc compiler
arm-none-eabi-gcc -Wall -O0 -g3 -c -fmessage-length=0 -MT"src/main.o" -mcpu=cortex-a9 -mfpu=vfpv3 -mfloat-abi=hard -I../../cpu_prof_bsp/ps7_cortexa9_0/include -MMD -MP -MF"src/main.d" -MT"src/main.o" -o "src/main.o" "../src/main.c"
In file included from ../src/main.c:8:
../../cpu_prof_bsp/ps7_cortexa9_0/include/xtime_l.h:87:9: note: #pragma message: For the sleep routines, Global timer is being used
 #pragma message ("For the sleep routines, Global timer is being used")
         ^~~~~~~
Finished building: ../src/main.c
 
Building target: cpu_prof.elf
Invoking: ARM v7 gcc linker
arm-none-eabi-gcc -mcpu=cortex-a9 -mfpu=vfpv3 -mfloat-abi=hard -Wl,-build-id=none -specs=Xilinx.spec -Wl,-T -Wl,../src/lscript.ld -L../../cpu_prof_bsp/ps7_cortexa9_0/lib -o "cpu_prof.elf" ./src/fonctions_ES.o ./src/main.o ./src/platform.o ./src/timers_b.o ./src/wei.o   -lm -Wl,--start-group,-lxil,-lgcc,-lc,--end-group
Finished building target: cpu_prof.elf
 
Invoking: ARM v7 Print Size
arm-none-eabi-size cpu_prof.elf  |tee "cpu_prof.elf.size"
   text	   data	    bss	    dec	    hex	filename
  67104	 538848	  23328	 629280	  99a20	cpu_prof.elf
Finished building: cpu_prof.elf.size
 
16:21:43 **** Incremental Build of configuration Debug for project cpu_prof ****
make pre-build main-build 
a9-linaro-pre-build-step
 
make: Nothing to be done for 'main-build'.
16:22:42 **** Auto Build of configuration Debug for project cpu_prof ****
make pre-build main-build 
a9-linaro-pre-build-step
 
Building file: ../src/main.c
Invoking: ARM v7 gcc compiler
arm-none-eabi-gcc -Wall -O0 -g3 -c -fmessage-length=0 -MT"src/main.o" -mcpu=cortex-a9 -mfpu=vfpv3 -mfloat-abi=hard -I../../cpu_prof_bsp/ps7_cortexa9_0/include -MMD -MP -MF"src/main.d" -MT"src/main.o" -o "src/main.o" "../src/main.c"
In file included from ../src/main.c:8:
../../cpu_prof_bsp/ps7_cortexa9_0/include/xtime_l.h:87:9: note: #pragma message: For the sleep routines, Global timer is being used
 #pragma message ("For the sleep routines, Global timer is being used")
         ^~~~~~~
Finished building: ../src/main.c
 
Building target: cpu_prof.elf
Invoking: ARM v7 gcc linker
arm-none-eabi-gcc -mcpu=cortex-a9 -mfpu=vfpv3 -mfloat-abi=hard -Wl,-build-id=none -specs=Xilinx.spec -Wl,-T -Wl,../src/lscript.ld -L../../cpu_prof_bsp/ps7_cortexa9_0/lib -o "cpu_prof.elf" ./src/fonctions_ES.o ./src/main.o ./src/platform.o ./src/timers_b.o ./src/wei.o   -lm -Wl,--start-group,-lxil,-lgcc,-lc,--end-group
Finished building target: cpu_prof.elf
 
Invoking: ARM v7 Print Size
arm-none-eabi-size cpu_prof.elf  |tee "cpu_prof.elf.size"
   text	   data	    bss	    dec	    hex	filename
  66972	 538848	  23328	 629148	  9999c	cpu_prof.elf
Finished building: cpu_prof.elf.size
 
16:23:11 **** Auto Build of configuration Debug for project cpu_prof ****
make pre-build main-build 
a9-linaro-pre-build-step
 
Building file: ../src/main.c
Invoking: ARM v7 gcc compiler
arm-none-eabi-gcc -Wall -O0 -g3 -c -fmessage-length=0 -MT"src/main.o" -mcpu=cortex-a9 -mfpu=vfpv3 -mfloat-abi=hard -I../../cpu_prof_bsp/ps7_cortexa9_0/include -MMD -MP -MF"src/main.d" -MT"src/main.o" -o "src/main.o" "../src/main.c"
In file included from ../src/main.c:8:
../../cpu_prof_bsp/ps7_cortexa9_0/include/xtime_l.h:87:9: note: #pragma message: For the sleep routines, Global timer is being used
 #pragma message ("For the sleep routines, Global timer is being used")
         ^~~~~~~
Finished building: ../src/main.c
 
Building target: cpu_prof.elf
Invoking: ARM v7 gcc linker
arm-none-eabi-gcc -mcpu=cortex-a9 -mfpu=vfpv3 -mfloat-abi=hard -Wl,-build-id=none -specs=Xilinx.spec -Wl,-T -Wl,../src/lscript.ld -L../../cpu_prof_bsp/ps7_cortexa9_0/lib -o "cpu_prof.elf" ./src/fonctions_ES.o ./src/main.o ./src/platform.o ./src/timers_b.o ./src/wei.o   -lm -Wl,--start-group,-lxil,-lgcc,-lc,--end-group
Finished building target: cpu_prof.elf
 
Invoking: ARM v7 Print Size
arm-none-eabi-size cpu_prof.elf  |tee "cpu_prof.elf.size"
   text	   data	    bss	    dec	    hex	filename
  69562	 538848	  23328	 631738	  9a3ba	cpu_prof.elf
Finished building: cpu_prof.elf.size
 
16:23:20 **** Incremental Build of configuration Debug for project cpu_prof ****
make pre-build main-build 
a9-linaro-pre-build-step
 
make: Nothing to be done for 'main-build'.
16:35:46 **** Auto Build of configuration Debug for project cpu_prof ****
make pre-build main-build 
a9-linaro-pre-build-step
 
Building file: ../src/main.c
Invoking: ARM v7 gcc compiler
arm-none-eabi-gcc -Wall -O0 -g3 -c -fmessage-length=0 -MT"src/main.o" -mcpu=cortex-a9 -mfpu=vfpv3 -mfloat-abi=hard -I../../cpu_prof_bsp/ps7_cortexa9_0/include -MMD -MP -MF"src/main.d" -MT"src/main.o" -o "src/main.o" "../src/main.c"
In file included from ../src/main.c:8:
../../cpu_prof_bsp/ps7_cortexa9_0/include/xtime_l.h:87:9: note: #pragma message: For the sleep routines, Global timer is being used
 #pragma message ("For the sleep routines, Global timer is being used")
         ^~~~~~~
Finished building: ../src/main.c
 
Building target: cpu_prof.elf
Invoking: ARM v7 gcc linker
arm-none-eabi-gcc -mcpu=cortex-a9 -mfpu=vfpv3 -mfloat-abi=hard -Wl,-build-id=none -specs=Xilinx.spec -Wl,-T -Wl,../src/lscript.ld -L../../cpu_prof_bsp/ps7_cortexa9_0/lib -o "cpu_prof.elf" ./src/fonctions_ES.o ./src/main.o ./src/platform.o ./src/timers_b.o ./src/wei.o   -lm -Wl,--start-group,-lxil,-lgcc,-lc,--end-group
Finished building target: cpu_prof.elf
 
Invoking: ARM v7 Print Size
arm-none-eabi-size cpu_prof.elf  |tee "cpu_prof.elf.size"
   text	   data	    bss	    dec	    hex	filename
  69562	 538848	  23328	 631738	  9a3ba	cpu_prof.elf
Finished building: cpu_prof.elf.size
 
16:35:46 **** Incremental Build of configuration Debug for project cpu_prof ****
make pre-build main-build 
a9-linaro-pre-build-step
 
make: Nothing to be done for 'main-build'.
16:36:17 **** Incremental Build of configuration Debug for project cpu_prof ****
make pre-build main-build 
a9-linaro-pre-build-step
 
make: Nothing to be done for 'main-build'.
16:37:25 **** Incremental Build of configuration Debug for project cpu_prof ****
make pre-build main-build 
a9-linaro-pre-build-step
 
make: Nothing to be done for 'main-build'.
16:38:32 **** Auto Build of configuration Debug for project cpu_prof ****
make pre-build main-build 
a9-linaro-pre-build-step
 
Building file: ../src/main.c
Invoking: ARM v7 gcc compiler
arm-none-eabi-gcc -Wall -O0 -g3 -c -fmessage-length=0 -MT"src/main.o" -mcpu=cortex-a9 -mfpu=vfpv3 -mfloat-abi=hard -I../../cpu_prof_bsp/ps7_cortexa9_0/include -MMD -MP -MF"src/main.d" -MT"src/main.o" -o "src/main.o" "../src/main.c"
In file included from ../src/main.c:8:
../../cpu_prof_bsp/ps7_cortexa9_0/include/xtime_l.h:87:9: note: #pragma message: For the sleep routines, Global timer is being used
 #pragma message ("For the sleep routines, Global timer is being used")
         ^~~~~~~
Finished building: ../src/main.c
 
Building target: cpu_prof.elf
Invoking: ARM v7 gcc linker
arm-none-eabi-gcc -mcpu=cortex-a9 -mfpu=vfpv3 -mfloat-abi=hard -Wl,-build-id=none -specs=Xilinx.spec -Wl,-T -Wl,../src/lscript.ld -L../../cpu_prof_bsp/ps7_cortexa9_0/lib -o "cpu_prof.elf" ./src/fonctions_ES.o ./src/main.o ./src/platform.o ./src/timers_b.o ./src/wei.o   -lm -Wl,--start-group,-lxil,-lgcc,-lc,--end-group
Finished building target: cpu_prof.elf
 
Invoking: ARM v7 Print Size
arm-none-eabi-size cpu_prof.elf  |tee "cpu_prof.elf.size"
   text	   data	    bss	    dec	    hex	filename
  69680	 538848	  23328	 631856	  9a430	cpu_prof.elf
Finished building: cpu_prof.elf.size
 
16:38:41 **** Incremental Build of configuration Debug for project cpu_prof ****
make pre-build main-build 
a9-linaro-pre-build-step
 
make: Nothing to be done for 'main-build'.
16:44:38 **** Auto Build of configuration Debug for project cpu_prof ****
make pre-build main-build 
a9-linaro-pre-build-step
 
make: Nothing to be done for 'main-build'.
16:45:18 **** Incremental Build of configuration Debug for project cpu_prof ****
make pre-build main-build 
a9-linaro-pre-build-step
 
make: Nothing to be done for 'main-build'.
16:46:08 **** Incremental Build of configuration Debug for project cpu_prof ****
make pre-build main-build 
a9-linaro-pre-build-step
 
make: Nothing to be done for 'main-build'.
16:46:55 **** Incremental Build of configuration Debug for project cpu_prof ****
make pre-build main-build 
a9-linaro-pre-build-step
 
make: Nothing to be done for 'main-build'.
16:47:39 **** Auto Build of configuration Debug for project cpu_prof ****
make pre-build main-build 
a9-linaro-pre-build-step
 
Building file: ../src/main.c
Invoking: ARM v7 gcc compiler
arm-none-eabi-gcc -Wall -O0 -g3 -c -fmessage-length=0 -MT"src/main.o" -mcpu=cortex-a9 -mfpu=vfpv3 -mfloat-abi=hard -I../../cpu_prof_bsp/ps7_cortexa9_0/include -MMD -MP -MF"src/main.d" -MT"src/main.o" -o "src/main.o" "../src/main.c"
In file included from ../src/main.c:8:
../../cpu_prof_bsp/ps7_cortexa9_0/include/xtime_l.h:87:9: note: #pragma message: For the sleep routines, Global timer is being used
 #pragma message ("For the sleep routines, Global timer is being used")
         ^~~~~~~
Finished building: ../src/main.c
 
Building target: cpu_prof.elf
Invoking: ARM v7 gcc linker
arm-none-eabi-gcc -mcpu=cortex-a9 -mfpu=vfpv3 -mfloat-abi=hard -Wl,-build-id=none -specs=Xilinx.spec -Wl,-T -Wl,../src/lscript.ld -L../../cpu_prof_bsp/ps7_cortexa9_0/lib -o "cpu_prof.elf" ./src/fonctions_ES.o ./src/main.o ./src/platform.o ./src/timers_b.o ./src/wei.o   -lm -Wl,--start-group,-lxil,-lgcc,-lc,--end-group
Finished building target: cpu_prof.elf
 
Invoking: ARM v7 Print Size
arm-none-eabi-size cpu_prof.elf  |tee "cpu_prof.elf.size"
   text	   data	    bss	    dec	    hex	filename
  69562	 538848	  23328	 631738	  9a3ba	cpu_prof.elf
Finished building: cpu_prof.elf.size
 
16:47:58 **** Incremental Build of configuration Debug for project cpu_prof ****
make pre-build main-build 
a9-linaro-pre-build-step
 
make: Nothing to be done for 'main-build'.
16:50:17 **** Incremental Build of configuration Debug for project cpu_prof ****
make pre-build main-build 
a9-linaro-pre-build-step
 
make: Nothing to be done for 'main-build'.
16:52:20 **** Auto Build of configuration Debug for project cpu_prof ****
make pre-build main-build 
a9-linaro-pre-build-step
 
Building file: ../src/main.c
Invoking: ARM v7 gcc compiler
arm-none-eabi-gcc -Wall -O0 -g3 -c -fmessage-length=0 -MT"src/main.o" -mcpu=cortex-a9 -mfpu=vfpv3 -mfloat-abi=hard -I../../cpu_prof_bsp/ps7_cortexa9_0/include -MMD -MP -MF"src/main.d" -MT"src/main.o" -o "src/main.o" "../src/main.c"
In file included from ../src/main.c:8:
../../cpu_prof_bsp/ps7_cortexa9_0/include/xtime_l.h:87:9: note: #pragma message: For the sleep routines, Global timer is being used
 #pragma message ("For the sleep routines, Global timer is being used")
         ^~~~~~~
Finished building: ../src/main.c
 
Building target: cpu_prof.elf
Invoking: ARM v7 gcc linker
arm-none-eabi-gcc -mcpu=cortex-a9 -mfpu=vfpv3 -mfloat-abi=hard -Wl,-build-id=none -specs=Xilinx.spec -Wl,-T -Wl,../src/lscript.ld -L../../cpu_prof_bsp/ps7_cortexa9_0/lib -o "cpu_prof.elf" ./src/fonctions_ES.o ./src/main.o ./src/platform.o ./src/timers_b.o ./src/wei.o   -lm -Wl,--start-group,-lxil,-lgcc,-lc,--end-group
Finished building target: cpu_prof.elf
 
Invoking: ARM v7 Print Size
arm-none-eabi-size cpu_prof.elf  |tee "cpu_prof.elf.size"
   text	   data	    bss	    dec	    hex	filename
  69680	 538848	  23328	 631856	  9a430	cpu_prof.elf
Finished building: cpu_prof.elf.size
 
16:52:33 **** Incremental Build of configuration Debug for project cpu_prof ****
make pre-build main-build 
a9-linaro-pre-build-step
 
make: Nothing to be done for 'main-build'.
16:53:02 **** Auto Build of configuration Debug for project cpu_prof ****
make pre-build main-build 
a9-linaro-pre-build-step
 
Building file: ../src/main.c
Invoking: ARM v7 gcc compiler
arm-none-eabi-gcc -Wall -O0 -g3 -c -fmessage-length=0 -MT"src/main.o" -mcpu=cortex-a9 -mfpu=vfpv3 -mfloat-abi=hard -I../../cpu_prof_bsp/ps7_cortexa9_0/include -MMD -MP -MF"src/main.d" -MT"src/main.o" -o "src/main.o" "../src/main.c"
In file included from ../src/main.c:8:
../../cpu_prof_bsp/ps7_cortexa9_0/include/xtime_l.h:87:9: note: #pragma message: For the sleep routines, Global timer is being used
 #pragma message ("For the sleep routines, Global timer is being used")
         ^~~~~~~
Finished building: ../src/main.c
 
Building target: cpu_prof.elf
Invoking: ARM v7 gcc linker
arm-none-eabi-gcc -mcpu=cortex-a9 -mfpu=vfpv3 -mfloat-abi=hard -Wl,-build-id=none -specs=Xilinx.spec -Wl,-T -Wl,../src/lscript.ld -L../../cpu_prof_bsp/ps7_cortexa9_0/lib -o "cpu_prof.elf" ./src/fonctions_ES.o ./src/main.o ./src/platform.o ./src/timers_b.o ./src/wei.o   -lm -Wl,--start-group,-lxil,-lgcc,-lc,--end-group
Finished building target: cpu_prof.elf
 
Invoking: ARM v7 Print Size
arm-none-eabi-size cpu_prof.elf  |tee "cpu_prof.elf.size"
   text	   data	    bss	    dec	    hex	filename
  69570	 538848	  23328	 631746	  9a3c2	cpu_prof.elf
Finished building: cpu_prof.elf.size
 
16:53:14 **** Incremental Build of configuration Debug for project cpu_prof ****
make pre-build main-build 
a9-linaro-pre-build-step
 
make: Nothing to be done for 'main-build'.
16:56:25 **** Incremental Build of configuration Debug for project cpu_prof ****
make pre-build main-build 
a9-linaro-pre-build-step
 
make: Nothing to be done for 'main-build'.
16:59:52 **** Incremental Build of configuration Debug for project cpu_prof ****
make pre-build main-build 
a9-linaro-pre-build-step
 
make: Nothing to be done for 'main-build'.
17:02:32 **** Auto Build of configuration Debug for project cpu_prof ****
make pre-build main-build 
a9-linaro-pre-build-step
 
Building file: ../src/main.c
Invoking: ARM v7 gcc compiler
arm-none-eabi-gcc -Wall -O0 -g3 -c -fmessage-length=0 -MT"src/main.o" -mcpu=cortex-a9 -mfpu=vfpv3 -mfloat-abi=hard -I../../cpu_prof_bsp/ps7_cortexa9_0/include -MMD -MP -MF"src/main.d" -MT"src/main.o" -o "src/main.o" "../src/main.c"
In file included from ../src/main.c:8:
../../cpu_prof_bsp/ps7_cortexa9_0/include/xtime_l.h:87:9: note: #pragma message: For the sleep routines, Global timer is being used
 #pragma message ("For the sleep routines, Global timer is being used")
         ^~~~~~~
Finished building: ../src/main.c
 
Building target: cpu_prof.elf
Invoking: ARM v7 gcc linker
arm-none-eabi-gcc -mcpu=cortex-a9 -mfpu=vfpv3 -mfloat-abi=hard -Wl,-build-id=none -specs=Xilinx.spec -Wl,-T -Wl,../src/lscript.ld -L../../cpu_prof_bsp/ps7_cortexa9_0/lib -o "cpu_prof.elf" ./src/fonctions_ES.o ./src/main.o ./src/platform.o ./src/timers_b.o ./src/wei.o   -lm -Wl,--start-group,-lxil,-lgcc,-lc,--end-group
Finished building target: cpu_prof.elf
 
Invoking: ARM v7 Print Size
arm-none-eabi-size cpu_prof.elf  |tee "cpu_prof.elf.size"
   text	   data	    bss	    dec	    hex	filename
  69570	 538848	  23328	 631746	  9a3c2	cpu_prof.elf
Finished building: cpu_prof.elf.size
 
17:04:49 **** Auto Build of configuration Debug for project cpu_prof ****
make pre-build main-build 
a9-linaro-pre-build-step
 
Building file: ../src/main.c
Invoking: ARM v7 gcc compiler
arm-none-eabi-gcc -Wall -O0 -g3 -c -fmessage-length=0 -MT"src/main.o" -mcpu=cortex-a9 -mfpu=vfpv3 -mfloat-abi=hard -I../../cpu_prof_bsp/ps7_cortexa9_0/include -MMD -MP -MF"src/main.d" -MT"src/main.o" -o "src/main.o" "../src/main.c"
In file included from ../src/main.c:8:
../../cpu_prof_bsp/ps7_cortexa9_0/include/xtime_l.h:87:9: note: #pragma message: For the sleep routines, Global timer is being used
 #pragma message ("For the sleep routines, Global timer is being used")
         ^~~~~~~
../src/main.c: In function 'main':
../src/main.c:185:13: warning: format '%d' expects argument of type 'int', but argument 2 has type 'double' [-Wformat=]
    printf("%d ", Layer4_Neurons_CPU[i]);
            ~^    ~~~~~~~~~~~~~~~~~~~~~
            %f
Finished building: ../src/main.c
 
Building target: cpu_prof.elf
Invoking: ARM v7 gcc linker
arm-none-eabi-gcc -mcpu=cortex-a9 -mfpu=vfpv3 -mfloat-abi=hard -Wl,-build-id=none -specs=Xilinx.spec -Wl,-T -Wl,../src/lscript.ld -L../../cpu_prof_bsp/ps7_cortexa9_0/lib -o "cpu_prof.elf" ./src/fonctions_ES.o ./src/main.o ./src/platform.o ./src/timers_b.o ./src/wei.o   -lm -Wl,--start-group,-lxil,-lgcc,-lc,--end-group
Finished building target: cpu_prof.elf
 
Invoking: ARM v7 Print Size
arm-none-eabi-size cpu_prof.elf  |tee "cpu_prof.elf.size"
   text	   data	    bss	    dec	    hex	filename
  69684	 538848	  23328	 631860	  9a434	cpu_prof.elf
Finished building: cpu_prof.elf.size
 
17:05:10 **** Auto Build of configuration Debug for project cpu_prof ****
make pre-build main-build 
a9-linaro-pre-build-step
 
Building file: ../src/main.c
Invoking: ARM v7 gcc compiler
arm-none-eabi-gcc -Wall -O0 -g3 -c -fmessage-length=0 -MT"src/main.o" -mcpu=cortex-a9 -mfpu=vfpv3 -mfloat-abi=hard -I../../cpu_prof_bsp/ps7_cortexa9_0/include -MMD -MP -MF"src/main.d" -MT"src/main.o" -o "src/main.o" "../src/main.c"
In file included from ../src/main.c:8:
../../cpu_prof_bsp/ps7_cortexa9_0/include/xtime_l.h:87:9: note: #pragma message: For the sleep routines, Global timer is being used
 #pragma message ("For the sleep routines, Global timer is being used")
         ^~~~~~~
../src/main.c: In function 'main':
../src/main.c:185:14: warning: format '%ld' expects argument of type 'long int', but argument 2 has type 'double' [-Wformat=]
    printf("%ld ", Layer4_Neurons_CPU[i]);
            ~~^    ~~~~~~~~~~~~~~~~~~~~~
            %f
Finished building: ../src/main.c
 
Building target: cpu_prof.elf
Invoking: ARM v7 gcc linker
arm-none-eabi-gcc -mcpu=cortex-a9 -mfpu=vfpv3 -mfloat-abi=hard -Wl,-build-id=none -specs=Xilinx.spec -Wl,-T -Wl,../src/lscript.ld -L../../cpu_prof_bsp/ps7_cortexa9_0/lib -o "cpu_prof.elf" ./src/fonctions_ES.o ./src/main.o ./src/platform.o ./src/timers_b.o ./src/wei.o   -lm -Wl,--start-group,-lxil,-lgcc,-lc,--end-group
Finished building target: cpu_prof.elf
 
Invoking: ARM v7 Print Size
arm-none-eabi-size cpu_prof.elf  |tee "cpu_prof.elf.size"
   text	   data	    bss	    dec	    hex	filename
  69692	 538848	  23328	 631868	  9a43c	cpu_prof.elf
Finished building: cpu_prof.elf.size
 
17:05:18 **** Auto Build of configuration Debug for project cpu_prof ****
make pre-build main-build 
a9-linaro-pre-build-step
 
Building file: ../src/main.c
Invoking: ARM v7 gcc compiler
arm-none-eabi-gcc -Wall -O0 -g3 -c -fmessage-length=0 -MT"src/main.o" -mcpu=cortex-a9 -mfpu=vfpv3 -mfloat-abi=hard -I../../cpu_prof_bsp/ps7_cortexa9_0/include -MMD -MP -MF"src/main.d" -MT"src/main.o" -o "src/main.o" "../src/main.c"
In file included from ../src/main.c:8:
../../cpu_prof_bsp/ps7_cortexa9_0/include/xtime_l.h:87:9: note: #pragma message: For the sleep routines, Global timer is being used
 #pragma message ("For the sleep routines, Global timer is being used")
         ^~~~~~~
Finished building: ../src/main.c
 
Building target: cpu_prof.elf
Invoking: ARM v7 gcc linker
arm-none-eabi-gcc -mcpu=cortex-a9 -mfpu=vfpv3 -mfloat-abi=hard -Wl,-build-id=none -specs=Xilinx.spec -Wl,-T -Wl,../src/lscript.ld -L../../cpu_prof_bsp/ps7_cortexa9_0/lib -o "cpu_prof.elf" ./src/fonctions_ES.o ./src/main.o ./src/platform.o ./src/timers_b.o ./src/wei.o   -lm -Wl,--start-group,-lxil,-lgcc,-lc,--end-group
Finished building target: cpu_prof.elf
 
Invoking: ARM v7 Print Size
arm-none-eabi-size cpu_prof.elf  |tee "cpu_prof.elf.size"
   text	   data	    bss	    dec	    hex	filename
  69684	 538848	  23328	 631860	  9a434	cpu_prof.elf
Finished building: cpu_prof.elf.size
 
17:05:29 **** Incremental Build of configuration Debug for project cpu_prof ****
make pre-build main-build 
a9-linaro-pre-build-step
 
make: Nothing to be done for 'main-build'.
17:06:26 **** Auto Build of configuration Debug for project cpu_prof ****
make pre-build main-build 
a9-linaro-pre-build-step
 
Building file: ../src/main.c
Invoking: ARM v7 gcc compiler
arm-none-eabi-gcc -Wall -O0 -g3 -c -fmessage-length=0 -MT"src/main.o" -mcpu=cortex-a9 -mfpu=vfpv3 -mfloat-abi=hard -I../../cpu_prof_bsp/ps7_cortexa9_0/include -MMD -MP -MF"src/main.d" -MT"src/main.o" -o "src/main.o" "../src/main.c"
In file included from ../src/main.c:8:
../../cpu_prof_bsp/ps7_cortexa9_0/include/xtime_l.h:87:9: note: #pragma message: For the sleep routines, Global timer is being used
 #pragma message ("For the sleep routines, Global timer is being used")
         ^~~~~~~
Finished building: ../src/main.c
 
Building target: cpu_prof.elf
Invoking: ARM v7 gcc linker
arm-none-eabi-gcc -mcpu=cortex-a9 -mfpu=vfpv3 -mfloat-abi=hard -Wl,-build-id=none -specs=Xilinx.spec -Wl,-T -Wl,../src/lscript.ld -L../../cpu_prof_bsp/ps7_cortexa9_0/lib -o "cpu_prof.elf" ./src/fonctions_ES.o ./src/main.o ./src/platform.o ./src/timers_b.o ./src/wei.o   -lm -Wl,--start-group,-lxil,-lgcc,-lc,--end-group
Finished building target: cpu_prof.elf
 
Invoking: ARM v7 Print Size
arm-none-eabi-size cpu_prof.elf  |tee "cpu_prof.elf.size"
   text	   data	    bss	    dec	    hex	filename
  69684	 538848	  23328	 631860	  9a434	cpu_prof.elf
Finished building: cpu_prof.elf.size
 
17:06:30 **** Incremental Build of configuration Debug for project cpu_prof ****
make pre-build main-build 
a9-linaro-pre-build-step
 
make: Nothing to be done for 'main-build'.
17:07:39 **** Auto Build of configuration Debug for project cpu_prof ****
make pre-build main-build 
a9-linaro-pre-build-step
 
Building file: ../src/main.c
Invoking: ARM v7 gcc compiler
arm-none-eabi-gcc -Wall -O0 -g3 -c -fmessage-length=0 -MT"src/main.o" -mcpu=cortex-a9 -mfpu=vfpv3 -mfloat-abi=hard -I../../cpu_prof_bsp/ps7_cortexa9_0/include -MMD -MP -MF"src/main.d" -MT"src/main.o" -o "src/main.o" "../src/main.c"
In file included from ../src/main.c:8:
../../cpu_prof_bsp/ps7_cortexa9_0/include/xtime_l.h:87:9: note: #pragma message: For the sleep routines, Global timer is being used
 #pragma message ("For the sleep routines, Global timer is being used")
         ^~~~~~~
Finished building: ../src/main.c
 
Building target: cpu_prof.elf
Invoking: ARM v7 gcc linker
arm-none-eabi-gcc -mcpu=cortex-a9 -mfpu=vfpv3 -mfloat-abi=hard -Wl,-build-id=none -specs=Xilinx.spec -Wl,-T -Wl,../src/lscript.ld -L../../cpu_prof_bsp/ps7_cortexa9_0/lib -o "cpu_prof.elf" ./src/fonctions_ES.o ./src/main.o ./src/platform.o ./src/timers_b.o ./src/wei.o   -lm -Wl,--start-group,-lxil,-lgcc,-lc,--end-group
Finished building target: cpu_prof.elf
 
Invoking: ARM v7 Print Size
arm-none-eabi-size cpu_prof.elf  |tee "cpu_prof.elf.size"
   text	   data	    bss	    dec	    hex	filename
  69684	 538848	  23328	 631860	  9a434	cpu_prof.elf
Finished building: cpu_prof.elf.size
 
17:07:45 **** Incremental Build of configuration Debug for project cpu_prof ****
make pre-build main-build 
a9-linaro-pre-build-step
 
make: Nothing to be done for 'main-build'.
17:08:20 **** Auto Build of configuration Debug for project cpu_prof ****
make pre-build main-build 
a9-linaro-pre-build-step
 
Building file: ../src/main.c
Invoking: ARM v7 gcc compiler
arm-none-eabi-gcc -Wall -O0 -g3 -c -fmessage-length=0 -MT"src/main.o" -mcpu=cortex-a9 -mfpu=vfpv3 -mfloat-abi=hard -I../../cpu_prof_bsp/ps7_cortexa9_0/include -MMD -MP -MF"src/main.d" -MT"src/main.o" -o "src/main.o" "../src/main.c"
In file included from ../src/main.c:8:
../../cpu_prof_bsp/ps7_cortexa9_0/include/xtime_l.h:87:9: note: #pragma message: For the sleep routines, Global timer is being used
 #pragma message ("For the sleep routines, Global timer is being used")
         ^~~~~~~
Finished building: ../src/main.c
 
Building target: cpu_prof.elf
Invoking: ARM v7 gcc linker
arm-none-eabi-gcc -mcpu=cortex-a9 -mfpu=vfpv3 -mfloat-abi=hard -Wl,-build-id=none -specs=Xilinx.spec -Wl,-T -Wl,../src/lscript.ld -L../../cpu_prof_bsp/ps7_cortexa9_0/lib -o "cpu_prof.elf" ./src/fonctions_ES.o ./src/main.o ./src/platform.o ./src/timers_b.o ./src/wei.o   -lm -Wl,--start-group,-lxil,-lgcc,-lc,--end-group
Finished building target: cpu_prof.elf
 
Invoking: ARM v7 Print Size
arm-none-eabi-size cpu_prof.elf  |tee "cpu_prof.elf.size"
   text	   data	    bss	    dec	    hex	filename
  69684	 538848	  23328	 631860	  9a434	cpu_prof.elf
Finished building: cpu_prof.elf.size
 
17:08:20 **** Incremental Build of configuration Debug for project cpu_prof ****
make pre-build main-build 
a9-linaro-pre-build-step
 
make: Nothing to be done for 'main-build'.
17:09:14 **** Auto Build of configuration Debug for project cpu_prof ****
make pre-build main-build 
a9-linaro-pre-build-step
 
Building file: ../src/main.c
Invoking: ARM v7 gcc compiler
arm-none-eabi-gcc -Wall -O0 -g3 -c -fmessage-length=0 -MT"src/main.o" -mcpu=cortex-a9 -mfpu=vfpv3 -mfloat-abi=hard -I../../cpu_prof_bsp/ps7_cortexa9_0/include -MMD -MP -MF"src/main.d" -MT"src/main.o" -o "src/main.o" "../src/main.c"
In file included from ../src/main.c:8:
../../cpu_prof_bsp/ps7_cortexa9_0/include/xtime_l.h:87:9: note: #pragma message: For the sleep routines, Global timer is being used
 #pragma message ("For the sleep routines, Global timer is being used")
         ^~~~~~~
Finished building: ../src/main.c
 
Building target: cpu_prof.elf
Invoking: ARM v7 gcc linker
arm-none-eabi-gcc -mcpu=cortex-a9 -mfpu=vfpv3 -mfloat-abi=hard -Wl,-build-id=none -specs=Xilinx.spec -Wl,-T -Wl,../src/lscript.ld -L../../cpu_prof_bsp/ps7_cortexa9_0/lib -o "cpu_prof.elf" ./src/fonctions_ES.o ./src/main.o ./src/platform.o ./src/timers_b.o ./src/wei.o   -lm -Wl,--start-group,-lxil,-lgcc,-lc,--end-group
Finished building target: cpu_prof.elf
 
Invoking: ARM v7 Print Size
arm-none-eabi-size cpu_prof.elf  |tee "cpu_prof.elf.size"
   text	   data	    bss	    dec	    hex	filename
  69684	 538848	  23328	 631860	  9a434	cpu_prof.elf
Finished building: cpu_prof.elf.size
 
17:09:17 **** Auto Build of configuration Debug for project cpu_prof ****
make pre-build main-build 
a9-linaro-pre-build-step
 
Building file: ../src/main.c
Invoking: ARM v7 gcc compiler
arm-none-eabi-gcc -Wall -O0 -g3 -c -fmessage-length=0 -MT"src/main.o" -mcpu=cortex-a9 -mfpu=vfpv3 -mfloat-abi=hard -I../../cpu_prof_bsp/ps7_cortexa9_0/include -MMD -MP -MF"src/main.d" -MT"src/main.o" -o "src/main.o" "../src/main.c"
In file included from ../src/main.c:8:
../../cpu_prof_bsp/ps7_cortexa9_0/include/xtime_l.h:87:9: note: #pragma message: For the sleep routines, Global timer is being used
 #pragma message ("For the sleep routines, Global timer is being used")
         ^~~~~~~
Finished building: ../src/main.c
 
Building target: cpu_prof.elf
Invoking: ARM v7 gcc linker
arm-none-eabi-gcc -mcpu=cortex-a9 -mfpu=vfpv3 -mfloat-abi=hard -Wl,-build-id=none -specs=Xilinx.spec -Wl,-T -Wl,../src/lscript.ld -L../../cpu_prof_bsp/ps7_cortexa9_0/lib -o "cpu_prof.elf" ./src/fonctions_ES.o ./src/main.o ./src/platform.o ./src/timers_b.o ./src/wei.o   -lm -Wl,--start-group,-lxil,-lgcc,-lc,--end-group
Finished building target: cpu_prof.elf
 
Invoking: ARM v7 Print Size
arm-none-eabi-size cpu_prof.elf  |tee "cpu_prof.elf.size"
   text	   data	    bss	    dec	    hex	filename
  69684	 538848	  23328	 631860	  9a434	cpu_prof.elf
Finished building: cpu_prof.elf.size
 
17:09:20 **** Incremental Build of configuration Debug for project cpu_prof ****
make pre-build main-build 
a9-linaro-pre-build-step
 
make: Nothing to be done for 'main-build'.
17:09:25 **** Auto Build of configuration Debug for project cpu_prof ****
make pre-build main-build 
a9-linaro-pre-build-step
 
Building file: ../src/main.c
Invoking: ARM v7 gcc compiler
arm-none-eabi-gcc -Wall -O0 -g3 -c -fmessage-length=0 -MT"src/main.o" -mcpu=cortex-a9 -mfpu=vfpv3 -mfloat-abi=hard -I../../cpu_prof_bsp/ps7_cortexa9_0/include -MMD -MP -MF"src/main.d" -MT"src/main.o" -o "src/main.o" "../src/main.c"
In file included from ../src/main.c:8:
../../cpu_prof_bsp/ps7_cortexa9_0/include/xtime_l.h:87:9: note: #pragma message: For the sleep routines, Global timer is being used
 #pragma message ("For the sleep routines, Global timer is being used")
         ^~~~~~~
Finished building: ../src/main.c
 
Building target: cpu_prof.elf
Invoking: ARM v7 gcc linker
arm-none-eabi-gcc -mcpu=cortex-a9 -mfpu=vfpv3 -mfloat-abi=hard -Wl,-build-id=none -specs=Xilinx.spec -Wl,-T -Wl,../src/lscript.ld -L../../cpu_prof_bsp/ps7_cortexa9_0/lib -o "cpu_prof.elf" ./src/fonctions_ES.o ./src/main.o ./src/platform.o ./src/timers_b.o ./src/wei.o   -lm -Wl,--start-group,-lxil,-lgcc,-lc,--end-group
Finished building target: cpu_prof.elf
 
Invoking: ARM v7 Print Size
arm-none-eabi-size cpu_prof.elf  |tee "cpu_prof.elf.size"
   text	   data	    bss	    dec	    hex	filename
  69684	 538848	  23328	 631860	  9a434	cpu_prof.elf
Finished building: cpu_prof.elf.size
 
17:09:40 **** Auto Build of configuration Debug for project cpu_prof ****
make pre-build main-build 
a9-linaro-pre-build-step
 
Building file: ../src/main.c
Invoking: ARM v7 gcc compiler
arm-none-eabi-gcc -Wall -O0 -g3 -c -fmessage-length=0 -MT"src/main.o" -mcpu=cortex-a9 -mfpu=vfpv3 -mfloat-abi=hard -I../../cpu_prof_bsp/ps7_cortexa9_0/include -MMD -MP -MF"src/main.d" -MT"src/main.o" -o "src/main.o" "../src/main.c"
In file included from ../src/main.c:8:
../../cpu_prof_bsp/ps7_cortexa9_0/include/xtime_l.h:87:9: note: #pragma message: For the sleep routines, Global timer is being used
 #pragma message ("For the sleep routines, Global timer is being used")
         ^~~~~~~
Finished building: ../src/main.c
 
Building target: cpu_prof.elf
Invoking: ARM v7 gcc linker
arm-none-eabi-gcc -mcpu=cortex-a9 -mfpu=vfpv3 -mfloat-abi=hard -Wl,-build-id=none -specs=Xilinx.spec -Wl,-T -Wl,../src/lscript.ld -L../../cpu_prof_bsp/ps7_cortexa9_0/lib -o "cpu_prof.elf" ./src/fonctions_ES.o ./src/main.o ./src/platform.o ./src/timers_b.o ./src/wei.o   -lm -Wl,--start-group,-lxil,-lgcc,-lc,--end-group
Finished building target: cpu_prof.elf
 
Invoking: ARM v7 Print Size
arm-none-eabi-size cpu_prof.elf  |tee "cpu_prof.elf.size"
   text	   data	    bss	    dec	    hex	filename
  69684	 538848	  23328	 631860	  9a434	cpu_prof.elf
Finished building: cpu_prof.elf.size
 
17:09:43 **** Incremental Build of configuration Debug for project cpu_prof ****
make pre-build main-build 
a9-linaro-pre-build-step
 
make: Nothing to be done for 'main-build'.
17:10:00 **** Auto Build of configuration Debug for project cpu_prof ****
make pre-build main-build 
a9-linaro-pre-build-step
 
Building file: ../src/main.c
Invoking: ARM v7 gcc compiler
arm-none-eabi-gcc -Wall -O0 -g3 -c -fmessage-length=0 -MT"src/main.o" -mcpu=cortex-a9 -mfpu=vfpv3 -mfloat-abi=hard -I../../cpu_prof_bsp/ps7_cortexa9_0/include -MMD -MP -MF"src/main.d" -MT"src/main.o" -o "src/main.o" "../src/main.c"
In file included from ../src/main.c:8:
../../cpu_prof_bsp/ps7_cortexa9_0/include/xtime_l.h:87:9: note: #pragma message: For the sleep routines, Global timer is being used
 #pragma message ("For the sleep routines, Global timer is being used")
         ^~~~~~~
Finished building: ../src/main.c
 
Building target: cpu_prof.elf
Invoking: ARM v7 gcc linker
arm-none-eabi-gcc -mcpu=cortex-a9 -mfpu=vfpv3 -mfloat-abi=hard -Wl,-build-id=none -specs=Xilinx.spec -Wl,-T -Wl,../src/lscript.ld -L../../cpu_prof_bsp/ps7_cortexa9_0/lib -o "cpu_prof.elf" ./src/fonctions_ES.o ./src/main.o ./src/platform.o ./src/timers_b.o ./src/wei.o   -lm -Wl,--start-group,-lxil,-lgcc,-lc,--end-group
Finished building target: cpu_prof.elf
 
Invoking: ARM v7 Print Size
arm-none-eabi-size cpu_prof.elf  |tee "cpu_prof.elf.size"
   text	   data	    bss	    dec	    hex	filename
  69684	 538848	  23328	 631860	  9a434	cpu_prof.elf
Finished building: cpu_prof.elf.size
 
17:10:04 **** Incremental Build of configuration Debug for project cpu_prof ****
make pre-build main-build 
a9-linaro-pre-build-step
 
make: Nothing to be done for 'main-build'.
17:15:03 **** Incremental Build of configuration Debug for project cpu_prof ****
make pre-build main-build 
a9-linaro-pre-build-step
 
Building file: ../src/main.c
Invoking: ARM v7 gcc compiler
arm-none-eabi-gcc -Wall -O0 -g3 -c -fmessage-length=0 -MT"src/main.o" -mcpu=cortex-a9 -mfpu=vfpv3 -mfloat-abi=hard -I../../cpu_prof_bsp/ps7_cortexa9_0/include -MMD -MP -MF"src/main.d" -MT"src/main.o" -o "src/main.o" "../src/main.c"
In file included from ../src/main.c:8:
../../cpu_prof_bsp/ps7_cortexa9_0/include/xtime_l.h:87:9: note: #pragma message: For the sleep routines, Global timer is being used
 #pragma message ("For the sleep routines, Global timer is being used")
         ^~~~~~~
Finished building: ../src/main.c
 
Building file: ../src/wei.c
Invoking: ARM v7 gcc compiler
arm-none-eabi-gcc -Wall -O0 -g3 -c -fmessage-length=0 -MT"src/wei.o" -mcpu=cortex-a9 -mfpu=vfpv3 -mfloat-abi=hard -I../../cpu_prof_bsp/ps7_cortexa9_0/include -MMD -MP -MF"src/wei.d" -MT"src/wei.o" -o "src/wei.o" "../src/wei.c"
Finished building: ../src/wei.c
 
Building target: cpu_prof.elf
Invoking: ARM v7 gcc linker
arm-none-eabi-gcc -mcpu=cortex-a9 -mfpu=vfpv3 -mfloat-abi=hard -Wl,-build-id=none -specs=Xilinx.spec -Wl,-T -Wl,../src/lscript.ld -L../../cpu_prof_bsp/ps7_cortexa9_0/lib -o "cpu_prof.elf" ./src/fonctions_ES.o ./src/main.o ./src/platform.o ./src/timers_b.o ./src/wei.o   -lm -Wl,--start-group,-lxil,-lgcc,-lc,--end-group
Finished building target: cpu_prof.elf
 
Invoking: ARM v7 Print Size
arm-none-eabi-size cpu_prof.elf  |tee "cpu_prof.elf.size"
   text	   data	    bss	    dec	    hex	filename
  69684	 538848	  23328	 631860	  9a434	cpu_prof.elf
Finished building: cpu_prof.elf.size
 
17:15:50 **** Auto Build of configuration Debug for project cpu_prof ****
make pre-build main-build 
a9-linaro-pre-build-step
 
Building file: ../src/main.c
Invoking: ARM v7 gcc compiler
arm-none-eabi-gcc -Wall -O0 -g3 -c -fmessage-length=0 -MT"src/main.o" -mcpu=cortex-a9 -mfpu=vfpv3 -mfloat-abi=hard -I../../cpu_prof_bsp/ps7_cortexa9_0/include -MMD -MP -MF"src/main.d" -MT"src/main.o" -o "src/main.o" "../src/main.c"
In file included from ../src/main.c:8:
../../cpu_prof_bsp/ps7_cortexa9_0/include/xtime_l.h:87:9: note: #pragma message: For the sleep routines, Global timer is being used
 #pragma message ("For the sleep routines, Global timer is being used")
         ^~~~~~~
Finished building: ../src/main.c
 
Building target: cpu_prof.elf
Invoking: ARM v7 gcc linker
arm-none-eabi-gcc -mcpu=cortex-a9 -mfpu=vfpv3 -mfloat-abi=hard -Wl,-build-id=none -specs=Xilinx.spec -Wl,-T -Wl,../src/lscript.ld -L../../cpu_prof_bsp/ps7_cortexa9_0/lib -o "cpu_prof.elf" ./src/fonctions_ES.o ./src/main.o ./src/platform.o ./src/timers_b.o ./src/wei.o   -lm -Wl,--start-group,-lxil,-lgcc,-lc,--end-group
Finished building target: cpu_prof.elf
 
Invoking: ARM v7 Print Size
arm-none-eabi-size cpu_prof.elf  |tee "cpu_prof.elf.size"
   text	   data	    bss	    dec	    hex	filename
  69684	 538848	  23328	 631860	  9a434	cpu_prof.elf
Finished building: cpu_prof.elf.size
 
17:15:53 **** Incremental Build of configuration Debug for project cpu_prof ****
make pre-build main-build 
a9-linaro-pre-build-step
 
make: Nothing to be done for 'main-build'.
17:16:41 **** Auto Build of configuration Debug for project cpu_prof ****
make pre-build main-build 
a9-linaro-pre-build-step
 
Building file: ../src/main.c
Invoking: ARM v7 gcc compiler
arm-none-eabi-gcc -Wall -O0 -g3 -c -fmessage-length=0 -MT"src/main.o" -mcpu=cortex-a9 -mfpu=vfpv3 -mfloat-abi=hard -I../../cpu_prof_bsp/ps7_cortexa9_0/include -MMD -MP -MF"src/main.d" -MT"src/main.o" -o "src/main.o" "../src/main.c"
In file included from ../src/main.c:8:
../../cpu_prof_bsp/ps7_cortexa9_0/include/xtime_l.h:87:9: note: #pragma message: For the sleep routines, Global timer is being used
 #pragma message ("For the sleep routines, Global timer is being used")
         ^~~~~~~
Finished building: ../src/main.c
 
Building target: cpu_prof.elf
Invoking: ARM v7 gcc linker
arm-none-eabi-gcc -mcpu=cortex-a9 -mfpu=vfpv3 -mfloat-abi=hard -Wl,-build-id=none -specs=Xilinx.spec -Wl,-T -Wl,../src/lscript.ld -L../../cpu_prof_bsp/ps7_cortexa9_0/lib -o "cpu_prof.elf" ./src/fonctions_ES.o ./src/main.o ./src/platform.o ./src/timers_b.o ./src/wei.o   -lm -Wl,--start-group,-lxil,-lgcc,-lc,--end-group
Finished building target: cpu_prof.elf
 
Invoking: ARM v7 Print Size
arm-none-eabi-size cpu_prof.elf  |tee "cpu_prof.elf.size"
   text	   data	    bss	    dec	    hex	filename
  69570	 538848	  23328	 631746	  9a3c2	cpu_prof.elf
Finished building: cpu_prof.elf.size
 
17:18:32 **** Auto Build of configuration Debug for project cpu_prof ****
make pre-build main-build 
a9-linaro-pre-build-step
 
Building file: ../src/main.c
Invoking: ARM v7 gcc compiler
arm-none-eabi-gcc -Wall -O0 -g3 -c -fmessage-length=0 -MT"src/main.o" -mcpu=cortex-a9 -mfpu=vfpv3 -mfloat-abi=hard -I../../cpu_prof_bsp/ps7_cortexa9_0/include -MMD -MP -MF"src/main.d" -MT"src/main.o" -o "src/main.o" "../src/main.c"
In file included from ../src/main.c:8:
../../cpu_prof_bsp/ps7_cortexa9_0/include/xtime_l.h:87:9: note: #pragma message: For the sleep routines, Global timer is being used
 #pragma message ("For the sleep routines, Global timer is being used")
         ^~~~~~~
Finished building: ../src/main.c
 
Building target: cpu_prof.elf
Invoking: ARM v7 gcc linker
arm-none-eabi-gcc -mcpu=cortex-a9 -mfpu=vfpv3 -mfloat-abi=hard -Wl,-build-id=none -specs=Xilinx.spec -Wl,-T -Wl,../src/lscript.ld -L../../cpu_prof_bsp/ps7_cortexa9_0/lib -o "cpu_prof.elf" ./src/fonctions_ES.o ./src/main.o ./src/platform.o ./src/timers_b.o ./src/wei.o   -lm -Wl,--start-group,-lxil,-lgcc,-lc,--end-group
Finished building target: cpu_prof.elf
 
Invoking: ARM v7 Print Size
arm-none-eabi-size cpu_prof.elf  |tee "cpu_prof.elf.size"
   text	   data	    bss	    dec	    hex	filename
  69684	 538848	  23328	 631860	  9a434	cpu_prof.elf
Finished building: cpu_prof.elf.size
 
17:18:35 **** Incremental Build of configuration Debug for project cpu_prof ****
make pre-build main-build 
a9-linaro-pre-build-step
 
make: Nothing to be done for 'main-build'.
17:22:02 **** Auto Build of configuration Debug for project cpu_prof ****
make pre-build main-build 
a9-linaro-pre-build-step
 
Building file: ../src/main.c
Invoking: ARM v7 gcc compiler
arm-none-eabi-gcc -Wall -O0 -g3 -c -fmessage-length=0 -MT"src/main.o" -mcpu=cortex-a9 -mfpu=vfpv3 -mfloat-abi=hard -I../../cpu_prof_bsp/ps7_cortexa9_0/include -MMD -MP -MF"src/main.d" -MT"src/main.o" -o "src/main.o" "../src/main.c"
In file included from ../src/main.c:8:
../../cpu_prof_bsp/ps7_cortexa9_0/include/xtime_l.h:87:9: note: #pragma message: For the sleep routines, Global timer is being used
 #pragma message ("For the sleep routines, Global timer is being used")
         ^~~~~~~
Finished building: ../src/main.c
 
Building target: cpu_prof.elf
Invoking: ARM v7 gcc linker
arm-none-eabi-gcc -mcpu=cortex-a9 -mfpu=vfpv3 -mfloat-abi=hard -Wl,-build-id=none -specs=Xilinx.spec -Wl,-T -Wl,../src/lscript.ld -L../../cpu_prof_bsp/ps7_cortexa9_0/lib -o "cpu_prof.elf" ./src/fonctions_ES.o ./src/main.o ./src/platform.o ./src/timers_b.o ./src/wei.o   -lm -Wl,--start-group,-lxil,-lgcc,-lc,--end-group
Finished building target: cpu_prof.elf
 
Invoking: ARM v7 Print Size
arm-none-eabi-size cpu_prof.elf  |tee "cpu_prof.elf.size"
   text	   data	    bss	    dec	    hex	filename
  69684	 538848	  23328	 631860	  9a434	cpu_prof.elf
Finished building: cpu_prof.elf.size
 
17:22:05 **** Incremental Build of configuration Debug for project cpu_prof ****
make pre-build main-build 
a9-linaro-pre-build-step
 
make: Nothing to be done for 'main-build'.
17:24:11 **** Incremental Build of configuration Debug for project cpu_prof ****
make pre-build main-build 
a9-linaro-pre-build-step
 
make: Nothing to be done for 'main-build'.
17:25:13 **** Auto Build of configuration Debug for project cpu_prof ****
make pre-build main-build 
a9-linaro-pre-build-step
 
Building file: ../src/main.c
Invoking: ARM v7 gcc compiler
arm-none-eabi-gcc -Wall -O0 -g3 -c -fmessage-length=0 -MT"src/main.o" -mcpu=cortex-a9 -mfpu=vfpv3 -mfloat-abi=hard -I../../cpu_prof_bsp/ps7_cortexa9_0/include -MMD -MP -MF"src/main.d" -MT"src/main.o" -o "src/main.o" "../src/main.c"
In file included from ../src/main.c:8:
../../cpu_prof_bsp/ps7_cortexa9_0/include/xtime_l.h:87:9: note: #pragma message: For the sleep routines, Global timer is being used
 #pragma message ("For the sleep routines, Global timer is being used")
         ^~~~~~~
Finished building: ../src/main.c
 
Building target: cpu_prof.elf
Invoking: ARM v7 gcc linker
arm-none-eabi-gcc -mcpu=cortex-a9 -mfpu=vfpv3 -mfloat-abi=hard -Wl,-build-id=none -specs=Xilinx.spec -Wl,-T -Wl,../src/lscript.ld -L../../cpu_prof_bsp/ps7_cortexa9_0/lib -o "cpu_prof.elf" ./src/fonctions_ES.o ./src/main.o ./src/platform.o ./src/timers_b.o ./src/wei.o   -lm -Wl,--start-group,-lxil,-lgcc,-lc,--end-group
Finished building target: cpu_prof.elf
 
Invoking: ARM v7 Print Size
arm-none-eabi-size cpu_prof.elf  |tee "cpu_prof.elf.size"
   text	   data	    bss	    dec	    hex	filename
  69612	 538848	  23328	 631788	  9a3ec	cpu_prof.elf
Finished building: cpu_prof.elf.size
 
17:25:16 **** Incremental Build of configuration Debug for project cpu_prof ****
make pre-build main-build 
a9-linaro-pre-build-step
 
make: Nothing to be done for 'main-build'.
17:25:41 **** Auto Build of configuration Debug for project cpu_prof ****
make pre-build main-build 
a9-linaro-pre-build-step
 
Building file: ../src/main.c
Invoking: ARM v7 gcc compiler
arm-none-eabi-gcc -Wall -O0 -g3 -c -fmessage-length=0 -MT"src/main.o" -mcpu=cortex-a9 -mfpu=vfpv3 -mfloat-abi=hard -I../../cpu_prof_bsp/ps7_cortexa9_0/include -MMD -MP -MF"src/main.d" -MT"src/main.o" -o "src/main.o" "../src/main.c"
In file included from ../src/main.c:8:
../../cpu_prof_bsp/ps7_cortexa9_0/include/xtime_l.h:87:9: note: #pragma message: For the sleep routines, Global timer is being used
 #pragma message ("For the sleep routines, Global timer is being used")
         ^~~~~~~
Finished building: ../src/main.c
 
Building target: cpu_prof.elf
Invoking: ARM v7 gcc linker
arm-none-eabi-gcc -mcpu=cortex-a9 -mfpu=vfpv3 -mfloat-abi=hard -Wl,-build-id=none -specs=Xilinx.spec -Wl,-T -Wl,../src/lscript.ld -L../../cpu_prof_bsp/ps7_cortexa9_0/lib -o "cpu_prof.elf" ./src/fonctions_ES.o ./src/main.o ./src/platform.o ./src/timers_b.o ./src/wei.o   -lm -Wl,--start-group,-lxil,-lgcc,-lc,--end-group
Finished building target: cpu_prof.elf
 
Invoking: ARM v7 Print Size
arm-none-eabi-size cpu_prof.elf  |tee "cpu_prof.elf.size"
   text	   data	    bss	    dec	    hex	filename
  69612	 538848	  23328	 631788	  9a3ec	cpu_prof.elf
Finished building: cpu_prof.elf.size
 
17:25:44 **** Incremental Build of configuration Debug for project cpu_prof ****
make pre-build main-build 
a9-linaro-pre-build-step
 
make: Nothing to be done for 'main-build'.
17:27:52 **** Auto Build of configuration Debug for project cpu_prof ****
make pre-build main-build 
a9-linaro-pre-build-step
 
Building file: ../src/main.c
Invoking: ARM v7 gcc compiler
arm-none-eabi-gcc -Wall -O0 -g3 -c -fmessage-length=0 -MT"src/main.o" -mcpu=cortex-a9 -mfpu=vfpv3 -mfloat-abi=hard -I../../cpu_prof_bsp/ps7_cortexa9_0/include -MMD -MP -MF"src/main.d" -MT"src/main.o" -o "src/main.o" "../src/main.c"
In file included from ../src/main.c:8:
../../cpu_prof_bsp/ps7_cortexa9_0/include/xtime_l.h:87:9: note: #pragma message: For the sleep routines, Global timer is being used
 #pragma message ("For the sleep routines, Global timer is being used")
         ^~~~~~~
Finished building: ../src/main.c
 
Building target: cpu_prof.elf
Invoking: ARM v7 gcc linker
arm-none-eabi-gcc -mcpu=cortex-a9 -mfpu=vfpv3 -mfloat-abi=hard -Wl,-build-id=none -specs=Xilinx.spec -Wl,-T -Wl,../src/lscript.ld -L../../cpu_prof_bsp/ps7_cortexa9_0/lib -o "cpu_prof.elf" ./src/fonctions_ES.o ./src/main.o ./src/platform.o ./src/timers_b.o ./src/wei.o   -lm -Wl,--start-group,-lxil,-lgcc,-lc,--end-group
Finished building target: cpu_prof.elf
 
Invoking: ARM v7 Print Size
arm-none-eabi-size cpu_prof.elf  |tee "cpu_prof.elf.size"
   text	   data	    bss	    dec	    hex	filename
  69676	 538848	  23328	 631852	  9a42c	cpu_prof.elf
Finished building: cpu_prof.elf.size
 
17:27:54 **** Incremental Build of configuration Debug for project cpu_prof ****
make pre-build main-build 
a9-linaro-pre-build-step
 
make: Nothing to be done for 'main-build'.
17:28:22 **** Auto Build of configuration Debug for project cpu_prof ****
make pre-build main-build 
a9-linaro-pre-build-step
 
Building file: ../src/main.c
Invoking: ARM v7 gcc compiler
arm-none-eabi-gcc -Wall -O0 -g3 -c -fmessage-length=0 -MT"src/main.o" -mcpu=cortex-a9 -mfpu=vfpv3 -mfloat-abi=hard -I../../cpu_prof_bsp/ps7_cortexa9_0/include -MMD -MP -MF"src/main.d" -MT"src/main.o" -o "src/main.o" "../src/main.c"
In file included from ../src/main.c:8:
../../cpu_prof_bsp/ps7_cortexa9_0/include/xtime_l.h:87:9: note: #pragma message: For the sleep routines, Global timer is being used
 #pragma message ("For the sleep routines, Global timer is being used")
         ^~~~~~~
Finished building: ../src/main.c
 
Building target: cpu_prof.elf
Invoking: ARM v7 gcc linker
arm-none-eabi-gcc -mcpu=cortex-a9 -mfpu=vfpv3 -mfloat-abi=hard -Wl,-build-id=none -specs=Xilinx.spec -Wl,-T -Wl,../src/lscript.ld -L../../cpu_prof_bsp/ps7_cortexa9_0/lib -o "cpu_prof.elf" ./src/fonctions_ES.o ./src/main.o ./src/platform.o ./src/timers_b.o ./src/wei.o   -lm -Wl,--start-group,-lxil,-lgcc,-lc,--end-group
Finished building target: cpu_prof.elf
 
Invoking: ARM v7 Print Size
arm-none-eabi-size cpu_prof.elf  |tee "cpu_prof.elf.size"
   text	   data	    bss	    dec	    hex	filename
  69676	 538848	  23328	 631852	  9a42c	cpu_prof.elf
Finished building: cpu_prof.elf.size
 
17:28:25 **** Incremental Build of configuration Debug for project cpu_prof ****
make pre-build main-build 
a9-linaro-pre-build-step
 
make: Nothing to be done for 'main-build'.
17:28:49 **** Auto Build of configuration Debug for project cpu_prof ****
make pre-build main-build 
a9-linaro-pre-build-step
 
Building file: ../src/main.c
Invoking: ARM v7 gcc compiler
arm-none-eabi-gcc -Wall -O0 -g3 -c -fmessage-length=0 -MT"src/main.o" -mcpu=cortex-a9 -mfpu=vfpv3 -mfloat-abi=hard -I../../cpu_prof_bsp/ps7_cortexa9_0/include -MMD -MP -MF"src/main.d" -MT"src/main.o" -o "src/main.o" "../src/main.c"
In file included from ../src/main.c:8:
../../cpu_prof_bsp/ps7_cortexa9_0/include/xtime_l.h:87:9: note: #pragma message: For the sleep routines, Global timer is being used
 #pragma message ("For the sleep routines, Global timer is being used")
         ^~~~~~~
Finished building: ../src/main.c
 
Building target: cpu_prof.elf
Invoking: ARM v7 gcc linker
arm-none-eabi-gcc -mcpu=cortex-a9 -mfpu=vfpv3 -mfloat-abi=hard -Wl,-build-id=none -specs=Xilinx.spec -Wl,-T -Wl,../src/lscript.ld -L../../cpu_prof_bsp/ps7_cortexa9_0/lib -o "cpu_prof.elf" ./src/fonctions_ES.o ./src/main.o ./src/platform.o ./src/timers_b.o ./src/wei.o   -lm -Wl,--start-group,-lxil,-lgcc,-lc,--end-group
Finished building target: cpu_prof.elf
 
Invoking: ARM v7 Print Size
arm-none-eabi-size cpu_prof.elf  |tee "cpu_prof.elf.size"
   text	   data	    bss	    dec	    hex	filename
  69420	 538848	  23328	 631596	  9a32c	cpu_prof.elf
Finished building: cpu_prof.elf.size
 
17:28:52 **** Incremental Build of configuration Debug for project cpu_prof ****
make pre-build main-build 
a9-linaro-pre-build-step
 
make: Nothing to be done for 'main-build'.
17:29:36 **** Auto Build of configuration Debug for project cpu_prof ****
make pre-build main-build 
a9-linaro-pre-build-step
 
Building file: ../src/main.c
Invoking: ARM v7 gcc compiler
arm-none-eabi-gcc -Wall -O0 -g3 -c -fmessage-length=0 -MT"src/main.o" -mcpu=cortex-a9 -mfpu=vfpv3 -mfloat-abi=hard -I../../cpu_prof_bsp/ps7_cortexa9_0/include -MMD -MP -MF"src/main.d" -MT"src/main.o" -o "src/main.o" "../src/main.c"
In file included from ../src/main.c:8:
../../cpu_prof_bsp/ps7_cortexa9_0/include/xtime_l.h:87:9: note: #pragma message: For the sleep routines, Global timer is being used
 #pragma message ("For the sleep routines, Global timer is being used")
         ^~~~~~~
Finished building: ../src/main.c
 
Building target: cpu_prof.elf
Invoking: ARM v7 gcc linker
arm-none-eabi-gcc -mcpu=cortex-a9 -mfpu=vfpv3 -mfloat-abi=hard -Wl,-build-id=none -specs=Xilinx.spec -Wl,-T -Wl,../src/lscript.ld -L../../cpu_prof_bsp/ps7_cortexa9_0/lib -o "cpu_prof.elf" ./src/fonctions_ES.o ./src/main.o ./src/platform.o ./src/timers_b.o ./src/wei.o   -lm -Wl,--start-group,-lxil,-lgcc,-lc,--end-group
Finished building target: cpu_prof.elf
 
Invoking: ARM v7 Print Size
arm-none-eabi-size cpu_prof.elf  |tee "cpu_prof.elf.size"
   text	   data	    bss	    dec	    hex	filename
  69356	 538848	  23328	 631532	  9a2ec	cpu_prof.elf
Finished building: cpu_prof.elf.size
 
17:29:38 **** Incremental Build of configuration Debug for project cpu_prof ****
make pre-build main-build 
a9-linaro-pre-build-step
 
make: Nothing to be done for 'main-build'.
15:34:39 **** Auto Build of configuration Debug for project cpu_prof ****
make pre-build main-build 
a9-linaro-pre-build-step
 
make: Nothing to be done for 'main-build'.
17:59:52 **** Clean-only build of project cpu_prof_bsp ****
make -k clean 
make -C ps7_cortexa9_0/libsrc/coresightps_dcc_v1_5/src -s clean 
make -C ps7_cortexa9_0/libsrc/cpu_cortexa9_v2_7/src -s clean 
make -C ps7_cortexa9_0/libsrc/ddrps_v1_0/src -s clean 
make -C ps7_cortexa9_0/libsrc/devcfg_v3_5/src -s clean 
make -C ps7_cortexa9_0/libsrc/dmaps_v2_4/src -s clean 
make -C ps7_cortexa9_0/libsrc/emacps_v3_9/src -s clean 
make -C ps7_cortexa9_0/libsrc/gpiops_v3_5/src -s clean 
make -C ps7_cortexa9_0/libsrc/led_controller_v1_0/src -s clean 
make -C ps7_cortexa9_0/libsrc/qspips_v3_6/src -s clean 
make -C ps7_cortexa9_0/libsrc/scugic_v4_0/src -s clean 
make -C ps7_cortexa9_0/libsrc/scutimer_v2_1/src -s clean 
make -C ps7_cortexa9_0/libsrc/scuwdt_v2_1/src -s clean 
make -C ps7_cortexa9_0/libsrc/sdps_v3_7/src -s clean 
make -C ps7_cortexa9_0/libsrc/standalone_v7_0/src -s clean 
make -C ps7_cortexa9_0/libsrc/ttcps_v3_9/src -s clean 
make -C ps7_cortexa9_0/libsrc/uartps_v3_7/src -s clean 
make -C ps7_cortexa9_0/libsrc/usbps_v2_4/src -s clean 
make -C ps7_cortexa9_0/libsrc/xadcps_v2_3/src -s clean 
rm -f ps7_cortexa9_0/lib/libxil.a
17:59:52 **** Clean-only build of configuration Debug for project cpu_prof ****
make clean 
rm -rf ./src/fonctions_ES.o ./src/main.o ./src/platform.o ./src/timers_b.o ./src/wei.o ./src/fonctions_ES.d ./src/main.d ./src/platform.d ./src/timers_b.d ./src/wei.d cpu_prof.elf.size  cpu_prof.elf
 
17:59:53 **** Build of project cpu_prof_bsp ****
make -k all 
Running Make include in ps7_cortexa9_0/libsrc/coresightps_dcc_v1_5/src
make -C ps7_cortexa9_0/libsrc/coresightps_dcc_v1_5/src -s include  "SHELL=/bin/sh" "COMPILER=arm-none-eabi-gcc" "ARCHIVER=arm-none-eabi-ar" "COMPILER_FLAGS=  -O2 -c" "EXTRA_COMPILER_FLAGS=-mcpu=cortex-a9 -mfpu=vfpv3 -mfloat-abi=hard -nostartfiles -g -Wall -Wextra"
Running Make include in ps7_cortexa9_0/libsrc/cpu_cortexa9_v2_7/src
make -C ps7_cortexa9_0/libsrc/cpu_cortexa9_v2_7/src -s include  "SHELL=/bin/sh" "COMPILER=arm-none-eabi-gcc" "ARCHIVER=arm-none-eabi-ar" "COMPILER_FLAGS=  -O2 -c" "EXTRA_COMPILER_FLAGS=-mcpu=cortex-a9 -mfpu=vfpv3 -mfloat-abi=hard -nostartfiles -g -Wall -Wextra"
Running Make include in ps7_cortexa9_0/libsrc/ddrps_v1_0/src
make -C ps7_cortexa9_0/libsrc/ddrps_v1_0/src -s include  "SHELL=/bin/sh" "COMPILER=arm-none-eabi-gcc" "ARCHIVER=arm-none-eabi-ar" "COMPILER_FLAGS=  -O2 -c" "EXTRA_COMPILER_FLAGS=-mcpu=cortex-a9 -mfpu=vfpv3 -mfloat-abi=hard -nostartfiles -g -Wall -Wextra"
Running Make include in ps7_cortexa9_0/libsrc/devcfg_v3_5/src
make -C ps7_cortexa9_0/libsrc/devcfg_v3_5/src -s include  "SHELL=/bin/sh" "COMPILER=arm-none-eabi-gcc" "ARCHIVER=arm-none-eabi-ar" "COMPILER_FLAGS=  -O2 -c" "EXTRA_COMPILER_FLAGS=-mcpu=cortex-a9 -mfpu=vfpv3 -mfloat-abi=hard -nostartfiles -g -Wall -Wextra"
Running Make include in ps7_cortexa9_0/libsrc/dmaps_v2_4/src
make -C ps7_cortexa9_0/libsrc/dmaps_v2_4/src -s include  "SHELL=/bin/sh" "COMPILER=arm-none-eabi-gcc" "ARCHIVER=arm-none-eabi-ar" "COMPILER_FLAGS=  -O2 -c" "EXTRA_COMPILER_FLAGS=-mcpu=cortex-a9 -mfpu=vfpv3 -mfloat-abi=hard -nostartfiles -g -Wall -Wextra"
Running Make include in ps7_cortexa9_0/libsrc/emacps_v3_9/src
make -C ps7_cortexa9_0/libsrc/emacps_v3_9/src -s include  "SHELL=/bin/sh" "COMPILER=arm-none-eabi-gcc" "ARCHIVER=arm-none-eabi-ar" "COMPILER_FLAGS=  -O2 -c" "EXTRA_COMPILER_FLAGS=-mcpu=cortex-a9 -mfpu=vfpv3 -mfloat-abi=hard -nostartfiles -g -Wall -Wextra"
Running Make include in ps7_cortexa9_0/libsrc/gpiops_v3_5/src
make -C ps7_cortexa9_0/libsrc/gpiops_v3_5/src -s include  "SHELL=/bin/sh" "COMPILER=arm-none-eabi-gcc" "ARCHIVER=arm-none-eabi-ar" "COMPILER_FLAGS=  -O2 -c" "EXTRA_COMPILER_FLAGS=-mcpu=cortex-a9 -mfpu=vfpv3 -mfloat-abi=hard -nostartfiles -g -Wall -Wextra"
Running Make include in ps7_cortexa9_0/libsrc/led_controller_v1_0/src
make -C ps7_cortexa9_0/libsrc/led_controller_v1_0/src -s include  "SHELL=/bin/sh" "COMPILER=arm-none-eabi-gcc" "ARCHIVER=arm-none-eabi-ar" "COMPILER_FLAGS=  -O2 -c" "EXTRA_COMPILER_FLAGS=-mcpu=cortex-a9 -mfpu=vfpv3 -mfloat-abi=hard -nostartfiles -g -Wall -Wextra"
Running Make include in ps7_cortexa9_0/libsrc/qspips_v3_6/src
make -C ps7_cortexa9_0/libsrc/qspips_v3_6/src -s include  "SHELL=/bin/sh" "COMPILER=arm-none-eabi-gcc" "ARCHIVER=arm-none-eabi-ar" "COMPILER_FLAGS=  -O2 -c" "EXTRA_COMPILER_FLAGS=-mcpu=cortex-a9 -mfpu=vfpv3 -mfloat-abi=hard -nostartfiles -g -Wall -Wextra"
Running Make include in ps7_cortexa9_0/libsrc/scugic_v4_0/src
make -C ps7_cortexa9_0/libsrc/scugic_v4_0/src -s include  "SHELL=/bin/sh" "COMPILER=arm-none-eabi-gcc" "ARCHIVER=arm-none-eabi-ar" "COMPILER_FLAGS=  -O2 -c" "EXTRA_COMPILER_FLAGS=-mcpu=cortex-a9 -mfpu=vfpv3 -mfloat-abi=hard -nostartfiles -g -Wall -Wextra"
Running Make include in ps7_cortexa9_0/libsrc/scutimer_v2_1/src
make -C ps7_cortexa9_0/libsrc/scutimer_v2_1/src -s include  "SHELL=/bin/sh" "COMPILER=arm-none-eabi-gcc" "ARCHIVER=arm-none-eabi-ar" "COMPILER_FLAGS=  -O2 -c" "EXTRA_COMPILER_FLAGS=-mcpu=cortex-a9 -mfpu=vfpv3 -mfloat-abi=hard -nostartfiles -g -Wall -Wextra"
Running Make include in ps7_cortexa9_0/libsrc/scuwdt_v2_1/src
make -C ps7_cortexa9_0/libsrc/scuwdt_v2_1/src -s include  "SHELL=/bin/sh" "COMPILER=arm-none-eabi-gcc" "ARCHIVER=arm-none-eabi-ar" "COMPILER_FLAGS=  -O2 -c" "EXTRA_COMPILER_FLAGS=-mcpu=cortex-a9 -mfpu=vfpv3 -mfloat-abi=hard -nostartfiles -g -Wall -Wextra"
Running Make include in ps7_cortexa9_0/libsrc/sdps_v3_7/src
make -C ps7_cortexa9_0/libsrc/sdps_v3_7/src -s include  "SHELL=/bin/sh" "COMPILER=arm-none-eabi-gcc" "ARCHIVER=arm-none-eabi-ar" "COMPILER_FLAGS=  -O2 -c" "EXTRA_COMPILER_FLAGS=-mcpu=cortex-a9 -mfpu=vfpv3 -mfloat-abi=hard -nostartfiles -g -Wall -Wextra"
Running Make include in ps7_cortexa9_0/libsrc/standalone_v7_0/src
make -C ps7_cortexa9_0/libsrc/standalone_v7_0/src -s include  "SHELL=/bin/sh" "COMPILER=arm-none-eabi-gcc" "ARCHIVER=arm-none-eabi-ar" "COMPILER_FLAGS=  -O2 -c" "EXTRA_COMPILER_FLAGS=-mcpu=cortex-a9 -mfpu=vfpv3 -mfloat-abi=hard -nostartfiles -g -Wall -Wextra"
Running Make include in ps7_cortexa9_0/libsrc/ttcps_v3_9/src
make -C ps7_cortexa9_0/libsrc/ttcps_v3_9/src -s include  "SHELL=/bin/sh" "COMPILER=arm-none-eabi-gcc" "ARCHIVER=arm-none-eabi-ar" "COMPILER_FLAGS=  -O2 -c" "EXTRA_COMPILER_FLAGS=-mcpu=cortex-a9 -mfpu=vfpv3 -mfloat-abi=hard -nostartfiles -g -Wall -Wextra"
Running Make include in ps7_cortexa9_0/libsrc/uartps_v3_7/src
make -C ps7_cortexa9_0/libsrc/uartps_v3_7/src -s include  "SHELL=/bin/sh" "COMPILER=arm-none-eabi-gcc" "ARCHIVER=arm-none-eabi-ar" "COMPILER_FLAGS=  -O2 -c" "EXTRA_COMPILER_FLAGS=-mcpu=cortex-a9 -mfpu=vfpv3 -mfloat-abi=hard -nostartfiles -g -Wall -Wextra"
Running Make include in ps7_cortexa9_0/libsrc/usbps_v2_4/src
make -C ps7_cortexa9_0/libsrc/usbps_v2_4/src -s include  "SHELL=/bin/sh" "COMPILER=arm-none-eabi-gcc" "ARCHIVER=arm-none-eabi-ar" "COMPILER_FLAGS=  -O2 -c" "EXTRA_COMPILER_FLAGS=-mcpu=cortex-a9 -mfpu=vfpv3 -mfloat-abi=hard -nostartfiles -g -Wall -Wextra"
Running Make include in ps7_cortexa9_0/libsrc/xadcps_v2_3/src
make -C ps7_cortexa9_0/libsrc/xadcps_v2_3/src -s include  "SHELL=/bin/sh" "COMPILER=arm-none-eabi-gcc" "ARCHIVER=arm-none-eabi-ar" "COMPILER_FLAGS=  -O2 -c" "EXTRA_COMPILER_FLAGS=-mcpu=cortex-a9 -mfpu=vfpv3 -mfloat-abi=hard -nostartfiles -g -Wall -Wextra"
Running Make libs in ps7_cortexa9_0/libsrc/coresightps_dcc_v1_5/src
make -C ps7_cortexa9_0/libsrc/coresightps_dcc_v1_5/src -s libs  "SHELL=/bin/sh" "COMPILER=arm-none-eabi-gcc" "ARCHIVER=arm-none-eabi-ar" "COMPILER_FLAGS=  -O2 -c" "EXTRA_COMPILER_FLAGS=-mcpu=cortex-a9 -mfpu=vfpv3 -mfloat-abi=hard -nostartfiles -g -Wall -Wextra"
Compiling coresightps_dcc
arm-none-eabi-ar: creating ../../../lib/libxil.a
Running Make libs in ps7_cortexa9_0/libsrc/cpu_cortexa9_v2_7/src
make -C ps7_cortexa9_0/libsrc/cpu_cortexa9_v2_7/src -s libs  "SHELL=/bin/sh" "COMPILER=arm-none-eabi-gcc" "ARCHIVER=arm-none-eabi-ar" "COMPILER_FLAGS=  -O2 -c" "EXTRA_COMPILER_FLAGS=-mcpu=cortex-a9 -mfpu=vfpv3 -mfloat-abi=hard -nostartfiles -g -Wall -Wextra"
Compiling cpu_cortexa9
Running Make libs in ps7_cortexa9_0/libsrc/ddrps_v1_0/src
make -C ps7_cortexa9_0/libsrc/ddrps_v1_0/src -s libs  "SHELL=/bin/sh" "COMPILER=arm-none-eabi-gcc" "ARCHIVER=arm-none-eabi-ar" "COMPILER_FLAGS=  -O2 -c" "EXTRA_COMPILER_FLAGS=-mcpu=cortex-a9 -mfpu=vfpv3 -mfloat-abi=hard -nostartfiles -g -Wall -Wextra"
Compiling ddrps
Running Make libs in ps7_cortexa9_0/libsrc/devcfg_v3_5/src
make -C ps7_cortexa9_0/libsrc/devcfg_v3_5/src -s libs  "SHELL=/bin/sh" "COMPILER=arm-none-eabi-gcc" "ARCHIVER=arm-none-eabi-ar" "COMPILER_FLAGS=  -O2 -c" "EXTRA_COMPILER_FLAGS=-mcpu=cortex-a9 -mfpu=vfpv3 -mfloat-abi=hard -nostartfiles -g -Wall -Wextra"
Compiling devcfg
Running Make libs in ps7_cortexa9_0/libsrc/dmaps_v2_4/src
make -C ps7_cortexa9_0/libsrc/dmaps_v2_4/src -s libs  "SHELL=/bin/sh" "COMPILER=arm-none-eabi-gcc" "ARCHIVER=arm-none-eabi-ar" "COMPILER_FLAGS=  -O2 -c" "EXTRA_COMPILER_FLAGS=-mcpu=cortex-a9 -mfpu=vfpv3 -mfloat-abi=hard -nostartfiles -g -Wall -Wextra"
Compiling dmaps
Running Make libs in ps7_cortexa9_0/libsrc/emacps_v3_9/src
make -C ps7_cortexa9_0/libsrc/emacps_v3_9/src -s libs  "SHELL=/bin/sh" "COMPILER=arm-none-eabi-gcc" "ARCHIVER=arm-none-eabi-ar" "COMPILER_FLAGS=  -O2 -c" "EXTRA_COMPILER_FLAGS=-mcpu=cortex-a9 -mfpu=vfpv3 -mfloat-abi=hard -nostartfiles -g -Wall -Wextra"
Compiling emacps
Running Make libs in ps7_cortexa9_0/libsrc/gpiops_v3_5/src
make -C ps7_cortexa9_0/libsrc/gpiops_v3_5/src -s libs  "SHELL=/bin/sh" "COMPILER=arm-none-eabi-gcc" "ARCHIVER=arm-none-eabi-ar" "COMPILER_FLAGS=  -O2 -c" "EXTRA_COMPILER_FLAGS=-mcpu=cortex-a9 -mfpu=vfpv3 -mfloat-abi=hard -nostartfiles -g -Wall -Wextra"
Compiling gpiops
Running Make libs in ps7_cortexa9_0/libsrc/led_controller_v1_0/src
make -C ps7_cortexa9_0/libsrc/led_controller_v1_0/src -s libs  "SHELL=/bin/sh" "COMPILER=arm-none-eabi-gcc" "ARCHIVER=arm-none-eabi-ar" "COMPILER_FLAGS=  -O2 -c" "EXTRA_COMPILER_FLAGS=-mcpu=cortex-a9 -mfpu=vfpv3 -mfloat-abi=hard -nostartfiles -g -Wall -Wextra"
Compiling led_controller...
led_controller_selftest.c: In function 'LED_CONTROLLER_Reg_SelfTest':
led_controller_selftest.c:52:63: warning: comparison of integer expressions of different signedness: 'u32' {aka 'long unsigned int'} and 'int' [-Wsign-compare]
    if ( LED_CONTROLLER_mReadReg (baseaddr, read_loop_index*4) != (read_loop_index+1)*READ_WRITE_MUL_FACTOR){
                                                               ^~
led_controller_selftest.c:36:6: warning: unused variable 'Index' [-Wunused-variable]
  int Index;
      ^~~~~
Running Make libs in ps7_cortexa9_0/libsrc/qspips_v3_6/src
make -C ps7_cortexa9_0/libsrc/qspips_v3_6/src -s libs  "SHELL=/bin/sh" "COMPILER=arm-none-eabi-gcc" "ARCHIVER=arm-none-eabi-ar" "COMPILER_FLAGS=  -O2 -c" "EXTRA_COMPILER_FLAGS=-mcpu=cortex-a9 -mfpu=vfpv3 -mfloat-abi=hard -nostartfiles -g -Wall -Wextra"
Compiling qspips
Running Make libs in ps7_cortexa9_0/libsrc/scugic_v4_0/src
make -C ps7_cortexa9_0/libsrc/scugic_v4_0/src -s libs  "SHELL=/bin/sh" "COMPILER=arm-none-eabi-gcc" "ARCHIVER=arm-none-eabi-ar" "COMPILER_FLAGS=  -O2 -c" "EXTRA_COMPILER_FLAGS=-mcpu=cortex-a9 -mfpu=vfpv3 -mfloat-abi=hard -nostartfiles -g -Wall -Wextra"
Compiling scugic
Running Make libs in ps7_cortexa9_0/libsrc/scutimer_v2_1/src
make -C ps7_cortexa9_0/libsrc/scutimer_v2_1/src -s libs  "SHELL=/bin/sh" "COMPILER=arm-none-eabi-gcc" "ARCHIVER=arm-none-eabi-ar" "COMPILER_FLAGS=  -O2 -c" "EXTRA_COMPILER_FLAGS=-mcpu=cortex-a9 -mfpu=vfpv3 -mfloat-abi=hard -nostartfiles -g -Wall -Wextra"
Compiling scutimer
Running Make libs in ps7_cortexa9_0/libsrc/scuwdt_v2_1/src
make -C ps7_cortexa9_0/libsrc/scuwdt_v2_1/src -s libs  "SHELL=/bin/sh" "COMPILER=arm-none-eabi-gcc" "ARCHIVER=arm-none-eabi-ar" "COMPILER_FLAGS=  -O2 -c" "EXTRA_COMPILER_FLAGS=-mcpu=cortex-a9 -mfpu=vfpv3 -mfloat-abi=hard -nostartfiles -g -Wall -Wextra"
Compiling scuwdt
Running Make libs in ps7_cortexa9_0/libsrc/sdps_v3_7/src
make -C ps7_cortexa9_0/libsrc/sdps_v3_7/src -s libs  "SHELL=/bin/sh" "COMPILER=arm-none-eabi-gcc" "ARCHIVER=arm-none-eabi-ar" "COMPILER_FLAGS=  -O2 -c" "EXTRA_COMPILER_FLAGS=-mcpu=cortex-a9 -mfpu=vfpv3 -mfloat-abi=hard -nostartfiles -g -Wall -Wextra"
Compiling sdps
Running Make libs in ps7_cortexa9_0/libsrc/standalone_v7_0/src
make -C ps7_cortexa9_0/libsrc/standalone_v7_0/src -s libs  "SHELL=/bin/sh" "COMPILER=arm-none-eabi-gcc" "ARCHIVER=arm-none-eabi-ar" "COMPILER_FLAGS=  -O2 -c" "EXTRA_COMPILER_FLAGS=-mcpu=cortex-a9 -mfpu=vfpv3 -mfloat-abi=hard -nostartfiles -g -Wall -Wextra"
Compiling standalone
In file included from sleep.c:53:
xtime_l.h:87:9: note: #pragma message: For the sleep routines, Global timer is being used
 #pragma message ("For the sleep routines, Global timer is being used")
         ^~~~~~~
In file included from usleep.c:56:
xtime_l.h:87:9: note: #pragma message: For the sleep routines, Global timer is being used
 #pragma message ("For the sleep routines, Global timer is being used")
         ^~~~~~~
In file included from xil_sleeptimer.c:51:
xtime_l.h:87:9: note: #pragma message: For the sleep routines, Global timer is being used
 #pragma message ("For the sleep routines, Global timer is being used")
         ^~~~~~~
In file included from xtime_l.c:49:
xtime_l.h:87:9: note: #pragma message: For the sleep routines, Global timer is being used
 #pragma message ("For the sleep routines, Global timer is being used")
         ^~~~~~~
Running Make libs in ps7_cortexa9_0/libsrc/ttcps_v3_9/src
make -C ps7_cortexa9_0/libsrc/ttcps_v3_9/src -s libs  "SHELL=/bin/sh" "COMPILER=arm-none-eabi-gcc" "ARCHIVER=arm-none-eabi-ar" "COMPILER_FLAGS=  -O2 -c" "EXTRA_COMPILER_FLAGS=-mcpu=cortex-a9 -mfpu=vfpv3 -mfloat-abi=hard -nostartfiles -g -Wall -Wextra"
Compiling ttcps
Running Make libs in ps7_cortexa9_0/libsrc/uartps_v3_7/src
make -C ps7_cortexa9_0/libsrc/uartps_v3_7/src -s libs  "SHELL=/bin/sh" "COMPILER=arm-none-eabi-gcc" "ARCHIVER=arm-none-eabi-ar" "COMPILER_FLAGS=  -O2 -c" "EXTRA_COMPILER_FLAGS=-mcpu=cortex-a9 -mfpu=vfpv3 -mfloat-abi=hard -nostartfiles -g -Wall -Wextra"
Compiling uartps
Running Make libs in ps7_cortexa9_0/libsrc/usbps_v2_4/src
make -C ps7_cortexa9_0/libsrc/usbps_v2_4/src -s libs  "SHELL=/bin/sh" "COMPILER=arm-none-eabi-gcc" "ARCHIVER=arm-none-eabi-ar" "COMPILER_FLAGS=  -O2 -c" "EXTRA_COMPILER_FLAGS=-mcpu=cortex-a9 -mfpu=vfpv3 -mfloat-abi=hard -nostartfiles -g -Wall -Wextra"
Compiling usbps
Running Make libs in ps7_cortexa9_0/libsrc/xadcps_v2_3/src
make -C ps7_cortexa9_0/libsrc/xadcps_v2_3/src -s libs  "SHELL=/bin/sh" "COMPILER=arm-none-eabi-gcc" "ARCHIVER=arm-none-eabi-ar" "COMPILER_FLAGS=  -O2 -c" "EXTRA_COMPILER_FLAGS=-mcpu=cortex-a9 -mfpu=vfpv3 -mfloat-abi=hard -nostartfiles -g -Wall -Wextra"
Compiling xadcps
Finished building libraries
18:00:03 **** Build of configuration Debug for project cpu_prof ****
make pre-build main-build 
a9-linaro-pre-build-step
 
Building file: ../src/fonctions_ES.c
Invoking: ARM v7 gcc compiler
arm-none-eabi-gcc -Wall -O0 -g3 -c -fmessage-length=0 -MT"src/fonctions_ES.o" -mcpu=cortex-a9 -mfpu=vfpv3 -mfloat-abi=hard -I../../cpu_prof_bsp/ps7_cortexa9_0/include -MMD -MP -MF"src/fonctions_ES.d" -MT"src/fonctions_ES.o" -o "src/fonctions_ES.o" "../src/fonctions_ES.c"
../src/fonctions_ES.c: In function 'InitHostMem':
../src/fonctions_ES.c:10:6: warning: this 'for' clause does not guard... [-Wmisleading-indentation]
      for(i=0;i<156;++i)
      ^~~
../src/fonctions_ES.c:12:3: note: ...this statement, but the latter is misleadingly indented as if it were guarded by the 'for'
   fclose (pFile1);
   ^~~~~~
Finished building: ../src/fonctions_ES.c
 
Building file: ../src/main.c
Invoking: ARM v7 gcc compiler
arm-none-eabi-gcc -Wall -O0 -g3 -c -fmessage-length=0 -MT"src/main.o" -mcpu=cortex-a9 -mfpu=vfpv3 -mfloat-abi=hard -I../../cpu_prof_bsp/ps7_cortexa9_0/include -MMD -MP -MF"src/main.d" -MT"src/main.o" -o "src/main.o" "../src/main.c"
In file included from ../src/main.c:8:
../../cpu_prof_bsp/ps7_cortexa9_0/include/xtime_l.h:87:9: note: #pragma message: For the sleep routines, Global timer is being used
 #pragma message ("For the sleep routines, Global timer is being used")
         ^~~~~~~
Finished building: ../src/main.c
 
Building file: ../src/platform.c
[...]
In file included from ../src/main.c:8:
../../cpu_prof_bsp/ps7_cortexa9_0/include/xtime_l.h:87:9: note: #pragma message: For the sleep routines, Global timer is being used
 #pragma message ("For the sleep routines, Global timer is being used")
         ^~~~~~~
Finished building: ../src/main.c
 
Building file: ../src/platform.c
Invoking: ARM v7 gcc compiler
arm-none-eabi-gcc -Wall -O0 -g3 -c -fmessage-length=0 -MT"src/platform.o" -mcpu=cortex-a9 -mfpu=vfpv3 -mfloat-abi=hard -I../../cpu_prof_bsp/ps7_cortexa9_0/include -MMD -MP -MF"src/platform.d" -MT"src/platform.o" -o "src/platform.o" "../src/platform.c"
Finished building: ../src/platform.c
 
Building target: cpu_prof.elf
Invoking: ARM v7 gcc linker
arm-none-eabi-gcc -mcpu=cortex-a9 -mfpu=vfpv3 -mfloat-abi=hard -Wl,-build-id=none -specs=Xilinx.spec -Wl,-T -Wl,../src/lscript.ld -L../../cpu_prof_bsp/ps7_cortexa9_0/lib -o "cpu_prof.elf" ./src/fonctions_ES.o ./src/main.o ./src/platform.o ./src/timers_b.o ./src/wei.o   -lm -Wl,--start-group,-lxil,-lgcc,-lc,--end-group
Finished building target: cpu_prof.elf
 
Invoking: ARM v7 Print Size
arm-none-eabi-size cpu_prof.elf  |tee "cpu_prof.elf.size"
   text	   data	    bss	    dec	    hex	filename
  69768	 538848	  23328	 631944	  9a488	cpu_prof.elf
Finished building: cpu_prof.elf.size
 
18:42:14 **** Incremental Build of configuration Debug for project cpu_prof ****
make pre-build main-build 
a9-linaro-pre-build-step
 
make: Nothing to be done for 'main-build'.
18:43:13 **** Incremental Build of configuration Debug for project cpu_prof ****
make pre-build main-build 
a9-linaro-pre-build-step
 
make: Nothing to be done for 'main-build'.
18:44:59 **** Auto Build of configuration Debug for project cpu_prof ****
make pre-build main-build 
a9-linaro-pre-build-step
 
Building file: ../src/main.c
Invoking: ARM v7 gcc compiler
arm-none-eabi-gcc -Wall -O0 -g3 -c -fmessage-length=0 -MT"src/main.o" -mcpu=cortex-a9 -mfpu=vfpv3 -mfloat-abi=hard -I../../cpu_prof_bsp/ps7_cortexa9_0/include -MMD -MP -MF"src/main.d" -MT"src/main.o" -o "src/main.o" "../src/main.c"
In file included from ../src/main.c:8:
../../cpu_prof_bsp/ps7_cortexa9_0/include/xtime_l.h:87:9: note: #pragma message: For the sleep routines, Global timer is being used
 #pragma message ("For the sleep routines, Global timer is being used")
         ^~~~~~~
Finished building: ../src/main.c
 
Building target: cpu_prof.elf
Invoking: ARM v7 gcc linker
arm-none-eabi-gcc -mcpu=cortex-a9 -mfpu=vfpv3 -mfloat-abi=hard -Wl,-build-id=none -specs=Xilinx.spec -Wl,-T -Wl,../src/lscript.ld -L../../cpu_prof_bsp/ps7_cortexa9_0/lib -o "cpu_prof.elf" ./src/fonctions_ES.o ./src/main.o ./src/platform.o ./src/timers_b.o ./src/wei.o   -lm -Wl,--start-group,-lxil,-lgcc,-lc,--end-group
Finished building target: cpu_prof.elf
 
Invoking: ARM v7 Print Size
arm-none-eabi-size cpu_prof.elf  |tee "cpu_prof.elf.size"
   text	   data	    bss	    dec	    hex	filename
  69832	 538848	  23328	 632008	  9a4c8	cpu_prof.elf
Finished building: cpu_prof.elf.size
 
18:45:07 **** Auto Build of configuration Debug for project cpu_prof ****
make pre-build main-build 
a9-linaro-pre-build-step
 
Building file: ../src/main.c
Invoking: ARM v7 gcc compiler
arm-none-eabi-gcc -Wall -O0 -g3 -c -fmessage-length=0 -MT"src/main.o" -mcpu=cortex-a9 -mfpu=vfpv3 -mfloat-abi=hard -I../../cpu_prof_bsp/ps7_cortexa9_0/include -MMD -MP -MF"src/main.d" -MT"src/main.o" -o "src/main.o" "../src/main.c"
In file included from ../src/main.c:8:
../../cpu_prof_bsp/ps7_cortexa9_0/include/xtime_l.h:87:9: note: #pragma message: For the sleep routines, Global timer is being used
 #pragma message ("For the sleep routines, Global timer is being used")
         ^~~~~~~
Finished building: ../src/main.c
 
Building target: cpu_prof.elf
Invoking: ARM v7 gcc linker
arm-none-eabi-gcc -mcpu=cortex-a9 -mfpu=vfpv3 -mfloat-abi=hard -Wl,-build-id=none -specs=Xilinx.spec -Wl,-T -Wl,../src/lscript.ld -L../../cpu_prof_bsp/ps7_cortexa9_0/lib -o "cpu_prof.elf" ./src/fonctions_ES.o ./src/main.o ./src/platform.o ./src/timers_b.o ./src/wei.o   -lm -Wl,--start-group,-lxil,-lgcc,-lc,--end-group
Finished building target: cpu_prof.elf
 
Invoking: ARM v7 Print Size
arm-none-eabi-size cpu_prof.elf  |tee "cpu_prof.elf.size"
   text	   data	    bss	    dec	    hex	filename
  69832	 538848	  23328	 632008	  9a4c8	cpu_prof.elf
Finished building: cpu_prof.elf.size
 
18:45:15 **** Incremental Build of configuration Debug for project cpu_prof ****
make pre-build main-build 
a9-linaro-pre-build-step
 
make: Nothing to be done for 'main-build'.
18:45:57 **** Incremental Build of configuration Debug for project cpu_prof ****
make pre-build main-build 
a9-linaro-pre-build-step
 
make: Nothing to be done for 'main-build'.
18:46:18 **** Auto Build of configuration Debug for project cpu_prof ****
make pre-build main-build 
a9-linaro-pre-build-step
 
Building file: ../src/main.c
Invoking: ARM v7 gcc compiler
arm-none-eabi-gcc -Wall -O0 -g3 -c -fmessage-length=0 -MT"src/main.o" -mcpu=cortex-a9 -mfpu=vfpv3 -mfloat-abi=hard -I../../cpu_prof_bsp/ps7_cortexa9_0/include -MMD -MP -MF"src/main.d" -MT"src/main.o" -o "src/main.o" "../src/main.c"
In file included from ../src/main.c:8:
../../cpu_prof_bsp/ps7_cortexa9_0/include/xtime_l.h:87:9: note: #pragma message: For the sleep routines, Global timer is being used
 #pragma message ("For the sleep routines, Global timer is being used")
         ^~~~~~~
Finished building: ../src/main.c
 
Building target: cpu_prof.elf
Invoking: ARM v7 gcc linker
arm-none-eabi-gcc -mcpu=cortex-a9 -mfpu=vfpv3 -mfloat-abi=hard -Wl,-build-id=none -specs=Xilinx.spec -Wl,-T -Wl,../src/lscript.ld -L../../cpu_prof_bsp/ps7_cortexa9_0/lib -o "cpu_prof.elf" ./src/fonctions_ES.o ./src/main.o ./src/platform.o ./src/timers_b.o ./src/wei.o   -lm -Wl,--start-group,-lxil,-lgcc,-lc,--end-group
Finished building target: cpu_prof.elf
 
Invoking: ARM v7 Print Size
arm-none-eabi-size cpu_prof.elf  |tee "cpu_prof.elf.size"
   text	   data	    bss	    dec	    hex	filename
  69832	 538848	  23328	 632008	  9a4c8	cpu_prof.elf
Finished building: cpu_prof.elf.size
 
18:48:13 **** Auto Build of configuration Debug for project cpu_prof ****
make pre-build main-build 
a9-linaro-pre-build-step
 
Building file: ../src/main.c
Invoking: ARM v7 gcc compiler
arm-none-eabi-gcc -Wall -O0 -g3 -c -fmessage-length=0 -MT"src/main.o" -mcpu=cortex-a9 -mfpu=vfpv3 -mfloat-abi=hard -I../../cpu_prof_bsp/ps7_cortexa9_0/include -MMD -MP -MF"src/main.d" -MT"src/main.o" -o "src/main.o" "../src/main.c"
In file included from ../src/main.c:8:
../../cpu_prof_bsp/ps7_cortexa9_0/include/xtime_l.h:87:9: note: #pragma message: For the sleep routines, Global timer is being used
 #pragma message ("For the sleep routines, Global timer is being used")
         ^~~~~~~
Finished building: ../src/main.c
 
Building target: cpu_prof.elf
Invoking: ARM v7 gcc linker
arm-none-eabi-gcc -mcpu=cortex-a9 -mfpu=vfpv3 -mfloat-abi=hard -Wl,-build-id=none -specs=Xilinx.spec -Wl,-T -Wl,../src/lscript.ld -L../../cpu_prof_bsp/ps7_cortexa9_0/lib -o "cpu_prof.elf" ./src/fonctions_ES.o ./src/main.o ./src/platform.o ./src/timers_b.o ./src/wei.o   -lm -Wl,--start-group,-lxil,-lgcc,-lc,--end-group
Finished building target: cpu_prof.elf
 
Invoking: ARM v7 Print Size
arm-none-eabi-size cpu_prof.elf  |tee "cpu_prof.elf.size"
   text	   data	    bss	    dec	    hex	filename
  69832	 538848	  23328	 632008	  9a4c8	cpu_prof.elf
Finished building: cpu_prof.elf.size
 
18:48:20 **** Incremental Build of configuration Debug for project cpu_prof ****
make pre-build main-build 
a9-linaro-pre-build-step
 
make: Nothing to be done for 'main-build'.
18:48:55 **** Auto Build of configuration Debug for project cpu_prof ****
make pre-build main-build 
a9-linaro-pre-build-step
 
Building file: ../src/main.c
Invoking: ARM v7 gcc compiler
arm-none-eabi-gcc -Wall -O0 -g3 -c -fmessage-length=0 -MT"src/main.o" -mcpu=cortex-a9 -mfpu=vfpv3 -mfloat-abi=hard -I../../cpu_prof_bsp/ps7_cortexa9_0/include -MMD -MP -MF"src/main.d" -MT"src/main.o" -o "src/main.o" "../src/main.c"
In file included from ../src/main.c:8:
../../cpu_prof_bsp/ps7_cortexa9_0/include/xtime_l.h:87:9: note: #pragma message: For the sleep routines, Global timer is being used
 #pragma message ("For the sleep routines, Global timer is being used")
         ^~~~~~~
Finished building: ../src/main.c
 
Building target: cpu_prof.elf
Invoking: ARM v7 gcc linker
arm-none-eabi-gcc -mcpu=cortex-a9 -mfpu=vfpv3 -mfloat-abi=hard -Wl,-build-id=none -specs=Xilinx.spec -Wl,-T -Wl,../src/lscript.ld -L../../cpu_prof_bsp/ps7_cortexa9_0/lib -o "cpu_prof.elf" ./src/fonctions_ES.o ./src/main.o ./src/platform.o ./src/timers_b.o ./src/wei.o   -lm -Wl,--start-group,-lxil,-lgcc,-lc,--end-group
Finished building target: cpu_prof.elf
 
Invoking: ARM v7 Print Size
arm-none-eabi-size cpu_prof.elf  |tee "cpu_prof.elf.size"
   text	   data	    bss	    dec	    hex	filename
  69832	 538848	  23328	 632008	  9a4c8	cpu_prof.elf
Finished building: cpu_prof.elf.size
 
18:49:00 **** Incremental Build of configuration Debug for project cpu_prof ****
make pre-build main-build 
a9-linaro-pre-build-step
 
make: Nothing to be done for 'main-build'.
18:49:57 **** Incremental Build of configuration Debug for project cpu_prof ****
make pre-build main-build 
a9-linaro-pre-build-step
 
make: Nothing to be done for 'main-build'.
18:50:55 **** Auto Build of configuration Debug for project cpu_prof ****
make pre-build main-build 
a9-linaro-pre-build-step
 
Building file: ../src/main.c
Invoking: ARM v7 gcc compiler
arm-none-eabi-gcc -Wall -O0 -g3 -c -fmessage-length=0 -MT"src/main.o" -mcpu=cortex-a9 -mfpu=vfpv3 -mfloat-abi=hard -I../../cpu_prof_bsp/ps7_cortexa9_0/include -MMD -MP -MF"src/main.d" -MT"src/main.o" -o "src/main.o" "../src/main.c"
In file included from ../src/main.c:8:
../../cpu_prof_bsp/ps7_cortexa9_0/include/xtime_l.h:87:9: note: #pragma message: For the sleep routines, Global timer is being used
 #pragma message ("For the sleep routines, Global timer is being used")
         ^~~~~~~
Finished building: ../src/main.c
 
Building target: cpu_prof.elf
Invoking: ARM v7 gcc linker
arm-none-eabi-gcc -mcpu=cortex-a9 -mfpu=vfpv3 -mfloat-abi=hard -Wl,-build-id=none -specs=Xilinx.spec -Wl,-T -Wl,../src/lscript.ld -L../../cpu_prof_bsp/ps7_cortexa9_0/lib -o "cpu_prof.elf" ./src/fonctions_ES.o ./src/main.o ./src/platform.o ./src/timers_b.o ./src/wei.o   -lm -Wl,--start-group,-lxil,-lgcc,-lc,--end-group
Finished building target: cpu_prof.elf
 
Invoking: ARM v7 Print Size
arm-none-eabi-size cpu_prof.elf  |tee "cpu_prof.elf.size"
   text	   data	    bss	    dec	    hex	filename
  69832	 538848	  23328	 632008	  9a4c8	cpu_prof.elf
Finished building: cpu_prof.elf.size
 
18:51:01 **** Incremental Build of configuration Debug for project cpu_prof ****
make pre-build main-build 
a9-linaro-pre-build-step
 
make: Nothing to be done for 'main-build'.
18:51:16 **** Incremental Build of configuration Debug for project cpu_prof ****
make pre-build main-build 
a9-linaro-pre-build-step
 
make: Nothing to be done for 'main-build'.
18:52:16 **** Auto Build of configuration Debug for project cpu_prof ****
make pre-build main-build 
a9-linaro-pre-build-step
 
Building file: ../src/main.c
Invoking: ARM v7 gcc compiler
arm-none-eabi-gcc -Wall -O0 -g3 -c -fmessage-length=0 -MT"src/main.o" -mcpu=cortex-a9 -mfpu=vfpv3 -mfloat-abi=hard -I../../cpu_prof_bsp/ps7_cortexa9_0/include -MMD -MP -MF"src/main.d" -MT"src/main.o" -o "src/main.o" "../src/main.c"
In file included from ../src/main.c:8:
../../cpu_prof_bsp/ps7_cortexa9_0/include/xtime_l.h:87:9: note: #pragma message: For the sleep routines, Global timer is being used
 #pragma message ("For the sleep routines, Global timer is being used")
         ^~~~~~~
Finished building: ../src/main.c
 
Building target: cpu_prof.elf
Invoking: ARM v7 gcc linker
arm-none-eabi-gcc -mcpu=cortex-a9 -mfpu=vfpv3 -mfloat-abi=hard -Wl,-build-id=none -specs=Xilinx.spec -Wl,-T -Wl,../src/lscript.ld -L../../cpu_prof_bsp/ps7_cortexa9_0/lib -o "cpu_prof.elf" ./src/fonctions_ES.o ./src/main.o ./src/platform.o ./src/timers_b.o ./src/wei.o   -lm -Wl,--start-group,-lxil,-lgcc,-lc,--end-group
Finished building target: cpu_prof.elf
 
Invoking: ARM v7 Print Size
arm-none-eabi-size cpu_prof.elf  |tee "cpu_prof.elf.size"
   text	   data	    bss	    dec	    hex	filename
  69832	 538848	  23328	 632008	  9a4c8	cpu_prof.elf
Finished building: cpu_prof.elf.size
 
18:52:50 **** Auto Build of configuration Debug for project cpu_prof ****
make pre-build main-build 
a9-linaro-pre-build-step
 
Building file: ../src/main.c
Invoking: ARM v7 gcc compiler
arm-none-eabi-gcc -Wall -O0 -g3 -c -fmessage-length=0 -MT"src/main.o" -mcpu=cortex-a9 -mfpu=vfpv3 -mfloat-abi=hard -I../../cpu_prof_bsp/ps7_cortexa9_0/include -MMD -MP -MF"src/main.d" -MT"src/main.o" -o "src/main.o" "../src/main.c"
In file included from ../src/main.c:8:
../../cpu_prof_bsp/ps7_cortexa9_0/include/xtime_l.h:87:9: note: #pragma message: For the sleep routines, Global timer is being used
 #pragma message ("For the sleep routines, Global timer is being used")
         ^~~~~~~
../src/main.c: In function 'main':
../src/main.c:216:2: warning: implicit declaration of function 'sleep' [-Wimplicit-function-declaration]
  sleep(5);
  ^~~~~
Finished building: ../src/main.c
 
Building target: cpu_prof.elf
Invoking: ARM v7 gcc linker
arm-none-eabi-gcc -mcpu=cortex-a9 -mfpu=vfpv3 -mfloat-abi=hard -Wl,-build-id=none -specs=Xilinx.spec -Wl,-T -Wl,../src/lscript.ld -L../../cpu_prof_bsp/ps7_cortexa9_0/lib -o "cpu_prof.elf" ./src/fonctions_ES.o ./src/main.o ./src/platform.o ./src/timers_b.o ./src/wei.o   -lm -Wl,--start-group,-lxil,-lgcc,-lc,--end-group
Finished building target: cpu_prof.elf
 
Invoking: ARM v7 Print Size
arm-none-eabi-size cpu_prof.elf  |tee "cpu_prof.elf.size"
   text	   data	    bss	    dec	    hex	filename
  70024	 538848	  23328	 632200	  9a588	cpu_prof.elf
Finished building: cpu_prof.elf.size
 
18:53:49 **** Auto Build of configuration Debug for project cpu_prof ****
make pre-build main-build 
a9-linaro-pre-build-step
 
Building file: ../src/main.c
Invoking: ARM v7 gcc compiler
arm-none-eabi-gcc -Wall -O0 -g3 -c -fmessage-length=0 -MT"src/main.o" -mcpu=cortex-a9 -mfpu=vfpv3 -mfloat-abi=hard -I../../cpu_prof_bsp/ps7_cortexa9_0/include -MMD -MP -MF"src/main.d" -MT"src/main.o" -o "src/main.o" "../src/main.c"
In file included from ../src/main.c:8:
../../cpu_prof_bsp/ps7_cortexa9_0/include/xtime_l.h:87:9: note: #pragma message: For the sleep routines, Global timer is being used
 #pragma message ("For the sleep routines, Global timer is being used")
         ^~~~~~~
Finished building: ../src/main.c
 
Building target: cpu_prof.elf
Invoking: ARM v7 gcc linker
arm-none-eabi-gcc -mcpu=cortex-a9 -mfpu=vfpv3 -mfloat-abi=hard -Wl,-build-id=none -specs=Xilinx.spec -Wl,-T -Wl,../src/lscript.ld -L../../cpu_prof_bsp/ps7_cortexa9_0/lib -o "cpu_prof.elf" ./src/fonctions_ES.o ./src/main.o ./src/platform.o ./src/timers_b.o ./src/wei.o   -lm -Wl,--start-group,-lxil,-lgcc,-lc,--end-group
Finished building target: cpu_prof.elf
 
Invoking: ARM v7 Print Size
arm-none-eabi-size cpu_prof.elf  |tee "cpu_prof.elf.size"
   text	   data	    bss	    dec	    hex	filename
  70024	 538848	  23328	 632200	  9a588	cpu_prof.elf
Finished building: cpu_prof.elf.size
 
18:54:04 **** Incremental Build of configuration Debug for project cpu_prof ****
make pre-build main-build 
a9-linaro-pre-build-step
 
make: Nothing to be done for 'main-build'.
18:54:17 **** Incremental Build of configuration Debug for project cpu_prof ****
make pre-build main-build 
a9-linaro-pre-build-step
 
make: Nothing to be done for 'main-build'.
18:54:36 **** Incremental Build of configuration Debug for project cpu_prof ****
make pre-build main-build 
a9-linaro-pre-build-step
 
make: Nothing to be done for 'main-build'.
18:55:53 **** Auto Build of configuration Debug for project cpu_prof ****
make pre-build main-build 
a9-linaro-pre-build-step
 
Building file: ../src/main.c
Invoking: ARM v7 gcc compiler
arm-none-eabi-gcc -Wall -O0 -g3 -c -fmessage-length=0 -MT"src/main.o" -mcpu=cortex-a9 -mfpu=vfpv3 -mfloat-abi=hard -I../../cpu_prof_bsp/ps7_cortexa9_0/include -MMD -MP -MF"src/main.d" -MT"src/main.o" -o "src/main.o" "../src/main.c"
In file included from ../src/main.c:8:
../../cpu_prof_bsp/ps7_cortexa9_0/include/xtime_l.h:87:9: note: #pragma message: For the sleep routines, Global timer is being used
 #pragma message ("For the sleep routines, Global timer is being used")
         ^~~~~~~
Finished building: ../src/main.c
 
Building target: cpu_prof.elf
Invoking: ARM v7 gcc linker
arm-none-eabi-gcc -mcpu=cortex-a9 -mfpu=vfpv3 -mfloat-abi=hard -Wl,-build-id=none -specs=Xilinx.spec -Wl,-T -Wl,../src/lscript.ld -L../../cpu_prof_bsp/ps7_cortexa9_0/lib -o "cpu_prof.elf" ./src/fonctions_ES.o ./src/main.o ./src/platform.o ./src/timers_b.o ./src/wei.o   -lm -Wl,--start-group,-lxil,-lgcc,-lc,--end-group
Finished building target: cpu_prof.elf
 
Invoking: ARM v7 Print Size
arm-none-eabi-size cpu_prof.elf  |tee "cpu_prof.elf.size"
   text	   data	    bss	    dec	    hex	filename
  70088	 538848	  23328	 632264	  9a5c8	cpu_prof.elf
Finished building: cpu_prof.elf.size
 
18:56:31 **** Auto Build of configuration Debug for project cpu_prof ****
make pre-build main-build 
a9-linaro-pre-build-step
 
Building file: ../src/main.c
Invoking: ARM v7 gcc compiler
arm-none-eabi-gcc -Wall -O0 -g3 -c -fmessage-length=0 -MT"src/main.o" -mcpu=cortex-a9 -mfpu=vfpv3 -mfloat-abi=hard -I../../cpu_prof_bsp/ps7_cortexa9_0/include -MMD -MP -MF"src/main.d" -MT"src/main.o" -o "src/main.o" "../src/main.c"
In file included from ../src/main.c:8:
../../cpu_prof_bsp/ps7_cortexa9_0/include/xtime_l.h:87:9: note: #pragma message: For the sleep routines, Global timer is being used
 #pragma message ("For the sleep routines, Global timer is being used")
         ^~~~~~~
../src/main.c: In function 'main':
../src/main.c:43:6: error: 'i' undeclared (first use in this function)
  for(i=0;i<DELAY;i++);
      ^
../src/main.c:43:6: note: each undeclared identifier is reported only once for each function it appears in
make: *** [src/subdir.mk:35: src/main.o] Error 1
18:56:39 **** Auto Build of configuration Debug for project cpu_prof ****
make pre-build main-build 
a9-linaro-pre-build-step
 
Building file: ../src/main.c
Invoking: ARM v7 gcc compiler
arm-none-eabi-gcc -Wall -O0 -g3 -c -fmessage-length=0 -MT"src/main.o" -mcpu=cortex-a9 -mfpu=vfpv3 -mfloat-abi=hard -I../../cpu_prof_bsp/ps7_cortexa9_0/include -MMD -MP -MF"src/main.d" -MT"src/main.o" -o "src/main.o" "../src/main.c"
In file included from ../src/main.c:8:
../../cpu_prof_bsp/ps7_cortexa9_0/include/xtime_l.h:87:9: note: #pragma message: For the sleep routines, Global timer is being used
 #pragma message ("For the sleep routines, Global timer is being used")
         ^~~~~~~
Finished building: ../src/main.c
 
Building target: cpu_prof.elf
Invoking: ARM v7 gcc linker
arm-none-eabi-gcc -mcpu=cortex-a9 -mfpu=vfpv3 -mfloat-abi=hard -Wl,-build-id=none -specs=Xilinx.spec -Wl,-T -Wl,../src/lscript.ld -L../../cpu_prof_bsp/ps7_cortexa9_0/lib -o "cpu_prof.elf" ./src/fonctions_ES.o ./src/main.o ./src/platform.o ./src/timers_b.o ./src/wei.o   -lm -Wl,--start-group,-lxil,-lgcc,-lc,--end-group
Finished building target: cpu_prof.elf
 
Invoking: ARM v7 Print Size
arm-none-eabi-size cpu_prof.elf  |tee "cpu_prof.elf.size"
   text	   data	    bss	    dec	    hex	filename
  70024	 538848	  23328	 632200	  9a588	cpu_prof.elf
Finished building: cpu_prof.elf.size
 
18:56:47 **** Incremental Build of configuration Debug for project cpu_prof ****
make pre-build main-build 
a9-linaro-pre-build-step
 
make: Nothing to be done for 'main-build'.
18:57:08 **** Incremental Build of configuration Debug for project cpu_prof ****
make pre-build main-build 
a9-linaro-pre-build-step
 
make: Nothing to be done for 'main-build'.
